Archive member included to satisfy reference by file (symbol)

/home/arne/st/stm32cubeide_1.5.1/plugins/com.st.stm32cube.ide.mcu.externaltools.gnu-tools-for-stm32.7-2018-q2-update.linux64_1.5.0.202011040924/tools/bin/../lib/gcc/arm-none-eabi/7.3.1/../../../../arm-none-eabi/lib/thumb/v7e-m/fpv4-sp/hard/libc_nano.a(lib_a-errno.o)
                              Core/Src/syscalls.o (__errno)
/home/arne/st/stm32cubeide_1.5.1/plugins/com.st.stm32cube.ide.mcu.externaltools.gnu-tools-for-stm32.7-2018-q2-update.linux64_1.5.0.202011040924/tools/bin/../lib/gcc/arm-none-eabi/7.3.1/../../../../arm-none-eabi/lib/thumb/v7e-m/fpv4-sp/hard/libc_nano.a(lib_a-exit.o)
                              /home/arne/st/stm32cubeide_1.5.1/plugins/com.st.stm32cube.ide.mcu.externaltools.gnu-tools-for-stm32.7-2018-q2-update.linux64_1.5.0.202011040924/tools/bin/../lib/gcc/arm-none-eabi/7.3.1/../../../../arm-none-eabi/lib/thumb/v7e-m/fpv4-sp/hard/crt0.o (exit)
/home/arne/st/stm32cubeide_1.5.1/plugins/com.st.stm32cube.ide.mcu.externaltools.gnu-tools-for-stm32.7-2018-q2-update.linux64_1.5.0.202011040924/tools/bin/../lib/gcc/arm-none-eabi/7.3.1/../../../../arm-none-eabi/lib/thumb/v7e-m/fpv4-sp/hard/libc_nano.a(lib_a-impure.o)
                              /home/arne/st/stm32cubeide_1.5.1/plugins/com.st.stm32cube.ide.mcu.externaltools.gnu-tools-for-stm32.7-2018-q2-update.linux64_1.5.0.202011040924/tools/bin/../lib/gcc/arm-none-eabi/7.3.1/../../../../arm-none-eabi/lib/thumb/v7e-m/fpv4-sp/hard/libc_nano.a(lib_a-exit.o) (_global_impure_ptr)
/home/arne/st/stm32cubeide_1.5.1/plugins/com.st.stm32cube.ide.mcu.externaltools.gnu-tools-for-stm32.7-2018-q2-update.linux64_1.5.0.202011040924/tools/bin/../lib/gcc/arm-none-eabi/7.3.1/../../../../arm-none-eabi/lib/thumb/v7e-m/fpv4-sp/hard/libc_nano.a(lib_a-init.o)
                              /home/arne/st/stm32cubeide_1.5.1/plugins/com.st.stm32cube.ide.mcu.externaltools.gnu-tools-for-stm32.7-2018-q2-update.linux64_1.5.0.202011040924/tools/bin/../lib/gcc/arm-none-eabi/7.3.1/../../../../arm-none-eabi/lib/thumb/v7e-m/fpv4-sp/hard/crt0.o (__libc_init_array)
/home/arne/st/stm32cubeide_1.5.1/plugins/com.st.stm32cube.ide.mcu.externaltools.gnu-tools-for-stm32.7-2018-q2-update.linux64_1.5.0.202011040924/tools/bin/../lib/gcc/arm-none-eabi/7.3.1/../../../../arm-none-eabi/lib/thumb/v7e-m/fpv4-sp/hard/libc_nano.a(lib_a-memcpy-stub.o)
                              Middlewares/Third_Party/FreeRTOS/Source/CMSIS_RTOS_V2/cmsis_os2.o (memcpy)
/home/arne/st/stm32cubeide_1.5.1/plugins/com.st.stm32cube.ide.mcu.externaltools.gnu-tools-for-stm32.7-2018-q2-update.linux64_1.5.0.202011040924/tools/bin/../lib/gcc/arm-none-eabi/7.3.1/../../../../arm-none-eabi/lib/thumb/v7e-m/fpv4-sp/hard/libc_nano.a(lib_a-memset.o)
                              /home/arne/st/stm32cubeide_1.5.1/plugins/com.st.stm32cube.ide.mcu.externaltools.gnu-tools-for-stm32.7-2018-q2-update.linux64_1.5.0.202011040924/tools/bin/../lib/gcc/arm-none-eabi/7.3.1/../../../../arm-none-eabi/lib/thumb/v7e-m/fpv4-sp/hard/crt0.o (memset)
/home/arne/st/stm32cubeide_1.5.1/plugins/com.st.stm32cube.ide.mcu.externaltools.gnu-tools-for-stm32.7-2018-q2-update.linux64_1.5.0.202011040924/tools/bin/../lib/gcc/arm-none-eabi/7.3.1/thumb/v7e-m/fpv4-sp/hard/libgcc.a(_aeabi_uldivmod.o)
                              Drivers/STM32G4xx_HAL_Driver/Src/stm32g4xx_hal_uart.o (__aeabi_uldivmod)
/home/arne/st/stm32cubeide_1.5.1/plugins/com.st.stm32cube.ide.mcu.externaltools.gnu-tools-for-stm32.7-2018-q2-update.linux64_1.5.0.202011040924/tools/bin/../lib/gcc/arm-none-eabi/7.3.1/thumb/v7e-m/fpv4-sp/hard/libgcc.a(_udivmoddi4.o)
                              /home/arne/st/stm32cubeide_1.5.1/plugins/com.st.stm32cube.ide.mcu.externaltools.gnu-tools-for-stm32.7-2018-q2-update.linux64_1.5.0.202011040924/tools/bin/../lib/gcc/arm-none-eabi/7.3.1/thumb/v7e-m/fpv4-sp/hard/libgcc.a(_aeabi_uldivmod.o) (__udivmoddi4)
/home/arne/st/stm32cubeide_1.5.1/plugins/com.st.stm32cube.ide.mcu.externaltools.gnu-tools-for-stm32.7-2018-q2-update.linux64_1.5.0.202011040924/tools/bin/../lib/gcc/arm-none-eabi/7.3.1/thumb/v7e-m/fpv4-sp/hard/libgcc.a(_dvmd_tls.o)
                              /home/arne/st/stm32cubeide_1.5.1/plugins/com.st.stm32cube.ide.mcu.externaltools.gnu-tools-for-stm32.7-2018-q2-update.linux64_1.5.0.202011040924/tools/bin/../lib/gcc/arm-none-eabi/7.3.1/thumb/v7e-m/fpv4-sp/hard/libgcc.a(_aeabi_uldivmod.o) (__aeabi_ldiv0)

Allocating common symbols
Common symbol       size              file

mainTaskHandle      0x4               Core/Src/main.o
InterfaceTaskHandle
                    0x4               Core/Src/main.o
uwTick              0x4               Drivers/STM32G4xx_HAL_Driver/Src/stm32g4xx_hal.o
xQueueRegistry      0x40              Middlewares/Third_Party/FreeRTOS/Source/queue.o
button              0x1               Core/Src/interface.o
hadc1               0x6c              Core/Src/main.o
value_adc           0x4               Core/Src/interface.o
htim6               0x4c              Core/Src/main.o
[...]
Memory Configuration

Name             Origin             Length             Attributes
RAM              0x0000000020000000 0x0000000000008000 xrw
FLASH            0x0000000008000000 0x0000000000020000 xr
*default*        0x0000000000000000 0xffffffffffffffff

Linker script and memory map

LOAD /home/arne/st/stm32cubeide_1.5.1/plugins/com.st.stm32cube.ide.mcu.externaltools.gnu-tools-for-stm32.7-2018-q2-update.linux64_1.5.0.202011040924/tools/bin/../lib/gcc/arm-none-eabi/7.3.1/thumb/v7e-m/fpv4-sp/hard/crti.o
LOAD /home/arne/st/stm32cubeide_1.5.1/plugins/com.st.stm32cube.ide.mcu.externaltools.gnu-tools-for-stm32.7-2018-q2-update.linux64_1.5.0.202011040924/tools/bin/../lib/gcc/arm-none-eabi/7.3.1/thumb/v7e-m/fpv4-sp/hard/crtbegin.o
LOAD /home/arne/st/stm32cubeide_1.5.1/plugins/com.st.stm32cube.ide.mcu.externaltools.gnu-tools-for-stm32.7-2018-q2-update.linux64_1.5.0.202011040924/tools/bin/../lib/gcc/arm-none-eabi/7.3.1/../../../../arm-none-eabi/lib/thumb/v7e-m/fpv4-sp/hard/crt0.o
LOAD Core/Src/LCD1602.o
LOAD Core/Src/app_freertos.o
LOAD Core/Src/appmain.o
LOAD Core/Src/interface.o
LOAD Core/Src/interface_screens.o
LOAD Core/Src/main.o
LOAD Core/Src/stm32g4xx_hal_msp.o
LOAD Core/Src/stm32g4xx_it.o
LOAD Core/Src/syscalls.o
LOAD Core/Src/sysmem.o
LOAD Core/Src/system_stm32g4xx.o
LOAD Core/Startup/startup_stm32g431kbtx.o
LOAD Drivers/STM32G4xx_HAL_Driver/Src/stm32g4xx_hal.o
LOAD Drivers/STM32G4xx_HAL_Driver/Src/stm32g4xx_hal_adc.o
LOAD Drivers/STM32G4xx_HAL_Driver/Src/stm32g4xx_hal_adc_ex.o
LOAD Drivers/STM32G4xx_HAL_Driver/Src/stm32g4xx_hal_cortex.o
LOAD Drivers/STM32G4xx_HAL_Driver/Src/stm32g4xx_hal_dma.o
LOAD Drivers/STM32G4xx_HAL_Driver/Src/stm32g4xx_hal_dma_ex.o
LOAD Drivers/STM32G4xx_HAL_Driver/Src/stm32g4xx_hal_exti.o
LOAD Drivers/STM32G4xx_HAL_Driver/Src/stm32g4xx_hal_flash.o
LOAD Drivers/STM32G4xx_HAL_Driver/Src/stm32g4xx_hal_flash_ex.o
LOAD Drivers/STM32G4xx_HAL_Driver/Src/stm32g4xx_hal_flash_ramfunc.o
LOAD Drivers/STM32G4xx_HAL_Driver/Src/stm32g4xx_hal_gpio.o
LOAD Drivers/STM32G4xx_HAL_Driver/Src/stm32g4xx_hal_pwr.o
LOAD Drivers/STM32G4xx_HAL_Driver/Src/stm32g4xx_hal_pwr_ex.o
LOAD Drivers/STM32G4xx_HAL_Driver/Src/stm32g4xx_hal_rcc.o
LOAD Drivers/STM32G4xx_HAL_Driver/Src/stm32g4xx_hal_rcc_ex.o
LOAD Drivers/STM32G4xx_HAL_Driver/Src/stm32g4xx_hal_tim.o
LOAD Drivers/STM32G4xx_HAL_Driver/Src/stm32g4xx_hal_tim_ex.o
LOAD Drivers/STM32G4xx_HAL_Driver/Src/stm32g4xx_hal_uart.o
LOAD Drivers/STM32G4xx_HAL_Driver/Src/stm32g4xx_hal_uart_ex.o
LOAD Drivers/STM32G4xx_HAL_Driver/Src/stm32g4xx_ll_adc.o
LOAD Middlewares/Third_Party/FreeRTOS/Source/CMSIS_RTOS_V2/cmsis_os2.o
LOAD Middlewares/Third_Party/FreeRTOS/Source/croutine.o
LOAD Middlewares/Third_Party/FreeRTOS/Source/event_groups.o
LOAD Middlewares/Third_Party/FreeRTOS/Source/list.o
LOAD Middlewares/Third_Party/FreeRTOS/Source/queue.o
LOAD Middlewares/Third_Party/FreeRTOS/Source/stream_buffer.o
LOAD Middlewares/Third_Party/FreeRTOS/Source/tasks.o
LOAD Middlewares/Third_Party/FreeRTOS/Source/timers.o
LOAD Middlewares/Third_Party/FreeRTOS/Source/portable/GCC/ARM_CM4F/port.o
LOAD Middlewares/Third_Party/FreeRTOS/Source/portable/MemMang/heap_4.o
START GROUP
LOAD /home/arne/st/stm32cubeide_1.5.1/plugins/com.st.stm32cube.ide.mcu.externaltools.gnu-tools-for-stm32.7-2018-q2-update.linux64_1.5.0.202011040924/tools/bin/../lib/gcc/arm-none-eabi/7.3.1/../../../../arm-none-eabi/lib/thumb/v7e-m/fpv4-sp/hard/libc_nano.a
LOAD /home/arne/st/stm32cubeide_1.5.1/plugins/com.st.stm32cube.ide.mcu.externaltools.gnu-tools-for-stm32.7-2018-q2-update.linux64_1.5.0.202011040924/tools/bin/../lib/gcc/arm-none-eabi/7.3.1/../../../../arm-none-eabi/lib/thumb/v7e-m/fpv4-sp/hard/libm.a
END GROUP
START GROUP
LOAD /home/arne/st/stm32cubeide_1.5.1/plugins/com.st.stm32cube.ide.mcu.externaltools.gnu-tools-for-stm32.7-2018-q2-update.linux64_1.5.0.202011040924/tools/bin/../lib/gcc/arm-none-eabi/7.3.1/thumb/v7e-m/fpv4-sp/hard/libgcc.a
LOAD /home/arne/st/stm32cubeide_1.5.1/plugins/com.st.stm32cube.ide.mcu.externaltools.gnu-tools-for-stm32.7-2018-q2-update.linux64_1.5.0.202011040924/tools/bin/../lib/gcc/arm-none-eabi/7.3.1/../../../../arm-none-eabi/lib/thumb/v7e-m/fpv4-sp/hard/libc_nano.a
END GROUP
START GROUP
LOAD /home/arne/st/stm32cubeide_1.5.1/plugins/com.st.stm32cube.ide.mcu.externaltools.gnu-tools-for-stm32.7-2018-q2-update.linux64_1.5.0.202011040924/tools/bin/../lib/gcc/arm-none-eabi/7.3.1/thumb/v7e-m/fpv4-sp/hard/libgcc.a
LOAD /home/arne/st/stm32cubeide_1.5.1/plugins/com.st.stm32cube.ide.mcu.externaltools.gnu-tools-for-stm32.7-2018-q2-update.linux64_1.5.0.202011040924/tools/bin/../lib/gcc/arm-none-eabi/7.3.1/../../../../arm-none-eabi/lib/thumb/v7e-m/fpv4-sp/hard/libc_nano.a
LOAD /home/arne/st/stm32cubeide_1.5.1/plugins/com.st.stm32cube.ide.mcu.externaltools.gnu-tools-for-stm32.7-2018-q2-update.linux64_1.5.0.202011040924/tools/bin/../lib/gcc/arm-none-eabi/7.3.1/../../../../arm-none-eabi/lib/thumb/v7e-m/fpv4-sp/hard/libnosys.a
END GROUP
START GROUP
LOAD /home/arne/st/stm32cubeide_1.5.1/plugins/com.st.stm32cube.ide.mcu.externaltools.gnu-tools-for-stm32.7-2018-q2-update.linux64_1.5.0.202011040924/tools/bin/../lib/gcc/arm-none-eabi/7.3.1/thumb/v7e-m/fpv4-sp/hard/libgcc.a
LOAD /home/arne/st/stm32cubeide_1.5.1/plugins/com.st.stm32cube.ide.mcu.externaltools.gnu-tools-for-stm32.7-2018-q2-update.linux64_1.5.0.202011040924/tools/bin/../lib/gcc/arm-none-eabi/7.3.1/../../../../arm-none-eabi/lib/thumb/v7e-m/fpv4-sp/hard/libc_nano.a
LOAD /home/arne/st/stm32cubeide_1.5.1/plugins/com.st.stm32cube.ide.mcu.externaltools.gnu-tools-for-stm32.7-2018-q2-update.linux64_1.5.0.202011040924/tools/bin/../lib/gcc/arm-none-eabi/7.3.1/../../../../arm-none-eabi/lib/thumb/v7e-m/fpv4-sp/hard/libnosys.a
END GROUP
LOAD /home/arne/st/stm32cubeide_1.5.1/plugins/com.st.stm32cube.ide.mcu.externaltools.gnu-tools-for-stm32.7-2018-q2-update.linux64_1.5.0.202011040924/tools/bin/../lib/gcc/arm-none-eabi/7.3.1/thumb/v7e-m/fpv4-sp/hard/crtend.o
LOAD /home/arne/st/stm32cubeide_1.5.1/plugins/com.st.stm32cube.ide.mcu.externaltools.gnu-tools-for-stm32.7-2018-q2-update.linux64_1.5.0.202011040924/tools/bin/../lib/gcc/arm-none-eabi/7.3.1/thumb/v7e-m/fpv4-sp/hard/crtn.o
                0x0000000020008000                _estack = (ORIGIN (RAM) + LENGTH (RAM))
                0x0000000000000200                _Min_Heap_Size = 0x200
                0x0000000000000400                _Min_Stack_Size = 0x400

.isr_vector     0x0000000008000000      0x1d8
                0x0000000008000000                . = ALIGN (0x4)
 *(.isr_vector)
 .isr_vector    0x0000000008000000      0x1d8 Core/Startup/startup_stm32g431kbtx.o
                0x0000000008000000                g_pfnVectors
                0x00000000080001d8                . = ALIGN (0x4)

.text           0x00000000080001e0     0x7c94
                0x00000000080001e0                . = ALIGN (0x4)
 *(.text)
 .text          0x00000000080001e0       0x40 /home/arne/st/stm32cubeide_1.5.1/plugins/com.st.stm32cube.ide.mcu.externaltools.gnu-tools-for-stm32.7-2018-q2-update.linux64_1.5.0.202011040924/tools/bin/../lib/gcc/arm-none-eabi/7.3.1/thumb/v7e-m/fpv4-sp/hard/crtbegin.o
 .text          0x0000000008000220       0x30 /home/arne/st/stm32cubeide_1.5.1/plugins/com.st.stm32cube.ide.mcu.externaltools.gnu-tools-for-stm32.7-2018-q2-update.linux64_1.5.0.202011040924/tools/bin/../lib/gcc/arm-none-eabi/7.3.1/thumb/v7e-m/fpv4-sp/hard/libgcc.a(_aeabi_uldivmod.o)
                0x0000000008000220                __aeabi_uldivmod
 .text          0x0000000008000250      0x2cc /home/arne/st/stm32cubeide_1.5.1/plugins/com.st.stm32cube.ide.mcu.externaltools.gnu-tools-for-stm32.7-2018-q2-update.linux64_1.5.0.202011040924/tools/bin/../lib/gcc/arm-none-eabi/7.3.1/thumb/v7e-m/fpv4-sp/hard/libgcc.a(_udivmoddi4.o)
                0x0000000008000250                __udivmoddi4
 .text          0x000000000800051c        0x4 /home/arne/st/stm32cubeide_1.5.1/plugins/com.st.stm32cube.ide.mcu.externaltools.gnu-tools-for-stm32.7-2018-q2-update.linux64_1.5.0.202011040924/tools/bin/../lib/gcc/arm-none-eabi/7.3.1/thumb/v7e-m/fpv4-sp/hard/libgcc.a(_dvmd_tls.o)
                0x000000000800051c                __aeabi_ldiv0
                0x000000000800051c                __aeabi_idiv0
 *(.text*)
 .text.delay    0x0000000008000520       0x30 Core/Src/LCD1602.o
                0x0000000008000520                delay
 .text.send_to_lcd
                0x0000000008000550       0xa4 Core/Src/LCD1602.o
                0x0000000008000550                send_to_lcd
 .text.lcd_send_cmd
                0x00000000080005f4       0x34 Core/Src/LCD1602.o
                0x00000000080005f4                lcd_send_cmd
 .text.lcd_send_data
                0x0000000008000628       0x34 Core/Src/LCD1602.o
                0x0000000008000628                lcd_send_data
 .text.lcd_clear
                0x000000000800065c       0x14 Core/Src/LCD1602.o
                0x000000000800065c                lcd_clear
 .text.lcd_put_cur
                0x0000000008000670       0x3c Core/Src/LCD1602.o
                0x0000000008000670                lcd_put_cur
 .text.lcd_init
                0x00000000080006ac       0x7a Core/Src/LCD1602.o
                0x00000000080006ac                lcd_init
 .text.lcd_send_string
                0x0000000008000726       0x28 Core/Src/LCD1602.o
                0x0000000008000726                lcd_send_string
 .text.init_app
                0x000000000800074e        0xe Core/Src/appmain.o
                0x000000000800074e                init_app
 .text.tick_app
                0x000000000800075c       0x10 Core/Src/appmain.o
                0x000000000800075c                tick_app
 .text.init_interface
                0x000000000800076c        0xc Core/Src/interface.o
                0x000000000800076c                init_interface
 .text.tick_interface
                0x0000000008000778       0x2c Core/Src/interface.o
                0x0000000008000778                tick_interface
 .text.interrupt_interface
                0x00000000080007a4       0x58 Core/Src/interface.o
                0x00000000080007a4                interrupt_interface
 .text.interrupt_adc_interface
                0x00000000080007fc       0x30 Core/Src/interface.o
                0x00000000080007fc                interrupt_adc_interface
 .text.buttons_controller
                0x000000000800082c       0xa2 Core/Src/interface.o
                0x000000000800082c                buttons_controller
 .text.interface_update
                0x00000000080008ce       0x14 Core/Src/interface.o
                0x00000000080008ce                interface_update
 *fill*         0x00000000080008e2        0x2 
 .text.screen_update
                0x00000000080008e4       0x94 Core/Src/interface.o
                0x00000000080008e4                screen_update
 .text.buttons_update
                0x0000000008000978       0x20 Core/Src/interface.o
                0x0000000008000978                buttons_update
 .text.volume_update
                0x0000000008000998       0xa0 Core/Src/interface.o
                0x0000000008000998                volume_update
 .text.firstVolume
                0x0000000008000a38       0x1c Core/Src/interface_screens.o
                0x0000000008000a38                firstVolume
 .text.secondVolume
                0x0000000008000a54       0x54 Core/Src/interface_screens.o
                0x0000000008000a54                secondVolume
 .text.windowAtVolume
                0x0000000008000aa8       0x18 Core/Src/interface_screens.o
                0x0000000008000aa8                windowAtVolume
 .text.firstStart
                0x0000000008000ac0       0x1c Core/Src/interface_screens.o
                0x0000000008000ac0                firstStart
 .text.secondStart
                0x0000000008000adc       0x1c Core/Src/interface_screens.o
                0x0000000008000adc                secondStart
 .text.windowAtStart
                0x0000000008000af8       0x18 Core/Src/interface_screens.o
                0x0000000008000af8                windowAtStart
 .text.main     0x0000000008000b10       0x68 Core/Src/main.o
                0x0000000008000b10                main
 .text.SystemClock_Config
                0x0000000008000b78       0xd2 Core/Src/main.o
                0x0000000008000b78                SystemClock_Config
 *fill*         0x0000000008000c4a        0x2 
 .text.MX_ADC1_Init
                0x0000000008000c4c       0xf0 Core/Src/main.o
 .text.MX_TIM6_Init
                0x0000000008000d3c       0x6c Core/Src/main.o
 .text.MX_USART2_UART_Init
                0x0000000008000da8       0x98 Core/Src/main.o
 .text.MX_GPIO_Init
                0x0000000008000e40      0x118 Core/Src/main.o
 .text.HAL_GPIO_EXTI_Callback
                0x0000000008000f58       0x20 Core/Src/main.o
                0x0000000008000f58                HAL_GPIO_EXTI_Callback
 .text.HAL_ADC_ConvCpltCallback
                0x0000000008000f78       0x16 Core/Src/main.o
                0x0000000008000f78                HAL_ADC_ConvCpltCallback
 .text.StartMainTask
                0x0000000008000f8e       0x12 Core/Src/main.o
                0x0000000008000f8e                StartMainTask
 .text.StartInterfaceTask
                0x0000000008000fa0       0x24 Core/Src/main.o
                0x0000000008000fa0                StartInterfaceTask
 .text.Error_Handler
                0x0000000008000fc4        0x8 Core/Src/main.o
                0x0000000008000fc4                Error_Handler
 .text.HAL_MspInit
                0x0000000008000fcc       0x54 Core/Src/stm32g4xx_hal_msp.o
                0x0000000008000fcc                HAL_MspInit
 .text.HAL_ADC_MspInit
                0x0000000008001020       0x8c Core/Src/stm32g4xx_hal_msp.o
                0x0000000008001020                HAL_ADC_MspInit
 .text.HAL_TIM_Base_MspInit
                0x00000000080010ac       0x40 Core/Src/stm32g4xx_hal_msp.o
                0x00000000080010ac                HAL_TIM_Base_MspInit
 .text.HAL_UART_MspInit
                0x00000000080010ec       0x84 Core/Src/stm32g4xx_hal_msp.o
                0x00000000080010ec                HAL_UART_MspInit
 .text.NMI_Handler
                0x0000000008001170        0x6 Core/Src/stm32g4xx_it.o
                0x0000000008001170                NMI_Handler
 .text.HardFault_Handler
                0x0000000008001176        0x6 Core/Src/stm32g4xx_it.o
                0x0000000008001176                HardFault_Handler
 .text.MemManage_Handler
                0x000000000800117c        0x6 Core/Src/stm32g4xx_it.o
                0x000000000800117c                MemManage_Handler
 .text.BusFault_Handler
                0x0000000008001182        0x6 Core/Src/stm32g4xx_it.o
                0x0000000008001182                BusFault_Handler
 .text.UsageFault_Handler
                0x0000000008001188        0x6 Core/Src/stm32g4xx_it.o
                0x0000000008001188                UsageFault_Handler
 .text.DebugMon_Handler
                0x000000000800118e        0xe Core/Src/stm32g4xx_it.o
                0x000000000800118e                DebugMon_Handler
 .text.SysTick_Handler
                0x000000000800119c       0x1a Core/Src/stm32g4xx_it.o
                0x000000000800119c                SysTick_Handler
 *fill*         0x00000000080011b6        0x2 
 .text.ADC1_2_IRQHandler
                0x00000000080011b8       0x14 Core/Src/stm32g4xx_it.o
                0x00000000080011b8                ADC1_2_IRQHandler
 .text.EXTI9_5_IRQHandler
                0x00000000080011cc       0x18 Core/Src/stm32g4xx_it.o
                0x00000000080011cc                EXTI9_5_IRQHandler
 .text.SystemInit
                0x00000000080011e4       0x2c Core/Src/system_stm32g4xx.o
                0x00000000080011e4                SystemInit
 .text.Reset_Handler
                0x0000000008001210       0x50 Core/Startup/startup_stm32g431kbtx.o
                0x0000000008001210                Reset_Handler
 .text.Default_Handler
                0x0000000008001260        0x2 Core/Startup/startup_stm32g431kbtx.o
                0x0000000008001260                RTC_Alarm_IRQHandler
                0x0000000008001260                EXTI2_IRQHandler
                0x0000000008001260                TIM8_TRG_COM_IRQHandler
                0x0000000008001260                TIM8_CC_IRQHandler
                0x0000000008001260                TIM1_CC_IRQHandler
                0x0000000008001260                USB_HP_IRQHandler
                0x0000000008001260                CORDIC_IRQHandler
                0x0000000008001260                EXTI3_IRQHandler
                0x0000000008001260                I2C3_ER_IRQHandler
                0x0000000008001260                EXTI0_IRQHandler
                0x0000000008001260                I2C2_EV_IRQHandler
                0x0000000008001260                FPU_IRQHandler
                0x0000000008001260                FDCAN1_IT1_IRQHandler
                0x0000000008001260                TIM1_UP_TIM16_IRQHandler
                0x0000000008001260                SPI1_IRQHandler
                0x0000000008001260                TIM6_DAC_IRQHandler
                0x0000000008001260                TIM8_UP_IRQHandler
                0x0000000008001260                DMA2_Channel2_IRQHandler
                0x0000000008001260                DMA1_Channel4_IRQHandler
                0x0000000008001260                USART3_IRQHandler
                0x0000000008001260                TIM4_IRQHandler
                0x0000000008001260                DMA2_Channel1_IRQHandler
                0x0000000008001260                I2C1_EV_IRQHandler
                0x0000000008001260                DMA1_Channel6_IRQHandler
                0x0000000008001260                UART4_IRQHandler
                0x0000000008001260                DMA2_Channel4_IRQHandler
                0x0000000008001260                TIM3_IRQHandler
                0x0000000008001260                RCC_IRQHandler
                0x0000000008001260                DMA1_Channel1_IRQHandler
                0x0000000008001260                Default_Handler
                0x0000000008001260                RTC_TAMP_LSECSS_IRQHandler
                0x0000000008001260                FMAC_IRQHandler
                0x0000000008001260                EXTI15_10_IRQHandler
                0x0000000008001260                TIM7_IRQHandler
                0x0000000008001260                UCPD1_IRQHandler
                0x0000000008001260                I2C3_EV_IRQHandler
                0x0000000008001260                RTC_WKUP_IRQHandler
                0x0000000008001260                PVD_PVM_IRQHandler
                0x0000000008001260                SPI2_IRQHandler
                0x0000000008001260                DMA2_Channel5_IRQHandler
                0x0000000008001260                CRS_IRQHandler
                0x0000000008001260                DMA1_Channel5_IRQHandler
                0x0000000008001260                USB_LP_IRQHandler
                0x0000000008001260                EXTI4_IRQHandler
                0x0000000008001260                RNG_IRQHandler
                0x0000000008001260                TIM1_TRG_COM_TIM17_IRQHandler
                0x0000000008001260                DMA1_Channel3_IRQHandler
                0x0000000008001260                WWDG_IRQHandler
                0x0000000008001260                LPUART1_IRQHandler
                0x0000000008001260                DMA2_Channel6_IRQHandler
                0x0000000008001260                FDCAN1_IT0_IRQHandler
                0x0000000008001260                TIM2_IRQHandler
                0x0000000008001260                COMP1_2_3_IRQHandler
                0x0000000008001260                EXTI1_IRQHandler
                0x0000000008001260                USART2_IRQHandler
                0x0000000008001260                I2C2_ER_IRQHandler
                0x0000000008001260                DMA1_Channel2_IRQHandler
                0x0000000008001260                TIM8_BRK_IRQHandler
                0x0000000008001260                FLASH_IRQHandler
                0x0000000008001260                USART1_IRQHandler
                0x0000000008001260                SPI3_IRQHandler
                0x0000000008001260                I2C1_ER_IRQHandler
                0x0000000008001260                LPTIM1_IRQHandler
                0x0000000008001260                DMAMUX_OVR_IRQHandler
                0x0000000008001260                USBWakeUp_IRQHandler
                0x0000000008001260                SAI1_IRQHandler
                0x0000000008001260                DMA2_Channel3_IRQHandler
                0x0000000008001260                COMP4_IRQHandler
                0x0000000008001260                TIM1_BRK_TIM15_IRQHandler
 .text.HAL_Init
                0x0000000008001262       0x30 Drivers/STM32G4xx_HAL_Driver/Src/stm32g4xx_hal.o
                0x0000000008001262                HAL_Init
 *fill*         0x0000000008001292        0x2 
 .text.HAL_InitTick
                0x0000000008001294       0x74 Drivers/STM32G4xx_HAL_Driver/Src/stm32g4xx_hal.o
                0x0000000008001294                HAL_InitTick
 .text.HAL_IncTick
                0x0000000008001308       0x24 Drivers/STM32G4xx_HAL_Driver/Src/stm32g4xx_hal.o
                0x0000000008001308                HAL_IncTick
 .text.HAL_GetTick
                0x000000000800132c       0x18 Drivers/STM32G4xx_HAL_Driver/Src/stm32g4xx_hal.o
                0x000000000800132c                HAL_GetTick
 .text.LL_ADC_SetCommonClock
                0x0000000008001344       0x26 Drivers/STM32G4xx_HAL_Driver/Src/stm32g4xx_hal_adc.o
 .text.LL_ADC_SetCommonPathInternalCh
                0x000000000800136a       0x26 Drivers/STM32G4xx_HAL_Driver/Src/stm32g4xx_hal_adc.o
 .text.LL_ADC_GetCommonPathInternalCh
                0x0000000008001390       0x1c Drivers/STM32G4xx_HAL_Driver/Src/stm32g4xx_hal_adc.o
 .text.LL_ADC_SetOffset
                0x00000000080013ac       0x48 Drivers/STM32G4xx_HAL_Driver/Src/stm32g4xx_hal_adc.o
 .text.LL_ADC_GetOffsetChannel
                0x00000000080013f4       0x2c Drivers/STM32G4xx_HAL_Driver/Src/stm32g4xx_hal_adc.o
 .text.LL_ADC_SetOffsetState
                0x0000000008001420       0x36 Drivers/STM32G4xx_HAL_Driver/Src/stm32g4xx_hal_adc.o
 .text.LL_ADC_SetOffsetSign
                0x0000000008001456       0x36 Drivers/STM32G4xx_HAL_Driver/Src/stm32g4xx_hal_adc.o
 .text.LL_ADC_SetOffsetSaturation
                0x000000000800148c       0x36 Drivers/STM32G4xx_HAL_Driver/Src/stm32g4xx_hal_adc.o
 .text.LL_ADC_SetSamplingTimeCommonConfig
                0x00000000080014c2       0x26 Drivers/STM32G4xx_HAL_Driver/Src/stm32g4xx_hal_adc.o
 .text.LL_ADC_REG_IsTriggerSourceSWStart
                0x00000000080014e8       0x26 Drivers/STM32G4xx_HAL_Driver/Src/stm32g4xx_hal_adc.o
 .text.LL_ADC_REG_SetSequencerRanks
                0x000000000800150e       0x58 Drivers/STM32G4xx_HAL_Driver/Src/stm32g4xx_hal_adc.o
 .text.LL_ADC_INJ_IsTriggerSourceSWStart
                0x0000000008001566       0x26 Drivers/STM32G4xx_HAL_Driver/Src/stm32g4xx_hal_adc.o
 .text.LL_ADC_SetChannelSamplingTime
                0x000000000800158c       0x56 Drivers/STM32G4xx_HAL_Driver/Src/stm32g4xx_hal_adc.o
 *fill*         0x00000000080015e2        0x2 
 .text.LL_ADC_SetChannelSingleDiff
                0x00000000080015e4       0x48 Drivers/STM32G4xx_HAL_Driver/Src/stm32g4xx_hal_adc.o
 .text.LL_ADC_GetMultimode
                0x000000000800162c       0x1c Drivers/STM32G4xx_HAL_Driver/Src/stm32g4xx_hal_adc.o
 .text.LL_ADC_GetMultiDMATransfer
                0x0000000008001648       0x1c Drivers/STM32G4xx_HAL_Driver/Src/stm32g4xx_hal_adc.o
 .text.LL_ADC_DisableDeepPowerDown
                0x0000000008001664       0x24 Drivers/STM32G4xx_HAL_Driver/Src/stm32g4xx_hal_adc.o
 .text.LL_ADC_IsDeepPowerDownEnabled
                0x0000000008001688       0x28 Drivers/STM32G4xx_HAL_Driver/Src/stm32g4xx_hal_adc.o
 .text.LL_ADC_EnableInternalRegulator
                0x00000000080016b0       0x28 Drivers/STM32G4xx_HAL_Driver/Src/stm32g4xx_hal_adc.o
 .text.LL_ADC_IsInternalRegulatorEnabled
                0x00000000080016d8       0x28 Drivers/STM32G4xx_HAL_Driver/Src/stm32g4xx_hal_adc.o
 .text.LL_ADC_Enable
                0x0000000008001700       0x28 Drivers/STM32G4xx_HAL_Driver/Src/stm32g4xx_hal_adc.o
 .text.LL_ADC_Disable
                0x0000000008001728       0x28 Drivers/STM32G4xx_HAL_Driver/Src/stm32g4xx_hal_adc.o
 .text.LL_ADC_IsEnabled
                0x0000000008001750       0x26 Drivers/STM32G4xx_HAL_Driver/Src/stm32g4xx_hal_adc.o
 .text.LL_ADC_IsDisableOngoing
                0x0000000008001776       0x26 Drivers/STM32G4xx_HAL_Driver/Src/stm32g4xx_hal_adc.o
 .text.LL_ADC_REG_StartConversion
                0x000000000800179c       0x28 Drivers/STM32G4xx_HAL_Driver/Src/stm32g4xx_hal_adc.o
 .text.LL_ADC_REG_StopConversion
                0x00000000080017c4       0x28 Drivers/STM32G4xx_HAL_Driver/Src/stm32g4xx_hal_adc.o
 .text.LL_ADC_REG_IsConversionOngoing
                0x00000000080017ec       0x26 Drivers/STM32G4xx_HAL_Driver/Src/stm32g4xx_hal_adc.o
 .text.LL_ADC_INJ_StopConversion
                0x0000000008001812       0x28 Drivers/STM32G4xx_HAL_Driver/Src/stm32g4xx_hal_adc.o
 .text.LL_ADC_INJ_IsConversionOngoing
                0x000000000800183a       0x26 Drivers/STM32G4xx_HAL_Driver/Src/stm32g4xx_hal_adc.o
 .text.HAL_ADC_Init
                0x0000000008001860      0x310 Drivers/STM32G4xx_HAL_Driver/Src/stm32g4xx_hal_adc.o
                0x0000000008001860                HAL_ADC_Init
 .text.HAL_ADC_Start_IT
                0x0000000008001b70      0x268 Drivers/STM32G4xx_HAL_Driver/Src/stm32g4xx_hal_adc.o
                0x0000000008001b70                HAL_ADC_Start_IT
 .text.HAL_ADC_Stop_IT
                0x0000000008001dd8       0x76 Drivers/STM32G4xx_HAL_Driver/Src/stm32g4xx_hal_adc.o
                0x0000000008001dd8                HAL_ADC_Stop_IT
 .text.HAL_ADC_GetValue
                0x0000000008001e4e       0x1a Drivers/STM32G4xx_HAL_Driver/Src/stm32g4xx_hal_adc.o
                0x0000000008001e4e                HAL_ADC_GetValue
 .text.HAL_ADC_IRQHandler
                0x0000000008001e68      0x434 Drivers/STM32G4xx_HAL_Driver/Src/stm32g4xx_hal_adc.o
                0x0000000008001e68                HAL_ADC_IRQHandler
 .text.HAL_ADC_LevelOutOfWindowCallback
                0x000000000800229c       0x14 Drivers/STM32G4xx_HAL_Driver/Src/stm32g4xx_hal_adc.o
                0x000000000800229c                HAL_ADC_LevelOutOfWindowCallback
 .text.HAL_ADC_ErrorCallback
                0x00000000080022b0       0x14 Drivers/STM32G4xx_HAL_Driver/Src/stm32g4xx_hal_adc.o
                0x00000000080022b0                HAL_ADC_ErrorCallback
 .text.HAL_ADC_ConfigChannel
                0x00000000080022c4      0x7e0 Drivers/STM32G4xx_HAL_Driver/Src/stm32g4xx_hal_adc.o
                0x00000000080022c4                HAL_ADC_ConfigChannel
 .text.ADC_ConversionStop
                0x0000000008002aa4      0x168 Drivers/STM32G4xx_HAL_Driver/Src/stm32g4xx_hal_adc.o
                0x0000000008002aa4                ADC_ConversionStop
 .text.ADC_Enable
                0x0000000008002c0c       0xb4 Drivers/STM32G4xx_HAL_Driver/Src/stm32g4xx_hal_adc.o
                0x0000000008002c0c                ADC_Enable
 .text.ADC_Disable
                0x0000000008002cc0       0xb0 Drivers/STM32G4xx_HAL_Driver/Src/stm32g4xx_hal_adc.o
                0x0000000008002cc0                ADC_Disable
 .text.LL_ADC_IsEnabled
                0x0000000008002d70       0x26 Drivers/STM32G4xx_HAL_Driver/Src/stm32g4xx_hal_adc_ex.o
 .text.LL_ADC_REG_IsConversionOngoing
                0x0000000008002d96       0x26 Drivers/STM32G4xx_HAL_Driver/Src/stm32g4xx_hal_adc_ex.o
 .text.HAL_ADCEx_InjectedConvCpltCallback
                0x0000000008002dbc       0x14 Drivers/STM32G4xx_HAL_Driver/Src/stm32g4xx_hal_adc_ex.o
                0x0000000008002dbc                HAL_ADCEx_InjectedConvCpltCallback
 .text.HAL_ADCEx_InjectedQueueOverflowCallback
                0x0000000008002dd0       0x14 Drivers/STM32G4xx_HAL_Driver/Src/stm32g4xx_hal_adc_ex.o
                0x0000000008002dd0                HAL_ADCEx_InjectedQueueOverflowCallback
 .text.HAL_ADCEx_LevelOutOfWindow2Callback
                0x0000000008002de4       0x14 Drivers/STM32G4xx_HAL_Driver/Src/stm32g4xx_hal_adc_ex.o
                0x0000000008002de4                HAL_ADCEx_LevelOutOfWindow2Callback
 .text.HAL_ADCEx_LevelOutOfWindow3Callback
                0x0000000008002df8       0x14 Drivers/STM32G4xx_HAL_Driver/Src/stm32g4xx_hal_adc_ex.o
                0x0000000008002df8                HAL_ADCEx_LevelOutOfWindow3Callback
 .text.HAL_ADCEx_EndOfSamplingCallback
                0x0000000008002e0c       0x14 Drivers/STM32G4xx_HAL_Driver/Src/stm32g4xx_hal_adc_ex.o
                0x0000000008002e0c                HAL_ADCEx_EndOfSamplingCallback
 .text.HAL_ADCEx_MultiModeConfigChannel
                0x0000000008002e20      0x140 Drivers/STM32G4xx_HAL_Driver/Src/stm32g4xx_hal_adc_ex.o
                0x0000000008002e20                HAL_ADCEx_MultiModeConfigChannel
 .text.__NVIC_SetPriorityGrouping
                0x0000000008002f60       0x48 Drivers/STM32G4xx_HAL_Driver/Src/stm32g4xx_hal_cortex.o
 .text.__NVIC_GetPriorityGrouping
                0x0000000008002fa8       0x1c Drivers/STM32G4xx_HAL_Driver/Src/stm32g4xx_hal_cortex.o
 .text.__NVIC_EnableIRQ
                0x0000000008002fc4       0x3c Drivers/STM32G4xx_HAL_Driver/Src/stm32g4xx_hal_cortex.o
 .text.__NVIC_SetPriority
                0x0000000008003000       0x54 Drivers/STM32G4xx_HAL_Driver/Src/stm32g4xx_hal_cortex.o
 .text.NVIC_EncodePriority
                0x0000000008003054       0x66 Drivers/STM32G4xx_HAL_Driver/Src/stm32g4xx_hal_cortex.o
 *fill*         0x00000000080030ba        0x2 
 .text.SysTick_Config
                0x00000000080030bc       0x44 Drivers/STM32G4xx_HAL_Driver/Src/stm32g4xx_hal_cortex.o
 .text.HAL_NVIC_SetPriorityGrouping
                0x0000000008003100       0x16 Drivers/STM32G4xx_HAL_Driver/Src/stm32g4xx_hal_cortex.o
                0x0000000008003100                HAL_NVIC_SetPriorityGrouping
 .text.HAL_NVIC_SetPriority
                0x0000000008003116       0x34 Drivers/STM32G4xx_HAL_Driver/Src/stm32g4xx_hal_cortex.o
                0x0000000008003116                HAL_NVIC_SetPriority
 .text.HAL_NVIC_EnableIRQ
                0x000000000800314a       0x1c Drivers/STM32G4xx_HAL_Driver/Src/stm32g4xx_hal_cortex.o
                0x000000000800314a                HAL_NVIC_EnableIRQ
 .text.HAL_SYSTICK_Config
                0x0000000008003166       0x18 Drivers/STM32G4xx_HAL_Driver/Src/stm32g4xx_hal_cortex.o
                0x0000000008003166                HAL_SYSTICK_Config
 *fill*         0x000000000800317e        0x2 
 .text.HAL_GPIO_Init
                0x0000000008003180      0x304 Drivers/STM32G4xx_HAL_Driver/Src/stm32g4xx_hal_gpio.o
                0x0000000008003180                HAL_GPIO_Init
 .text.HAL_GPIO_ReadPin
                0x0000000008003484       0x30 Drivers/STM32G4xx_HAL_Driver/Src/stm32g4xx_hal_gpio.o
                0x0000000008003484                HAL_GPIO_ReadPin
 .text.HAL_GPIO_WritePin
                0x00000000080034b4       0x30 Drivers/STM32G4xx_HAL_Driver/Src/stm32g4xx_hal_gpio.o
                0x00000000080034b4                HAL_GPIO_WritePin
 .text.HAL_GPIO_EXTI_IRQHandler
                0x00000000080034e4       0x30 Drivers/STM32G4xx_HAL_Driver/Src/stm32g4xx_hal_gpio.o
                0x00000000080034e4                HAL_GPIO_EXTI_IRQHandler
 .text.HAL_PWREx_ControlVoltageScaling
                0x0000000008003514      0x148 Drivers/STM32G4xx_HAL_Driver/Src/stm32g4xx_hal_pwr_ex.o
                0x0000000008003514                HAL_PWREx_ControlVoltageScaling
 .text.HAL_PWREx_DisableUCPDDeadBattery
                0x000000000800365c       0x20 Drivers/STM32G4xx_HAL_Driver/Src/stm32g4xx_hal_pwr_ex.o
                0x000000000800365c                HAL_PWREx_DisableUCPDDeadBattery
 .text.HAL_RCC_OscConfig
                0x000000000800367c      0x630 Drivers/STM32G4xx_HAL_Driver/Src/stm32g4xx_hal_rcc.o
                0x000000000800367c                HAL_RCC_OscConfig
 .text.HAL_RCC_ClockConfig
                0x0000000008003cac      0x278 Drivers/STM32G4xx_HAL_Driver/Src/stm32g4xx_hal_rcc.o
                0x0000000008003cac                HAL_RCC_ClockConfig
 .text.HAL_RCC_GetSysClockFreq
                0x0000000008003f24       0xc4 Drivers/STM32G4xx_HAL_Driver/Src/stm32g4xx_hal_rcc.o
                0x0000000008003f24                HAL_RCC_GetSysClockFreq
 .text.HAL_RCC_GetHCLKFreq
                0x0000000008003fe8       0x18 Drivers/STM32G4xx_HAL_Driver/Src/stm32g4xx_hal_rcc.o
                0x0000000008003fe8                HAL_RCC_GetHCLKFreq
 .text.HAL_RCC_GetPCLK1Freq
                0x0000000008004000       0x2c Drivers/STM32G4xx_HAL_Driver/Src/stm32g4xx_hal_rcc.o
                0x0000000008004000                HAL_RCC_GetPCLK1Freq
 .text.HAL_RCC_GetPCLK2Freq
                0x000000000800402c       0x2c Drivers/STM32G4xx_HAL_Driver/Src/stm32g4xx_hal_rcc.o
                0x000000000800402c                HAL_RCC_GetPCLK2Freq
 .text.RCC_GetSysClockFreqFromPLLSource
                0x0000000008004058       0x8c Drivers/STM32G4xx_HAL_Driver/Src/stm32g4xx_hal_rcc.o
 .text.HAL_RCCEx_PeriphCLKConfig
                0x00000000080040e4      0x3e0 Drivers/STM32G4xx_HAL_Driver/Src/stm32g4xx_hal_rcc_ex.o
                0x00000000080040e4                HAL_RCCEx_PeriphCLKConfig
 .text.HAL_TIM_Base_Init
                0x00000000080044c4       0xae Drivers/STM32G4xx_HAL_Driver/Src/stm32g4xx_hal_tim.o
                0x00000000080044c4                HAL_TIM_Base_Init
 *fill*         0x0000000008004572        0x2 
 .text.HAL_TIM_Base_Start
                0x0000000008004574       0xc4 Drivers/STM32G4xx_HAL_Driver/Src/stm32g4xx_hal_tim.o
                0x0000000008004574                HAL_TIM_Base_Start
 .text.TIM_Base_SetConfig
                0x0000000008004638      0x120 Drivers/STM32G4xx_HAL_Driver/Src/stm32g4xx_hal_tim.o
                0x0000000008004638                TIM_Base_SetConfig
 .text.HAL_TIMEx_MasterConfigSynchronization
                0x0000000008004758      0x104 Drivers/STM32G4xx_HAL_Driver/Src/stm32g4xx_hal_tim_ex.o
                0x0000000008004758                HAL_TIMEx_MasterConfigSynchronization
 .text.HAL_UART_Init
                0x000000000800485c       0xa0 Drivers/STM32G4xx_HAL_Driver/Src/stm32g4xx_hal_uart.o
                0x000000000800485c                HAL_UART_Init
 .text.UART_SetConfig
                0x00000000080048fc      0x550 Drivers/STM32G4xx_HAL_Driver/Src/stm32g4xx_hal_uart.o
                0x00000000080048fc                UART_SetConfig
 .text.UART_AdvFeatureConfig
                0x0000000008004e4c      0x144 Drivers/STM32G4xx_HAL_Driver/Src/stm32g4xx_hal_uart.o
                0x0000000008004e4c                UART_AdvFeatureConfig
 .text.UART_CheckIdleState
                0x0000000008004f90       0x90 Drivers/STM32G4xx_HAL_Driver/Src/stm32g4xx_hal_uart.o
                0x0000000008004f90                UART_CheckIdleState
 .text.UART_WaitOnFlagUntilTimeout
                0x0000000008005020      0x100 Drivers/STM32G4xx_HAL_Driver/Src/stm32g4xx_hal_uart.o
                0x0000000008005020                UART_WaitOnFlagUntilTimeout
 .text.HAL_UARTEx_DisableFifoMode
                0x0000000008005120       0x72 Drivers/STM32G4xx_HAL_Driver/Src/stm32g4xx_hal_uart_ex.o
                0x0000000008005120                HAL_UARTEx_DisableFifoMode
 .text.HAL_UARTEx_SetTxFifoThreshold
                0x0000000008005192       0x7c Drivers/STM32G4xx_HAL_Driver/Src/stm32g4xx_hal_uart_ex.o
                0x0000000008005192                HAL_UARTEx_SetTxFifoThreshold
 .text.HAL_UARTEx_SetRxFifoThreshold
                0x000000000800520e       0x7c Drivers/STM32G4xx_HAL_Driver/Src/stm32g4xx_hal_uart_ex.o
                0x000000000800520e                HAL_UARTEx_SetRxFifoThreshold
 *fill*         0x000000000800528a        0x2 
 .text.UARTEx_SetNbDataToProcess
                0x000000000800528c       0xd0 Drivers/STM32G4xx_HAL_Driver/Src/stm32g4xx_hal_uart_ex.o
 .text.SVC_Setup
                0x000000000800535c        0xe Middlewares/Third_Party/FreeRTOS/Source/CMSIS_RTOS_V2/cmsis_os2.o
 *fill*         0x000000000800536a        0x2 
 .text.osKernelInitialize
                0x000000000800536c       0x68 Middlewares/Third_Party/FreeRTOS/Source/CMSIS_RTOS_V2/cmsis_os2.o
                0x000000000800536c                osKernelInitialize
 .text.osKernelStart
                0x00000000080053d4       0x6c Middlewares/Third_Party/FreeRTOS/Source/CMSIS_RTOS_V2/cmsis_os2.o
                0x00000000080053d4                osKernelStart
 .text.osThreadNew
                0x0000000008005440      0x14c Middlewares/Third_Party/FreeRTOS/Source/CMSIS_RTOS_V2/cmsis_os2.o
                0x0000000008005440                osThreadNew
 .text.osDelay  0x000000000800558c       0x5c Middlewares/Third_Party/FreeRTOS/Source/CMSIS_RTOS_V2/cmsis_os2.o
                0x000000000800558c                osDelay
 .text.vApplicationGetIdleTaskMemory
                0x00000000080055e8       0x34 Middlewares/Third_Party/FreeRTOS/Source/CMSIS_RTOS_V2/cmsis_os2.o
                0x00000000080055e8                vApplicationGetIdleTaskMemory
 .text.vApplicationGetTimerTaskMemory
                0x000000000800561c       0x34 Middlewares/Third_Party/FreeRTOS/Source/CMSIS_RTOS_V2/cmsis_os2.o
                0x000000000800561c                vApplicationGetTimerTaskMemory
 .text.vListInitialise
                0x0000000008005650       0x40 Middlewares/Third_Party/FreeRTOS/Source/list.o
                0x0000000008005650                vListInitialise
 .text.vListInitialiseItem
                0x0000000008005690       0x1a Middlewares/Third_Party/FreeRTOS/Source/list.o
                0x0000000008005690                vListInitialiseItem
 .text.vListInsertEnd
                0x00000000080056aa       0x48 Middlewares/Third_Party/FreeRTOS/Source/list.o
                0x00000000080056aa                vListInsertEnd
 .text.vListInsert
                0x00000000080056f2       0x72 Middlewares/Third_Party/FreeRTOS/Source/list.o
                0x00000000080056f2                vListInsert
 .text.uxListRemove
                0x0000000008005764       0x54 Middlewares/Third_Party/FreeRTOS/Source/list.o
                0x0000000008005764                uxListRemove
 .text.xQueueGenericReset
                0x00000000080057b8       0xd0 Middlewares/Third_Party/FreeRTOS/Source/queue.o
                0x00000000080057b8                xQueueGenericReset
 .text.xQueueGenericCreateStatic
                0x0000000008005888       0xe6 Middlewares/Third_Party/FreeRTOS/Source/queue.o
                0x0000000008005888                xQueueGenericCreateStatic
 .text.prvInitialiseNewQueue
                0x000000000800596e       0x46 Middlewares/Third_Party/FreeRTOS/Source/queue.o
 .text.xQueueGenericSend
                0x00000000080059b4      0x1f4 Middlewares/Third_Party/FreeRTOS/Source/queue.o
                0x00000000080059b4                xQueueGenericSend
 .text.xQueueGenericSendFromISR
                0x0000000008005ba8      0x128 Middlewares/Third_Party/FreeRTOS/Source/queue.o
                0x0000000008005ba8                xQueueGenericSendFromISR
 .text.xQueueReceive
                0x0000000008005cd0      0x1b8 Middlewares/Third_Party/FreeRTOS/Source/queue.o
                0x0000000008005cd0                xQueueReceive
 .text.prvCopyDataToQueue
                0x0000000008005e88       0xd4 Middlewares/Third_Party/FreeRTOS/Source/queue.o
 .text.prvCopyDataFromQueue
                0x0000000008005f5c       0x4c Middlewares/Third_Party/FreeRTOS/Source/queue.o
 .text.prvUnlockQueue
                0x0000000008005fa8       0xa4 Middlewares/Third_Party/FreeRTOS/Source/queue.o
 .text.prvIsQueueEmpty
                0x000000000800604c       0x2c Middlewares/Third_Party/FreeRTOS/Source/queue.o
 .text.prvIsQueueFull
                0x0000000008006078       0x30 Middlewares/Third_Party/FreeRTOS/Source/queue.o
 .text.vQueueAddToRegistry
                0x00000000080060a8       0x50 Middlewares/Third_Party/FreeRTOS/Source/queue.o
                0x00000000080060a8                vQueueAddToRegistry
 .text.vQueueWaitForMessageRestricted
                0x00000000080060f8       0x68 Middlewares/Third_Party/FreeRTOS/Source/queue.o
                0x00000000080060f8                vQueueWaitForMessageRestricted
 .text.xTaskCreateStatic
                0x0000000008006160       0xb4 Middlewares/Third_Party/FreeRTOS/Source/tasks.o
                0x0000000008006160                xTaskCreateStatic
 .text.xTaskCreate
                0x0000000008006214       0x8a Middlewares/Third_Party/FreeRTOS/Source/tasks.o
                0x0000000008006214                xTaskCreate
 .text.prvInitialiseNewTask
                0x000000000800629e      0x11c Middlewares/Third_Party/FreeRTOS/Source/tasks.o
 *fill*         0x00000000080063ba        0x2 
 .text.prvAddNewTaskToReadyList
                0x00000000080063bc       0xe0 Middlewares/Third_Party/FreeRTOS/Source/tasks.o
 .text.vTaskDelay
                0x000000000800649c       0x68 Middlewares/Third_Party/FreeRTOS/Source/tasks.o
                0x000000000800649c                vTaskDelay
 .text.vTaskStartScheduler
                0x0000000008006504       0xc8 Middlewares/Third_Party/FreeRTOS/Source/tasks.o
                0x0000000008006504                vTaskStartScheduler
 .text.vTaskSuspendAll
                0x00000000080065cc       0x1c Middlewares/Third_Party/FreeRTOS/Source/tasks.o
                0x00000000080065cc                vTaskSuspendAll
 .text.xTaskResumeAll
                0x00000000080065e8      0x138 Middlewares/Third_Party/FreeRTOS/Source/tasks.o
                0x00000000080065e8                xTaskResumeAll
 .text.xTaskGetTickCount
                0x0000000008006720       0x20 Middlewares/Third_Party/FreeRTOS/Source/tasks.o
                0x0000000008006720                xTaskGetTickCount
 .text.xTaskIncrementTick
                0x0000000008006740      0x170 Middlewares/Third_Party/FreeRTOS/Source/tasks.o
                0x0000000008006740                xTaskIncrementTick
 .text.vTaskSwitchContext
                0x00000000080068b0       0xb8 Middlewares/Third_Party/FreeRTOS/Source/tasks.o
                0x00000000080068b0                vTaskSwitchContext
 .text.vTaskPlaceOnEventList
                0x0000000008006968       0x48 Middlewares/Third_Party/FreeRTOS/Source/tasks.o
                0x0000000008006968                vTaskPlaceOnEventList
 .text.vTaskPlaceOnEventListRestricted
                0x00000000080069b0       0x54 Middlewares/Third_Party/FreeRTOS/Source/tasks.o
                0x00000000080069b0                vTaskPlaceOnEventListRestricted
 .text.xTaskRemoveFromEventList
                0x0000000008006a04       0xc4 Middlewares/Third_Party/FreeRTOS/Source/tasks.o
                0x0000000008006a04                xTaskRemoveFromEventList
 .text.vTaskInternalSetTimeOutState
                0x0000000008006ac8       0x2c Middlewares/Third_Party/FreeRTOS/Source/tasks.o
                0x0000000008006ac8                vTaskInternalSetTimeOutState
 .text.xTaskCheckForTimeOut
                0x0000000008006af4       0xc0 Middlewares/Third_Party/FreeRTOS/Source/tasks.o
                0x0000000008006af4                xTaskCheckForTimeOut
 .text.vTaskMissedYield
                0x0000000008006bb4       0x18 Middlewares/Third_Party/FreeRTOS/Source/tasks.o
                0x0000000008006bb4                vTaskMissedYield
 .text.prvIdleTask
                0x0000000008006bcc       0x30 Middlewares/Third_Party/FreeRTOS/Source/tasks.o
 .text.prvInitialiseTaskLists
                0x0000000008006bfc       0x80 Middlewares/Third_Party/FreeRTOS/Source/tasks.o
 .text.prvCheckTasksWaitingTermination
                0x0000000008006c7c       0x58 Middlewares/Third_Party/FreeRTOS/Source/tasks.o
 .text.prvDeleteTCB
                0x0000000008006cd4       0x5c Middlewares/Third_Party/FreeRTOS/Source/tasks.o
 .text.prvResetNextTaskUnblockTime
                0x0000000008006d30       0x40 Middlewares/Third_Party/FreeRTOS/Source/tasks.o
 .text.xTaskGetSchedulerState
                0x0000000008006d70       0x3c Middlewares/Third_Party/FreeRTOS/Source/tasks.o
                0x0000000008006d70                xTaskGetSchedulerState
 .text.xTaskPriorityDisinherit
                0x0000000008006dac       0xd8 Middlewares/Third_Party/FreeRTOS/Source/tasks.o
                0x0000000008006dac                xTaskPriorityDisinherit
 .text.prvAddCurrentTaskToDelayedList
                0x0000000008006e84       0xa8 Middlewares/Third_Party/FreeRTOS/Source/tasks.o
 .text.xTimerCreateTimerTask
                0x0000000008006f2c       0x90 Middlewares/Third_Party/FreeRTOS/Source/timers.o
                0x0000000008006f2c                xTimerCreateTimerTask
 .text.xTimerGenericCommand
                0x0000000008006fbc       0x98 Middlewares/Third_Party/FreeRTOS/Source/timers.o
                0x0000000008006fbc                xTimerGenericCommand
 .text.prvProcessExpiredTimer
                0x0000000008007054       0x98 Middlewares/Third_Party/FreeRTOS/Source/timers.o
 .text.prvTimerTask
                0x00000000080070ec       0x24 Middlewares/Third_Party/FreeRTOS/Source/timers.o
 .text.prvProcessTimerOrBlockTask
                0x0000000008007110       0x9c Middlewares/Third_Party/FreeRTOS/Source/timers.o
 .text.prvGetNextExpireTime
                0x00000000080071ac       0x48 Middlewares/Third_Party/FreeRTOS/Source/timers.o
 .text.prvSampleTimeNow
                0x00000000080071f4       0x40 Middlewares/Third_Party/FreeRTOS/Source/timers.o
 .text.prvInsertTimerInActiveList
                0x0000000008007234       0x84 Middlewares/Third_Party/FreeRTOS/Source/timers.o
 .text.prvProcessReceivedCommands
                0x00000000080072b8      0x1b8 Middlewares/Third_Party/FreeRTOS/Source/timers.o
 .text.prvSwitchTimerLists
                0x0000000008007470       0xc8 Middlewares/Third_Party/FreeRTOS/Source/timers.o
 .text.prvCheckForValidListAndQueue
                0x0000000008007538       0x80 Middlewares/Third_Party/FreeRTOS/Source/timers.o
 .text.pxPortInitialiseStack
                0x00000000080075b8       0x68 Middlewares/Third_Party/FreeRTOS/Source/portable/GCC/ARM_CM4F/port.o
                0x00000000080075b8                pxPortInitialiseStack
 .text.prvTaskExitError
                0x0000000008007620       0x54 Middlewares/Third_Party/FreeRTOS/Source/portable/GCC/ARM_CM4F/port.o
 *fill*         0x0000000008007674        0xc 
 .text.SVC_Handler
                0x0000000008007680       0x28 Middlewares/Third_Party/FreeRTOS/Source/portable/GCC/ARM_CM4F/port.o
                0x0000000008007680                SVC_Handler
 .text.prvPortStartFirstTask
                0x00000000080076a8       0x28 Middlewares/Third_Party/FreeRTOS/Source/portable/GCC/ARM_CM4F/port.o
 .text.xPortStartScheduler
                0x00000000080076d0      0x13c Middlewares/Third_Party/FreeRTOS/Source/portable/GCC/ARM_CM4F/port.o
                0x00000000080076d0                xPortStartScheduler
 .text.vPortEnterCritical
                0x000000000800780c       0x5c Middlewares/Third_Party/FreeRTOS/Source/portable/GCC/ARM_CM4F/port.o
                0x000000000800780c                vPortEnterCritical
 .text.vPortExitCritical
                0x0000000008007868       0x50 Middlewares/Third_Party/FreeRTOS/Source/portable/GCC/ARM_CM4F/port.o
                0x0000000008007868                vPortExitCritical
 *fill*         0x00000000080078b8        0x8 
 .text.PendSV_Handler
                0x00000000080078c0       0x68 Middlewares/Third_Party/FreeRTOS/Source/portable/GCC/ARM_CM4F/port.o
                0x00000000080078c0                PendSV_Handler
 .text.xPortSysTickHandler
                0x0000000008007928       0x40 Middlewares/Third_Party/FreeRTOS/Source/portable/GCC/ARM_CM4F/port.o
                0x0000000008007928                xPortSysTickHandler
 .text.vPortSetupTimerInterrupt
                0x0000000008007968       0x48 Middlewares/Third_Party/FreeRTOS/Source/portable/GCC/ARM_CM4F/port.o
                0x0000000008007968                vPortSetupTimerInterrupt
 .text.vPortEnableVFP
                0x00000000080079b0       0x14 Middlewares/Third_Party/FreeRTOS/Source/portable/GCC/ARM_CM4F/port.o
 .text.vPortValidateInterruptPriority
                0x00000000080079c4       0x7c Middlewares/Third_Party/FreeRTOS/Source/portable/GCC/ARM_CM4F/port.o
                0x00000000080079c4                vPortValidateInterruptPriority
 .text.pvPortMalloc
                0x0000000008007a40      0x184 Middlewares/Third_Party/FreeRTOS/Source/portable/MemMang/heap_4.o
                0x0000000008007a40                pvPortMalloc
 .text.vPortFree
                0x0000000008007bc4       0xb0 Middlewares/Third_Party/FreeRTOS/Source/portable/MemMang/heap_4.o
                0x0000000008007bc4                vPortFree
 .text.prvHeapInit
                0x0000000008007c74       0xc4 Middlewares/Third_Party/FreeRTOS/Source/portable/MemMang/heap_4.o
 .text.prvInsertBlockIntoFreeList
                0x0000000008007d38       0xb4 Middlewares/Third_Party/FreeRTOS/Source/portable/MemMang/heap_4.o
 .text.__libc_init_array
                0x0000000008007dec       0x48 /home/arne/st/stm32cubeide_1.5.1/plugins/com.st.stm32cube.ide.mcu.externaltools.gnu-tools-for-stm32.7-2018-q2-update.linux64_1.5.0.202011040924/tools/bin/../lib/gcc/arm-none-eabi/7.3.1/../../../../arm-none-eabi/lib/thumb/v7e-m/fpv4-sp/hard/libc_nano.a(lib_a-init.o)
                0x0000000008007dec                __libc_init_array
 .text.memcpy   0x0000000008007e34       0x16 /home/arne/st/stm32cubeide_1.5.1/plugins/com.st.stm32cube.ide.mcu.externaltools.gnu-tools-for-stm32.7-2018-q2-update.linux64_1.5.0.202011040924/tools/bin/../lib/gcc/arm-none-eabi/7.3.1/../../../../arm-none-eabi/lib/thumb/v7e-m/fpv4-sp/hard/libc_nano.a(lib_a-memcpy-stub.o)
                0x0000000008007e34                memcpy
 .text.memset   0x0000000008007e4a       0x10 /home/arne/st/stm32cubeide_1.5.1/plugins/com.st.stm32cube.ide.mcu.externaltools.gnu-tools-for-stm32.7-2018-q2-update.linux64_1.5.0.202011040924/tools/bin/../lib/gcc/arm-none-eabi/7.3.1/../../../../arm-none-eabi/lib/thumb/v7e-m/fpv4-sp/hard/libc_nano.a(lib_a-memset.o)
                0x0000000008007e4a                memset
 *(.glue_7)
 .glue_7        0x0000000008007e5a        0x0 linker stubs
 *(.glue_7t)
 .glue_7t       0x0000000008007e5a        0x0 linker stubs
 *(.eh_frame)
 *fill*         0x0000000008007e5a        0x2 
 .eh_frame      0x0000000008007e5c        0x0 /home/arne/st/stm32cubeide_1.5.1/plugins/com.st.stm32cube.ide.mcu.externaltools.gnu-tools-for-stm32.7-2018-q2-update.linux64_1.5.0.202011040924/tools/bin/../lib/gcc/arm-none-eabi/7.3.1/thumb/v7e-m/fpv4-sp/hard/crtbegin.o
 *(.init)
 .init          0x0000000008007e5c        0x4 /home/arne/st/stm32cubeide_1.5.1/plugins/com.st.stm32cube.ide.mcu.externaltools.gnu-tools-for-stm32.7-2018-q2-update.linux64_1.5.0.202011040924/tools/bin/../lib/gcc/arm-none-eabi/7.3.1/thumb/v7e-m/fpv4-sp/hard/crti.o
                0x0000000008007e5c                _init
 .init          0x0000000008007e60        0x8 /home/arne/st/stm32cubeide_1.5.1/plugins/com.st.stm32cube.ide.mcu.externaltools.gnu-tools-for-stm32.7-2018-q2-update.linux64_1.5.0.202011040924/tools/bin/../lib/gcc/arm-none-eabi/7.3.1/thumb/v7e-m/fpv4-sp/hard/crtn.o
 *(.fini)
 .fini          0x0000000008007e68        0x4 /home/arne/st/stm32cubeide_1.5.1/plugins/com.st.stm32cube.ide.mcu.externaltools.gnu-tools-for-stm32.7-2018-q2-update.linux64_1.5.0.202011040924/tools/bin/../lib/gcc/arm-none-eabi/7.3.1/thumb/v7e-m/fpv4-sp/hard/crti.o
                0x0000000008007e68                _fini
 .fini          0x0000000008007e6c        0x8 /home/arne/st/stm32cubeide_1.5.1/plugins/com.st.stm32cube.ide.mcu.externaltools.gnu-tools-for-stm32.7-2018-q2-update.linux64_1.5.0.202011040924/tools/bin/../lib/gcc/arm-none-eabi/7.3.1/thumb/v7e-m/fpv4-sp/hard/crtn.o
                0x0000000008007e74                . = ALIGN (0x4)
                0x0000000008007e74                _etext = .

.vfp11_veneer   0x0000000008007e74        0x0
 .vfp11_veneer  0x0000000008007e74        0x0 linker stubs

.v4_bx          0x0000000008007e74        0x0
 .v4_bx         0x0000000008007e74        0x0 linker stubs

.iplt           0x0000000008007e74        0x0
 .iplt          0x0000000008007e74        0x0 /home/arne/st/stm32cubeide_1.5.1/plugins/com.st.stm32cube.ide.mcu.externaltools.gnu-tools-for-stm32.7-2018-q2-update.linux64_1.5.0.202011040924/tools/bin/../lib/gcc/arm-none-eabi/7.3.1/thumb/v7e-m/fpv4-sp/hard/crtbegin.o

.rodata         0x0000000008007e74       0xfc
                0x0000000008007e74                . = ALIGN (0x4)
 *(.rodata)
 .rodata        0x0000000008007e74       0x40 Core/Src/interface_screens.o
 .rodata        0x0000000008007eb4       0x1a Core/Src/main.o
 *fill*         0x0000000008007ece        0x2 
 .rodata        0x0000000008007ed0       0x10 Drivers/STM32G4xx_HAL_Driver/Src/stm32g4xx_hal_uart_ex.o
 .rodata        0x0000000008007ee0        0x5 Middlewares/Third_Party/FreeRTOS/Source/tasks.o
 *fill*         0x0000000008007ee5        0x3 
 .rodata        0x0000000008007ee8        0xd Middlewares/Third_Party/FreeRTOS/Source/timers.o
 *(.rodata*)
 *fill*         0x0000000008007ef5        0x3 
 .rodata.mainTask_attributes
                0x0000000008007ef8       0x24 Core/Src/main.o
                0x0000000008007ef8                mainTask_attributes
 .rodata.InterfaceTask_attributes
                0x0000000008007f1c       0x24 Core/Src/main.o
                0x0000000008007f1c                InterfaceTask_attributes
 .rodata.AHBPrescTable
                0x0000000008007f40       0x10 Core/Src/system_stm32g4xx.o
                0x0000000008007f40                AHBPrescTable
 .rodata.APBPrescTable
                0x0000000008007f50        0x8 Core/Src/system_stm32g4xx.o
                0x0000000008007f50                APBPrescTable
 .rodata.UARTPrescTable
                0x0000000008007f58       0x18 Drivers/STM32G4xx_HAL_Driver/Src/stm32g4xx_hal_uart.o
                0x0000000008007f58                UARTPrescTable
                0x0000000008007f70                . = ALIGN (0x4)

.ARM.extab      0x0000000008007f70        0x0
                0x0000000008007f70                . = ALIGN (0x4)
 *(.ARM.extab* .gnu.linkonce.armextab.*)
                0x0000000008007f70                . = ALIGN (0x4)

.ARM            0x0000000008007f70        0x8
                0x0000000008007f70                . = ALIGN (0x4)
                0x0000000008007f70                __exidx_start = .
 *(.ARM.exidx*)
 .ARM.exidx     0x0000000008007f70        0x8 /home/arne/st/stm32cubeide_1.5.1/plugins/com.st.stm32cube.ide.mcu.externaltools.gnu-tools-for-stm32.7-2018-q2-update.linux64_1.5.0.202011040924/tools/bin/../lib/gcc/arm-none-eabi/7.3.1/thumb/v7e-m/fpv4-sp/hard/libgcc.a(_udivmoddi4.o)
                0x0000000008007f78                __exidx_end = .
                0x0000000008007f78                . = ALIGN (0x4)

.rel.dyn        0x0000000008007f78        0x0
 .rel.iplt      0x0000000008007f78        0x0 /home/arne/st/stm32cubeide_1.5.1/plugins/com.st.stm32cube.ide.mcu.externaltools.gnu-tools-for-stm32.7-2018-q2-update.linux64_1.5.0.202011040924/tools/bin/../lib/gcc/arm-none-eabi/7.3.1/thumb/v7e-m/fpv4-sp/hard/crtbegin.o

.preinit_array  0x0000000008007f78        0x0
                0x0000000008007f78                . = ALIGN (0x4)
                0x0000000008007f78                PROVIDE (__preinit_array_start = .)
 *(.preinit_array*)
                0x0000000008007f78                PROVIDE (__preinit_array_end = .)
                0x0000000008007f78                . = ALIGN (0x4)

.init_array     0x0000000008007f78        0x4
                0x0000000008007f78                . = ALIGN (0x4)
                0x0000000008007f78                PROVIDE (__init_array_start = .)
 *(SORT_BY_NAME(.init_array.*))
 *(.init_array*)
 .init_array    0x0000000008007f78        0x4 /home/arne/st/stm32cubeide_1.5.1/plugins/com.st.stm32cube.ide.mcu.externaltools.gnu-tools-for-stm32.7-2018-q2-update.linux64_1.5.0.202011040924/tools/bin/../lib/gcc/arm-none-eabi/7.3.1/thumb/v7e-m/fpv4-sp/hard/crtbegin.o
                0x0000000008007f7c                PROVIDE (__init_array_end = .)
                0x0000000008007f7c                . = ALIGN (0x4)

.fini_array     0x0000000008007f7c        0x4
                0x0000000008007f7c                . = ALIGN (0x4)
                [!provide]                        PROVIDE (__fini_array_start = .)
 *(SORT_BY_NAME(.fini_array.*))
 *(.fini_array*)
 .fini_array    0x0000000008007f7c        0x4 /home/arne/st/stm32cubeide_1.5.1/plugins/com.st.stm32cube.ide.mcu.externaltools.gnu-tools-for-stm32.7-2018-q2-update.linux64_1.5.0.202011040924/tools/bin/../lib/gcc/arm-none-eabi/7.3.1/thumb/v7e-m/fpv4-sp/hard/crtbegin.o
                [!provide]                        PROVIDE (__fini_array_end = .)
                0x0000000008007f80                . = ALIGN (0x4)
                0x0000000008007f80                _sidata = LOADADDR (.data)

.data           0x0000000020000000       0x34 load address 0x0000000008007f80
                0x0000000020000000                . = ALIGN (0x4)
                0x0000000020000000                _sdata = .
 *(.data)
 *(.data*)
 .data.previous_screen
                0x0000000020000000        0x1 Core/Src/interface.o
                0x0000000020000000                previous_screen
 .data.current_screen
                0x0000000020000001        0x1 Core/Src/interface.o
                0x0000000020000001                current_screen
 *fill*         0x0000000020000002        0x2 
 .data.screens  0x0000000020000004       0x20 Core/Src/interface_screens.o
                0x0000000020000004                screens
 .data.SystemCoreClock
                0x0000000020000024        0x4 Core/Src/system_stm32g4xx.o
                0x0000000020000024                SystemCoreClock
 .data.uwTickPrio
                0x0000000020000028        0x4 Drivers/STM32G4xx_HAL_Driver/Src/stm32g4xx_hal.o
                0x0000000020000028                uwTickPrio
 .data.uwTickFreq
                0x000000002000002c        0x4 Drivers/STM32G4xx_HAL_Driver/Src/stm32g4xx_hal.o
                0x000000002000002c                uwTickFreq
 .data.uxCriticalNesting
                0x0000000020000030        0x4 Middlewares/Third_Party/FreeRTOS/Source/portable/GCC/ARM_CM4F/port.o
 *(.RamFunc)
 *(.RamFunc*)
                0x0000000020000034                . = ALIGN (0x4)
                0x0000000020000034                _edata = .

.igot.plt       0x0000000020000034        0x0 load address 0x0000000008007fb4
 .igot.plt      0x0000000020000034        0x0 /home/arne/st/stm32cubeide_1.5.1/plugins/com.st.stm32cube.ide.mcu.externaltools.gnu-tools-for-stm32.7-2018-q2-update.linux64_1.5.0.202011040924/tools/bin/../lib/gcc/arm-none-eabi/7.3.1/thumb/v7e-m/fpv4-sp/hard/crtbegin.o
                0x0000000020000034                . = ALIGN (0x4)

.bss            0x0000000020000034     0x1acc load address 0x0000000008007fb4
                0x0000000020000034                _sbss = .
                0x0000000020000034                __bss_start__ = _sbss
 *(.bss)
 .bss           0x0000000020000034       0x1c /home/arne/st/stm32cubeide_1.5.1/plugins/com.st.stm32cube.ide.mcu.externaltools.gnu-tools-for-stm32.7-2018-q2-update.linux64_1.5.0.202011040924/tools/bin/../lib/gcc/arm-none-eabi/7.3.1/thumb/v7e-m/fpv4-sp/hard/crtbegin.o
 *(.bss*)
 .bss.volume_level
                0x0000000020000050        0x1 Core/Src/interface.o
                0x0000000020000050                volume_level
 *fill*         0x0000000020000051        0x3 
 .bss.volume_delta
                0x0000000020000054        0x4 Core/Src/interface.o
                0x0000000020000054                volume_delta
 .bss.screen_updated
                0x0000000020000058        0x1 Core/Src/interface.o
                0x0000000020000058                screen_updated
 *fill*         0x0000000020000059        0x3 
 .bss.screen_start_time
                0x000000002000005c        0x4 Core/Src/interface.o
                0x000000002000005c                screen_start_time
 .bss.KernelState
                0x0000000020000060        0x4 Middlewares/Third_Party/FreeRTOS/Source/CMSIS_RTOS_V2/cmsis_os2.o
 .bss.Idle_TCB  0x0000000020000064       0x5c Middlewares/Third_Party/FreeRTOS/Source/CMSIS_RTOS_V2/cmsis_os2.o
 .bss.Idle_Stack
                0x00000000200000c0      0x200 Middlewares/Third_Party/FreeRTOS/Source/CMSIS_RTOS_V2/cmsis_os2.o
 .bss.Timer_TCB
                0x00000000200002c0       0x5c Middlewares/Third_Party/FreeRTOS/Source/CMSIS_RTOS_V2/cmsis_os2.o
 .bss.Timer_Stack
                0x000000002000031c      0x400 Middlewares/Third_Party/FreeRTOS/Source/CMSIS_RTOS_V2/cmsis_os2.o
 .bss.pxCurrentTCB
                0x000000002000071c        0x4 Middlewares/Third_Party/FreeRTOS/Source/tasks.o
                0x000000002000071c                pxCurrentTCB
 .bss.pxReadyTasksLists
                0x0000000020000720      0x460 Middlewares/Third_Party/FreeRTOS/Source/tasks.o
 .bss.xDelayedTaskList1
                0x0000000020000b80       0x14 Middlewares/Third_Party/FreeRTOS/Source/tasks.o
 .bss.xDelayedTaskList2
                0x0000000020000b94       0x14 Middlewares/Third_Party/FreeRTOS/Source/tasks.o
 .bss.pxDelayedTaskList
                0x0000000020000ba8        0x4 Middlewares/Third_Party/FreeRTOS/Source/tasks.o
 .bss.pxOverflowDelayedTaskList
                0x0000000020000bac        0x4 Middlewares/Third_Party/FreeRTOS/Source/tasks.o
 .bss.xPendingReadyList
                0x0000000020000bb0       0x14 Middlewares/Third_Party/FreeRTOS/Source/tasks.o
 .bss.xTasksWaitingTermination
                0x0000000020000bc4       0x14 Middlewares/Third_Party/FreeRTOS/Source/tasks.o
 .bss.uxDeletedTasksWaitingCleanUp
                0x0000000020000bd8        0x4 Middlewares/Third_Party/FreeRTOS/Source/tasks.o
 .bss.xSuspendedTaskList
                0x0000000020000bdc       0x14 Middlewares/Third_Party/FreeRTOS/Source/tasks.o
 .bss.uxCurrentNumberOfTasks
                0x0000000020000bf0        0x4 Middlewares/Third_Party/FreeRTOS/Source/tasks.o
 .bss.xTickCount
                0x0000000020000bf4        0x4 Middlewares/Third_Party/FreeRTOS/Source/tasks.o
 .bss.uxTopReadyPriority
                0x0000000020000bf8        0x4 Middlewares/Third_Party/FreeRTOS/Source/tasks.o
 .bss.xSchedulerRunning
                0x0000000020000bfc        0x4 Middlewares/Third_Party/FreeRTOS/Source/tasks.o
 .bss.uxPendedTicks
                0x0000000020000c00        0x4 Middlewares/Third_Party/FreeRTOS/Source/tasks.o
 .bss.xYieldPending
                0x0000000020000c04        0x4 Middlewares/Third_Party/FreeRTOS/Source/tasks.o
 .bss.xNumOfOverflows
                0x0000000020000c08        0x4 Middlewares/Third_Party/FreeRTOS/Source/tasks.o
 .bss.uxTaskNumber
                0x0000000020000c0c        0x4 Middlewares/Third_Party/FreeRTOS/Source/tasks.o
 .bss.xNextTaskUnblockTime
                0x0000000020000c10        0x4 Middlewares/Third_Party/FreeRTOS/Source/tasks.o
 .bss.xIdleTaskHandle
                0x0000000020000c14        0x4 Middlewares/Third_Party/FreeRTOS/Source/tasks.o
 .bss.uxSchedulerSuspended
                0x0000000020000c18        0x4 Middlewares/Third_Party/FreeRTOS/Source/tasks.o
 .bss.xActiveTimerList1
                0x0000000020000c1c       0x14 Middlewares/Third_Party/FreeRTOS/Source/timers.o
 .bss.xActiveTimerList2
                0x0000000020000c30       0x14 Middlewares/Third_Party/FreeRTOS/Source/timers.o
 .bss.pxCurrentTimerList
                0x0000000020000c44        0x4 Middlewares/Third_Party/FreeRTOS/Source/timers.o
 .bss.pxOverflowTimerList
                0x0000000020000c48        0x4 Middlewares/Third_Party/FreeRTOS/Source/timers.o
 .bss.xTimerQueue
                0x0000000020000c4c        0x4 Middlewares/Third_Party/FreeRTOS/Source/timers.o
 .bss.xTimerTaskHandle
                0x0000000020000c50        0x4 Middlewares/Third_Party/FreeRTOS/Source/timers.o
 .bss.xLastTime.6743
                0x0000000020000c54        0x4 Middlewares/Third_Party/FreeRTOS/Source/timers.o
 .bss.ucStaticTimerQueueStorage.6794
                0x0000000020000c58       0xa0 Middlewares/Third_Party/FreeRTOS/Source/timers.o
 .bss.xStaticTimerQueue.6793
                0x0000000020000cf8       0x50 Middlewares/Third_Party/FreeRTOS/Source/timers.o
 .bss.ucMaxSysCallPriority
                0x0000000020000d48        0x1 Middlewares/Third_Party/FreeRTOS/Source/portable/GCC/ARM_CM4F/port.o
 *fill*         0x0000000020000d49        0x3 
 .bss.ulMaxPRIGROUPValue
                0x0000000020000d4c        0x4 Middlewares/Third_Party/FreeRTOS/Source/portable/GCC/ARM_CM4F/port.o
 .bss.ucHeap    0x0000000020000d50      0xc00 Middlewares/Third_Party/FreeRTOS/Source/portable/MemMang/heap_4.o
 .bss.xStart    0x0000000020001950        0x8 Middlewares/Third_Party/FreeRTOS/Source/portable/MemMang/heap_4.o
 .bss.pxEnd     0x0000000020001958        0x4 Middlewares/Third_Party/FreeRTOS/Source/portable/MemMang/heap_4.o
 .bss.xFreeBytesRemaining
                0x000000002000195c        0x4 Middlewares/Third_Party/FreeRTOS/Source/portable/MemMang/heap_4.o
 .bss.xMinimumEverFreeBytesRemaining
                0x0000000020001960        0x4 Middlewares/Third_Party/FreeRTOS/Source/portable/MemMang/heap_4.o
 .bss.xBlockAllocatedBit
                0x0000000020001964        0x4 Middlewares/Third_Party/FreeRTOS/Source/portable/MemMang/heap_4.o
 *(COMMON)
 COMMON         0x0000000020001968        0x8 Core/Src/interface.o
                0x0000000020001968                button
                0x000000002000196c                value_adc
 COMMON         0x0000000020001970      0x14c Core/Src/main.o
                0x0000000020001970                mainTaskHandle
                0x0000000020001974                InterfaceTaskHandle
                0x0000000020001978                hadc1
                0x00000000200019e4                htim6
                0x0000000020001a30                huart2
 COMMON         0x0000000020001abc        0x4 Drivers/STM32G4xx_HAL_Driver/Src/stm32g4xx_hal.o
                0x0000000020001abc                uwTick
 COMMON         0x0000000020001ac0       0x40 Middlewares/Third_Party/FreeRTOS/Source/queue.o
                0x0000000020001ac0                xQueueRegistry
                0x0000000020001b00                . = ALIGN (0x4)
                0x0000000020001b00                _ebss = .
                0x0000000020001b00                __bss_end__ = _ebss

._user_heap_stack
                0x0000000020001b00      0x600 load address 0x0000000008007fb4
                0x0000000020001b00                . = ALIGN (0x8)
                [!provide]                        PROVIDE (end = .)
                0x0000000020001b00                PROVIDE (_end = .)
                0x0000000020001d00                . = (. + _Min_Heap_Size)
 *fill*         0x0000000020001b00      0x200 
                0x0000000020002100                . = (. + _Min_Stack_Size)
 *fill*         0x0000000020001d00      0x400 
                0x0000000020002100                . = ALIGN (0x8)

/DISCARD/
 libc.a(*)
 libm.a(*)
 libgcc.a(*)

.ARM.attributes
                0x0000000000000000       0x30
 *(.ARM.attributes)
 .ARM.attributes
                0x0000000000000000       0x22 /home/arne/st/stm32cubeide_1.5.1/plugins/com.st.stm32cube.ide.mcu.externaltools.gnu-tools-for-stm32.7-2018-q2-update.linux64_1.5.0.202011040924/tools/bin/../lib/gcc/arm-none-eabi/7.3.1/thumb/v7e-m/fpv4-sp/hard/crti.o
 .ARM.attributes
                0x0000000000000022       0x34 /home/arne/st/stm32cubeide_1.5.1/plugins/com.st.stm32cube.ide.mcu.externaltools.gnu-tools-for-stm32.7-2018-q2-update.linux64_1.5.0.202011040924/tools/bin/../lib/gcc/arm-none-eabi/7.3.1/thumb/v7e-m/fpv4-sp/hard/crtbegin.o
 .ARM.attributes
                0x0000000000000056       0x39 Core/Src/LCD1602.o
 .ARM.attributes
                0x000000000000008f       0x39 Core/Src/appmain.o
 .ARM.attributes
                0x00000000000000c8       0x39 Core/Src/interface.o
 .ARM.attributes
                0x0000000000000101       0x39 Core/Src/interface_screens.o
 .ARM.attributes
                0x000000000000013a       0x39 Core/Src/main.o
 .ARM.attributes
                0x0000000000000173       0x39 Core/Src/stm32g4xx_hal_msp.o
 .ARM.attributes
                0x00000000000001ac       0x39 Core/Src/stm32g4xx_it.o
 .ARM.attributes
                0x00000000000001e5       0x39 Core/Src/system_stm32g4xx.o
 .ARM.attributes
                0x000000000000021e       0x21 Core/Startup/startup_stm32g431kbtx.o
 .ARM.attributes
                0x000000000000023f       0x39 Drivers/STM32G4xx_HAL_Driver/Src/stm32g4xx_hal.o
 .ARM.attributes
                0x0000000000000278       0x39 Drivers/STM32G4xx_HAL_Driver/Src/stm32g4xx_hal_adc.o
 .ARM.attributes
                0x00000000000002b1       0x39 Drivers/STM32G4xx_HAL_Driver/Src/stm32g4xx_hal_adc_ex.o
 .ARM.attributes
                0x00000000000002ea       0x39 Drivers/STM32G4xx_HAL_Driver/Src/stm32g4xx_hal_cortex.o
 .ARM.attributes
                0x0000000000000323       0x39 Drivers/STM32G4xx_HAL_Driver/Src/stm32g4xx_hal_gpio.o
 .ARM.attributes
                0x000000000000035c       0x39 Drivers/STM32G4xx_HAL_Driver/Src/stm32g4xx_hal_pwr_ex.o
 .ARM.attributes
                0x0000000000000395       0x39 Drivers/STM32G4xx_HAL_Driver/Src/stm32g4xx_hal_rcc.o
 .ARM.attributes
                0x00000000000003ce       0x39 Drivers/STM32G4xx_HAL_Driver/Src/stm32g4xx_hal_rcc_ex.o
 .ARM.attributes
                0x0000000000000407       0x39 Drivers/STM32G4xx_HAL_Driver/Src/stm32g4xx_hal_tim.o
 .ARM.attributes
                0x0000000000000440       0x39 Drivers/STM32G4xx_HAL_Driver/Src/stm32g4xx_hal_tim_ex.o
 .ARM.attributes
                0x0000000000000479       0x39 Drivers/STM32G4xx_HAL_Driver/Src/stm32g4xx_hal_uart.o
 .ARM.attributes
                0x00000000000004b2       0x39 Drivers/STM32G4xx_HAL_Driver/Src/stm32g4xx_hal_uart_ex.o
 .ARM.attributes
                0x00000000000004eb       0x39 Middlewares/Third_Party/FreeRTOS/Source/CMSIS_RTOS_V2/cmsis_os2.o
 .ARM.attributes
                0x0000000000000524       0x39 Middlewares/Third_Party/FreeRTOS/Source/list.o
 .ARM.attributes
                0x000000000000055d       0x39 Middlewares/Third_Party/FreeRTOS/Source/queue.o
 .ARM.attributes
                0x0000000000000596       0x39 Middlewares/Third_Party/FreeRTOS/Source/tasks.o
 .ARM.attributes
                0x00000000000005cf       0x39 Middlewares/Third_Party/FreeRTOS/Source/timers.o
 .ARM.attributes
                0x0000000000000608       0x39 Middlewares/Third_Party/FreeRTOS/Source/portable/GCC/ARM_CM4F/port.o
 .ARM.attributes
                0x0000000000000641       0x39 Middlewares/Third_Party/FreeRTOS/Source/portable/MemMang/heap_4.o
 .ARM.attributes
                0x000000000000067a       0x34 /home/arne/st/stm32cubeide_1.5.1/plugins/com.st.stm32cube.ide.mcu.externaltools.gnu-tools-for-stm32.7-2018-q2-update.linux64_1.5.0.202011040924/tools/bin/../lib/gcc/arm-none-eabi/7.3.1/../../../../arm-none-eabi/lib/thumb/v7e-m/fpv4-sp/hard/libc_nano.a(lib_a-init.o)
 .ARM.attributes
                0x00000000000006ae       0x34 /home/arne/st/stm32cubeide_1.5.1/plugins/com.st.stm32cube.ide.mcu.externaltools.gnu-tools-for-stm32.7-2018-q2-update.linux64_1.5.0.202011040924/tools/bin/../lib/gcc/arm-none-eabi/7.3.1/../../../../arm-none-eabi/lib/thumb/v7e-m/fpv4-sp/hard/libc_nano.a(lib_a-memcpy-stub.o)
 .ARM.attributes
                0x00000000000006e2       0x34 /home/arne/st/stm32cubeide_1.5.1/plugins/com.st.stm32cube.ide.mcu.externaltools.gnu-tools-for-stm32.7-2018-q2-update.linux64_1.5.0.202011040924/tools/bin/../lib/gcc/arm-none-eabi/7.3.1/../../../../arm-none-eabi/lib/thumb/v7e-m/fpv4-sp/hard/libc_nano.a(lib_a-memset.o)
 .ARM.attributes
                0x0000000000000716       0x22 /home/arne/st/stm32cubeide_1.5.1/plugins/com.st.stm32cube.ide.mcu.externaltools.gnu-tools-for-stm32.7-2018-q2-update.linux64_1.5.0.202011040924/tools/bin/../lib/gcc/arm-none-eabi/7.3.1/thumb/v7e-m/fpv4-sp/hard/libgcc.a(_aeabi_uldivmod.o)
 .ARM.attributes
                0x0000000000000738       0x34 /home/arne/st/stm32cubeide_1.5.1/plugins/com.st.stm32cube.ide.mcu.externaltools.gnu-tools-for-stm32.7-2018-q2-update.linux64_1.5.0.202011040924/tools/bin/../lib/gcc/arm-none-eabi/7.3.1/thumb/v7e-m/fpv4-sp/hard/libgcc.a(_udivmoddi4.o)
 .ARM.attributes
                0x000000000000076c       0x22 /home/arne/st/stm32cubeide_1.5.1/plugins/com.st.stm32cube.ide.mcu.externaltools.gnu-tools-for-stm32.7-2018-q2-update.linux64_1.5.0.202011040924/tools/bin/../lib/gcc/arm-none-eabi/7.3.1/thumb/v7e-m/fpv4-sp/hard/libgcc.a(_dvmd_tls.o)
 .ARM.attributes
                0x000000000000078e       0x22 /home/arne/st/stm32cubeide_1.5.1/plugins/com.st.stm32cube.ide.mcu.externaltools.gnu-tools-for-stm32.7-2018-q2-update.linux64_1.5.0.202011040924/tools/bin/../lib/gcc/arm-none-eabi/7.3.1/thumb/v7e-m/fpv4-sp/hard/crtn.o
OUTPUT(EE5BoomBox3.elf elf32-littlearm)

.debug_info     0x0000000000000000    0x221f3
 .debug_info    0x0000000000000000      0xb3f Core/Src/LCD1602.o
 .debug_info    0x0000000000000b3f      0x2bf Core/Src/appmain.o
 .debug_info    0x0000000000000dfe      0xd06 Core/Src/interface.o
 .debug_info    0x0000000000001b04      0x499 Core/Src/interface_screens.o
 .debug_info    0x0000000000001f9d     0x1d21 Core/Src/main.o
 .debug_info    0x0000000000003cbe     0x1729 Core/Src/stm32g4xx_hal_msp.o
 .debug_info    0x00000000000053e7      0xa4b Core/Src/stm32g4xx_it.o
 .debug_info    0x0000000000005e32      0x6eb Core/Src/system_stm32g4xx.o
 .debug_info    0x000000000000651d       0x22 Core/Startup/startup_stm32g431kbtx.o
 .debug_info    0x000000000000653f      0xbe6 Drivers/STM32G4xx_HAL_Driver/Src/stm32g4xx_hal.o
 .debug_info    0x0000000000007125     0x2123 Drivers/STM32G4xx_HAL_Driver/Src/stm32g4xx_hal_adc.o
 .debug_info    0x0000000000009248     0x1e34 Drivers/STM32G4xx_HAL_Driver/Src/stm32g4xx_hal_adc_ex.o
 .debug_info    0x000000000000b07c      0xef7 Drivers/STM32G4xx_HAL_Driver/Src/stm32g4xx_hal_cortex.o
 .debug_info    0x000000000000bf73      0x99e Drivers/STM32G4xx_HAL_Driver/Src/stm32g4xx_hal_gpio.o
 .debug_info    0x000000000000c911      0xad8 Drivers/STM32G4xx_HAL_Driver/Src/stm32g4xx_hal_pwr_ex.o
 .debug_info    0x000000000000d3e9      0xccb Drivers/STM32G4xx_HAL_Driver/Src/stm32g4xx_hal_rcc.o
 .debug_info    0x000000000000e0b4      0xdb8 Drivers/STM32G4xx_HAL_Driver/Src/stm32g4xx_hal_rcc_ex.o
 .debug_info    0x000000000000ee6c     0x2b63 Drivers/STM32G4xx_HAL_Driver/Src/stm32g4xx_hal_tim.o
 .debug_info    0x00000000000119cf     0x1ccf Drivers/STM32G4xx_HAL_Driver/Src/stm32g4xx_hal_tim_ex.o
 .debug_info    0x000000000001369e     0x1a91 Drivers/STM32G4xx_HAL_Driver/Src/stm32g4xx_hal_uart.o
 .debug_info    0x000000000001512f      0xca0 Drivers/STM32G4xx_HAL_Driver/Src/stm32g4xx_hal_uart_ex.o
 .debug_info    0x0000000000015dcf     0x4021 Middlewares/Third_Party/FreeRTOS/Source/CMSIS_RTOS_V2/cmsis_os2.o
 .debug_info    0x0000000000019df0      0xacb Middlewares/Third_Party/FreeRTOS/Source/list.o
 .debug_info    0x000000000001a8bb     0x239c Middlewares/Third_Party/FreeRTOS/Source/queue.o
 .debug_info    0x000000000001cc57     0x29c5 Middlewares/Third_Party/FreeRTOS/Source/tasks.o
 .debug_info    0x000000000001f61c     0x1aba Middlewares/Third_Party/FreeRTOS/Source/timers.o
 .debug_info    0x00000000000210d6      0x533 Middlewares/Third_Party/FreeRTOS/Source/portable/GCC/ARM_CM4F/port.o
 .debug_info    0x0000000000021609      0xbea Middlewares/Third_Party/FreeRTOS/Source/portable/MemMang/heap_4.o

.debug_abbrev   0x0000000000000000     0x3b30
 .debug_abbrev  0x0000000000000000      0x1cc Core/Src/LCD1602.o
 .debug_abbrev  0x00000000000001cc       0xde Core/Src/appmain.o
 .debug_abbrev  0x00000000000002aa      0x1c8 Core/Src/interface.o
 .debug_abbrev  0x0000000000000472      0x175 Core/Src/interface_screens.o
 .debug_abbrev  0x00000000000005e7      0x294 Core/Src/main.o
 .debug_abbrev  0x000000000000087b      0x1eb Core/Src/stm32g4xx_hal_msp.o
 .debug_abbrev  0x0000000000000a66      0x158 Core/Src/stm32g4xx_it.o
 .debug_abbrev  0x0000000000000bbe      0x147 Core/Src/system_stm32g4xx.o
 .debug_abbrev  0x0000000000000d05       0x12 Core/Startup/startup_stm32g431kbtx.o
 .debug_abbrev  0x0000000000000d17      0x1fb Drivers/STM32G4xx_HAL_Driver/Src/stm32g4xx_hal.o
 .debug_abbrev  0x0000000000000f12      0x25d Drivers/STM32G4xx_HAL_Driver/Src/stm32g4xx_hal_adc.o
 .debug_abbrev  0x000000000000116f      0x27d Drivers/STM32G4xx_HAL_Driver/Src/stm32g4xx_hal_adc_ex.o
 .debug_abbrev  0x00000000000013ec      0x2f1 Drivers/STM32G4xx_HAL_Driver/Src/stm32g4xx_hal_cortex.o
 .debug_abbrev  0x00000000000016dd      0x1c0 Drivers/STM32G4xx_HAL_Driver/Src/stm32g4xx_hal_gpio.o
 .debug_abbrev  0x000000000000189d      0x1fd Drivers/STM32G4xx_HAL_Driver/Src/stm32g4xx_hal_pwr_ex.o
 .debug_abbrev  0x0000000000001a9a      0x245 Drivers/STM32G4xx_HAL_Driver/Src/stm32g4xx_hal_rcc.o
 .debug_abbrev  0x0000000000001cdf      0x204 Drivers/STM32G4xx_HAL_Driver/Src/stm32g4xx_hal_rcc_ex.o
 .debug_abbrev  0x0000000000001ee3      0x25b Drivers/STM32G4xx_HAL_Driver/Src/stm32g4xx_hal_tim.o
 .debug_abbrev  0x000000000000213e      0x261 Drivers/STM32G4xx_HAL_Driver/Src/stm32g4xx_hal_tim_ex.o
 .debug_abbrev  0x000000000000239f      0x212 Drivers/STM32G4xx_HAL_Driver/Src/stm32g4xx_hal_uart.o
 .debug_abbrev  0x00000000000025b1      0x1e2 Drivers/STM32G4xx_HAL_Driver/Src/stm32g4xx_hal_uart_ex.o
 .debug_abbrev  0x0000000000002793      0x3c3 Middlewares/Third_Party/FreeRTOS/Source/CMSIS_RTOS_V2/cmsis_os2.o
 .debug_abbrev  0x0000000000002b56      0x1cf Middlewares/Third_Party/FreeRTOS/Source/list.o
 .debug_abbrev  0x0000000000002d25      0x336 Middlewares/Third_Party/FreeRTOS/Source/queue.o
 .debug_abbrev  0x000000000000305b      0x350 Middlewares/Third_Party/FreeRTOS/Source/tasks.o
 .debug_abbrev  0x00000000000033ab      0x2d7 Middlewares/Third_Party/FreeRTOS/Source/timers.o
 .debug_abbrev  0x0000000000003682      0x210 Middlewares/Third_Party/FreeRTOS/Source/portable/GCC/ARM_CM4F/port.o
 .debug_abbrev  0x0000000000003892      0x29e Middlewares/Third_Party/FreeRTOS/Source/portable/MemMang/heap_4.o

.debug_aranges  0x0000000000000000     0x1c10
 .debug_aranges
                0x0000000000000000       0x58 Core/Src/LCD1602.o
 .debug_aranges
                0x0000000000000058       0x28 Core/Src/appmain.o
 .debug_aranges
                0x0000000000000080       0x60 Core/Src/interface.o
 .debug_aranges
                0x00000000000000e0       0x48 Core/Src/interface_screens.o
 .debug_aranges
                0x0000000000000128       0x70 Core/Src/main.o
 .debug_aranges
                0x0000000000000198       0x50 Core/Src/stm32g4xx_hal_msp.o
 .debug_aranges
                0x00000000000001e8       0x60 Core/Src/stm32g4xx_it.o
 .debug_aranges
                0x0000000000000248       0x28 Core/Src/system_stm32g4xx.o
 .debug_aranges
                0x0000000000000270       0x28 Core/Startup/startup_stm32g431kbtx.o
 .debug_aranges
                0x0000000000000298      0x130 Drivers/STM32G4xx_HAL_Driver/Src/stm32g4xx_hal.o
 .debug_aranges
                0x00000000000003c8      0x248 Drivers/STM32G4xx_HAL_Driver/Src/stm32g4xx_hal_adc.o
 .debug_aranges
                0x0000000000000610      0x1c0 Drivers/STM32G4xx_HAL_Driver/Src/stm32g4xx_hal_adc_ex.o
 .debug_aranges
                0x00000000000007d0      0x118 Drivers/STM32G4xx_HAL_Driver/Src/stm32g4xx_hal_cortex.o
 .debug_aranges
                0x00000000000008e8       0x58 Drivers/STM32G4xx_HAL_Driver/Src/stm32g4xx_hal_gpio.o
 .debug_aranges
                0x0000000000000940      0x140 Drivers/STM32G4xx_HAL_Driver/Src/stm32g4xx_hal_pwr_ex.o
 .debug_aranges
                0x0000000000000a80       0x98 Drivers/STM32G4xx_HAL_Driver/Src/stm32g4xx_hal_rcc.o
 .debug_aranges
                0x0000000000000b18       0xb0 Drivers/STM32G4xx_HAL_Driver/Src/stm32g4xx_hal_rcc_ex.o
 .debug_aranges
                0x0000000000000bc8      0x3e0 Drivers/STM32G4xx_HAL_Driver/Src/stm32g4xx_hal_tim.o
 .debug_aranges
                0x0000000000000fa8      0x240 Drivers/STM32G4xx_HAL_Driver/Src/stm32g4xx_hal_tim_ex.o
 .debug_aranges
                0x00000000000011e8      0x230 Drivers/STM32G4xx_HAL_Driver/Src/stm32g4xx_hal_uart.o
 .debug_aranges
                0x0000000000001418       0x88 Drivers/STM32G4xx_HAL_Driver/Src/stm32g4xx_hal_uart_ex.o
 .debug_aranges
                0x00000000000014a0      0x228 Middlewares/Third_Party/FreeRTOS/Source/CMSIS_RTOS_V2/cmsis_os2.o
 .debug_aranges
                0x00000000000016c8       0x40 Middlewares/Third_Party/FreeRTOS/Source/list.o
 .debug_aranges
                0x0000000000001708      0x158 Middlewares/Third_Party/FreeRTOS/Source/queue.o
 .debug_aranges
                0x0000000000001860      0x1f8 Middlewares/Third_Party/FreeRTOS/Source/tasks.o
 .debug_aranges
                0x0000000000001a58       0xe8 Middlewares/Third_Party/FreeRTOS/Source/timers.o
 .debug_aranges
                0x0000000000001b40       0x80 Middlewares/Third_Party/FreeRTOS/Source/portable/GCC/ARM_CM4F/port.o
 .debug_aranges
                0x0000000000001bc0       0x50 Middlewares/Third_Party/FreeRTOS/Source/portable/MemMang/heap_4.o

.debug_ranges   0x0000000000000000     0x1a58
 .debug_ranges  0x0000000000000000       0x48 Core/Src/LCD1602.o
 .debug_ranges  0x0000000000000048       0x18 Core/Src/appmain.o
 .debug_ranges  0x0000000000000060       0x50 Core/Src/interface.o
 .debug_ranges  0x00000000000000b0       0x38 Core/Src/interface_screens.o
 .debug_ranges  0x00000000000000e8       0x60 Core/Src/main.o
 .debug_ranges  0x0000000000000148       0x40 Core/Src/stm32g4xx_hal_msp.o
 .debug_ranges  0x0000000000000188       0x50 Core/Src/stm32g4xx_it.o
 .debug_ranges  0x00000000000001d8       0x18 Core/Src/system_stm32g4xx.o
 .debug_ranges  0x00000000000001f0       0x20 Core/Startup/startup_stm32g431kbtx.o
 .debug_ranges  0x0000000000000210      0x120 Drivers/STM32G4xx_HAL_Driver/Src/stm32g4xx_hal.o
 .debug_ranges  0x0000000000000330      0x238 Drivers/STM32G4xx_HAL_Driver/Src/stm32g4xx_hal_adc.o
 .debug_ranges  0x0000000000000568      0x1b0 Drivers/STM32G4xx_HAL_Driver/Src/stm32g4xx_hal_adc_ex.o
 .debug_ranges  0x0000000000000718      0x108 Drivers/STM32G4xx_HAL_Driver/Src/stm32g4xx_hal_cortex.o
 .debug_ranges  0x0000000000000820       0x48 Drivers/STM32G4xx_HAL_Driver/Src/stm32g4xx_hal_gpio.o
 .debug_ranges  0x0000000000000868      0x130 Drivers/STM32G4xx_HAL_Driver/Src/stm32g4xx_hal_pwr_ex.o
 .debug_ranges  0x0000000000000998       0x88 Drivers/STM32G4xx_HAL_Driver/Src/stm32g4xx_hal_rcc.o
 .debug_ranges  0x0000000000000a20       0xa0 Drivers/STM32G4xx_HAL_Driver/Src/stm32g4xx_hal_rcc_ex.o
 .debug_ranges  0x0000000000000ac0      0x3d0 Drivers/STM32G4xx_HAL_Driver/Src/stm32g4xx_hal_tim.o
 .debug_ranges  0x0000000000000e90      0x230 Drivers/STM32G4xx_HAL_Driver/Src/stm32g4xx_hal_tim_ex.o
 .debug_ranges  0x00000000000010c0      0x220 Drivers/STM32G4xx_HAL_Driver/Src/stm32g4xx_hal_uart.o
 .debug_ranges  0x00000000000012e0       0x78 Drivers/STM32G4xx_HAL_Driver/Src/stm32g4xx_hal_uart_ex.o
 .debug_ranges  0x0000000000001358      0x218 Middlewares/Third_Party/FreeRTOS/Source/CMSIS_RTOS_V2/cmsis_os2.o
 .debug_ranges  0x0000000000001570       0x30 Middlewares/Third_Party/FreeRTOS/Source/list.o
 .debug_ranges  0x00000000000015a0      0x148 Middlewares/Third_Party/FreeRTOS/Source/queue.o
 .debug_ranges  0x00000000000016e8      0x1e8 Middlewares/Third_Party/FreeRTOS/Source/tasks.o
 .debug_ranges  0x00000000000018d0       0xd8 Middlewares/Third_Party/FreeRTOS/Source/timers.o
 .debug_ranges  0x00000000000019a8       0x70 Middlewares/Third_Party/FreeRTOS/Source/portable/GCC/ARM_CM4F/port.o
 .debug_ranges  0x0000000000001a18       0x40 Middlewares/Third_Party/FreeRTOS/Source/portable/MemMang/heap_4.o

.debug_macro    0x0000000000000000    0x21eb0
 .debug_macro   0x0000000000000000      0x2d9 Core/Src/LCD1602.o
 .debug_macro   0x00000000000002d9      0xa5a Core/Src/LCD1602.o
 .debug_macro   0x0000000000000d33      0x161 Core/Src/LCD1602.o
 .debug_macro   0x0000000000000e94       0x2e Core/Src/LCD1602.o
 .debug_macro   0x0000000000000ec2       0x28 Core/Src/LCD1602.o
 .debug_macro   0x0000000000000eea       0x22 Core/Src/LCD1602.o
 .debug_macro   0x0000000000000f0c       0x8e Core/Src/LCD1602.o
 .debug_macro   0x0000000000000f9a       0x51 Core/Src/LCD1602.o
 .debug_macro   0x0000000000000feb       0xef Core/Src/LCD1602.o
 .debug_macro   0x00000000000010da       0x6a Core/Src/LCD1602.o
 .debug_macro   0x0000000000001144      0x1df Core/Src/LCD1602.o
 .debug_macro   0x0000000000001323       0x1c Core/Src/LCD1602.o
 .debug_macro   0x000000000000133f       0x22 Core/Src/LCD1602.o
 .debug_macro   0x0000000000001361      0x101 Core/Src/LCD1602.o
 .debug_macro   0x0000000000001462     0x1011 Core/Src/LCD1602.o
 .debug_macro   0x0000000000002473      0x11f Core/Src/LCD1602.o
 .debug_macro   0x0000000000002592    0x1138f Core/Src/LCD1602.o
 .debug_macro   0x0000000000013921       0x43 Core/Src/LCD1602.o
 .debug_macro   0x0000000000013964     0x34ed Core/Src/LCD1602.o
 .debug_macro   0x0000000000016e51      0x174 Core/Src/LCD1602.o
 .debug_macro   0x0000000000016fc5       0x5a Core/Src/LCD1602.o
 .debug_macro   0x000000000001701f     0x13de Core/Src/LCD1602.o
 .debug_macro   0x00000000000183fd      0x535 Core/Src/LCD1602.o
 .debug_macro   0x0000000000018932      0x137 Core/Src/LCD1602.o
 .debug_macro   0x0000000000018a69      0x289 Core/Src/LCD1602.o
 .debug_macro   0x0000000000018cf2      0x41d Core/Src/LCD1602.o
 .debug_macro   0x000000000001910f      0x18b Core/Src/LCD1602.o
 .debug_macro   0x000000000001929a       0x43 Core/Src/LCD1602.o
 .debug_macro   0x00000000000192dd      0x23d Core/Src/LCD1602.o
 .debug_macro   0x000000000001951a     0x10fd Core/Src/LCD1602.o
 .debug_macro   0x000000000001a617      0x72e Core/Src/LCD1602.o
 .debug_macro   0x000000000001ad45      0x391 Core/Src/LCD1602.o
 .debug_macro   0x000000000001b0d6      0x212 Core/Src/LCD1602.o
 .debug_macro   0x000000000001b2e8      0x401 Core/Src/LCD1602.o
 .debug_macro   0x000000000001b6e9      0x107 Core/Src/LCD1602.o
 .debug_macro   0x000000000001b7f0      0x122 Core/Src/LCD1602.o
 .debug_macro   0x000000000001b912      0x3d1 Core/Src/LCD1602.o
 .debug_macro   0x000000000001bce3      0xbbe Core/Src/LCD1602.o
 .debug_macro   0x000000000001c8a1      0x47e Core/Src/LCD1602.o
 .debug_macro   0x000000000001cd1f      0x662 Core/Src/LCD1602.o
 .debug_macro   0x000000000001d381       0xa6 Core/Src/LCD1602.o
 .debug_macro   0x000000000001d427      0x307 Core/Src/LCD1602.o
 .debug_macro   0x000000000001d72e      0x130 Core/Src/LCD1602.o
 .debug_macro   0x000000000001d85e      0x15a Core/Src/LCD1602.o
 .debug_macro   0x000000000001d9b8       0xc9 Core/Src/LCD1602.o
 .debug_macro   0x000000000001da81       0x1c Core/Src/LCD1602.o
 .debug_macro   0x000000000001da9d       0x26 Core/Src/LCD1602.o
 .debug_macro   0x000000000001dac3      0x4b0 Core/Src/LCD1602.o
 .debug_macro   0x000000000001df73       0xb5 Core/Src/LCD1602.o
 .debug_macro   0x000000000001e028       0xaa Core/Src/LCD1602.o
 .debug_macro   0x000000000001e0d2       0x66 Core/Src/LCD1602.o
 .debug_macro   0x000000000001e138       0x74 Core/Src/LCD1602.o
 .debug_macro   0x000000000001e1ac       0xdd Core/Src/LCD1602.o
 .debug_macro   0x000000000001e289      0x29a Core/Src/appmain.o
 .debug_macro   0x000000000001e523      0x2bb Core/Src/interface.o
 .debug_macro   0x000000000001e7de       0x22 Core/Src/interface.o
 .debug_macro   0x000000000001e800       0x10 Core/Src/interface.o
 .debug_macro   0x000000000001e810       0xfb Core/Src/interface.o
 .debug_macro   0x000000000001e90b       0x28 Core/Src/interface.o
 .debug_macro   0x000000000001e933      0x213 Core/Src/interface_screens.o
 .debug_macro   0x000000000001eb46       0x2e Core/Src/interface_screens.o
 .debug_macro   0x000000000001eb74      0x2ad Core/Src/main.o
 .debug_macro   0x000000000001ee21      0x200 Core/Src/stm32g4xx_hal_msp.o
 .debug_macro   0x000000000001f021      0x272 Core/Src/stm32g4xx_it.o
 .debug_macro   0x000000000001f293      0x1f7 Core/Src/system_stm32g4xx.o
 .debug_macro   0x000000000001f48a      0x23f Drivers/STM32G4xx_HAL_Driver/Src/stm32g4xx_hal.o
 .debug_macro   0x000000000001f6c9      0x20e Drivers/STM32G4xx_HAL_Driver/Src/stm32g4xx_hal_adc.o
 .debug_macro   0x000000000001f8d7      0x1fd Drivers/STM32G4xx_HAL_Driver/Src/stm32g4xx_hal_adc_ex.o
 .debug_macro   0x000000000001fad4      0x1f1 Drivers/STM32G4xx_HAL_Driver/Src/stm32g4xx_hal_cortex.o
 .debug_macro   0x000000000001fcc5      0x229 Drivers/STM32G4xx_HAL_Driver/Src/stm32g4xx_hal_gpio.o
 .debug_macro   0x000000000001feee      0x21b Drivers/STM32G4xx_HAL_Driver/Src/stm32g4xx_hal_pwr_ex.o
 .debug_macro   0x0000000000020109      0x22d Drivers/STM32G4xx_HAL_Driver/Src/stm32g4xx_hal_rcc.o
 .debug_macro   0x0000000000020336      0x21b Drivers/STM32G4xx_HAL_Driver/Src/stm32g4xx_hal_rcc_ex.o
 .debug_macro   0x0000000000020551      0x1f9 Drivers/STM32G4xx_HAL_Driver/Src/stm32g4xx_hal_tim.o
 .debug_macro   0x000000000002074a      0x1f7 Drivers/STM32G4xx_HAL_Driver/Src/stm32g4xx_hal_tim_ex.o
 .debug_macro   0x0000000000020941      0x21c Drivers/STM32G4xx_HAL_Driver/Src/stm32g4xx_hal_uart.o
 .debug_macro   0x0000000000020b5d      0x1fd Drivers/STM32G4xx_HAL_Driver/Src/stm32g4xx_hal_uart_ex.o
 .debug_macro   0x0000000000020d5a      0x23a Middlewares/Third_Party/FreeRTOS/Source/CMSIS_RTOS_V2/cmsis_os2.o
 .debug_macro   0x0000000000020f94       0x10 Middlewares/Third_Party/FreeRTOS/Source/CMSIS_RTOS_V2/cmsis_os2.o
 .debug_macro   0x0000000000020fa4       0x20 Middlewares/Third_Party/FreeRTOS/Source/CMSIS_RTOS_V2/cmsis_os2.o
 .debug_macro   0x0000000000020fc4       0xf5 Middlewares/Third_Party/FreeRTOS/Source/CMSIS_RTOS_V2/cmsis_os2.o
 .debug_macro   0x00000000000210b9       0x91 Middlewares/Third_Party/FreeRTOS/Source/CMSIS_RTOS_V2/cmsis_os2.o
 .debug_macro   0x000000000002114a       0x8d Middlewares/Third_Party/FreeRTOS/Source/CMSIS_RTOS_V2/cmsis_os2.o
 .debug_macro   0x00000000000211d7       0x9a Middlewares/Third_Party/FreeRTOS/Source/CMSIS_RTOS_V2/cmsis_os2.o
 .debug_macro   0x0000000000021271      0x17a Middlewares/Third_Party/FreeRTOS/Source/list.o
 .debug_macro   0x00000000000213eb      0x209 Middlewares/Third_Party/FreeRTOS/Source/queue.o
 .debug_macro   0x00000000000215f4       0x16 Middlewares/Third_Party/FreeRTOS/Source/queue.o
 .debug_macro   0x000000000002160a       0x87 Middlewares/Third_Party/FreeRTOS/Source/queue.o
 .debug_macro   0x0000000000021691      0x272 Middlewares/Third_Party/FreeRTOS/Source/tasks.o
 .debug_macro   0x0000000000021903       0x10 Middlewares/Third_Party/FreeRTOS/Source/tasks.o
 .debug_macro   0x0000000000021913      0x1cf Middlewares/Third_Party/FreeRTOS/Source/timers.o
 .debug_macro   0x0000000000021ae2       0x97 Middlewares/Third_Party/FreeRTOS/Source/timers.o
 .debug_macro   0x0000000000021b79      0x196 Middlewares/Third_Party/FreeRTOS/Source/portable/GCC/ARM_CM4F/port.o
 .debug_macro   0x0000000000021d0f      0x1a1 Middlewares/Third_Party/FreeRTOS/Source/portable/MemMang/heap_4.o

.debug_line     0x0000000000000000    0x168bc
 .debug_line    0x0000000000000000      0x91e Core/Src/LCD1602.o
 .debug_line    0x000000000000091e      0x881 Core/Src/appmain.o
 .debug_line    0x000000000000119f      0x9a8 Core/Src/interface.o
 .debug_line    0x0000000000001b47      0x7a3 Core/Src/interface_screens.o
 .debug_line    0x00000000000022ea      0x9de Core/Src/main.o
 .debug_line    0x0000000000002cc8      0x79e Core/Src/stm32g4xx_hal_msp.o
 .debug_line    0x0000000000003466      0x8c7 Core/Src/stm32g4xx_it.o
 .debug_line    0x0000000000003d2d      0x731 Core/Src/system_stm32g4xx.o
 .debug_line    0x000000000000445e       0x89 Core/Startup/startup_stm32g431kbtx.o
 .debug_line    0x00000000000044e7      0x9b7 Drivers/STM32G4xx_HAL_Driver/Src/stm32g4xx_hal.o
 .debug_line    0x0000000000004e9e     0x1541 Drivers/STM32G4xx_HAL_Driver/Src/stm32g4xx_hal_adc.o
 .debug_line    0x00000000000063df     0x1253 Drivers/STM32G4xx_HAL_Driver/Src/stm32g4xx_hal_adc_ex.o
 .debug_line    0x0000000000007632      0xa3f Drivers/STM32G4xx_HAL_Driver/Src/stm32g4xx_hal_cortex.o
 .debug_line    0x0000000000008071      0x8b9 Drivers/STM32G4xx_HAL_Driver/Src/stm32g4xx_hal_gpio.o
 .debug_line    0x000000000000892a      0xaa2 Drivers/STM32G4xx_HAL_Driver/Src/stm32g4xx_hal_pwr_ex.o
 .debug_line    0x00000000000093cc      0x9f6 Drivers/STM32G4xx_HAL_Driver/Src/stm32g4xx_hal_rcc.o
 .debug_line    0x0000000000009dc2      0xba0 Drivers/STM32G4xx_HAL_Driver/Src/stm32g4xx_hal_rcc_ex.o
 .debug_line    0x000000000000a962     0x2835 Drivers/STM32G4xx_HAL_Driver/Src/stm32g4xx_hal_tim.o
 .debug_line    0x000000000000d197     0x185c Drivers/STM32G4xx_HAL_Driver/Src/stm32g4xx_hal_tim_ex.o
 .debug_line    0x000000000000e9f3     0x13aa Drivers/STM32G4xx_HAL_Driver/Src/stm32g4xx_hal_uart.o
 .debug_line    0x000000000000fd9d      0x988 Drivers/STM32G4xx_HAL_Driver/Src/stm32g4xx_hal_uart_ex.o
 .debug_line    0x0000000000010725     0x1e04 Middlewares/Third_Party/FreeRTOS/Source/CMSIS_RTOS_V2/cmsis_os2.o
 .debug_line    0x0000000000012529      0x65d Middlewares/Third_Party/FreeRTOS/Source/list.o
 .debug_line    0x0000000000012b86     0x10f2 Middlewares/Third_Party/FreeRTOS/Source/queue.o
 .debug_line    0x0000000000013c78     0x13fa Middlewares/Third_Party/FreeRTOS/Source/tasks.o
 .debug_line    0x0000000000015072      0xa70 Middlewares/Third_Party/FreeRTOS/Source/timers.o
 .debug_line    0x0000000000015ae2      0x697 Middlewares/Third_Party/FreeRTOS/Source/portable/GCC/ARM_CM4F/port.o
 .debug_line    0x0000000000016179      0x743 Middlewares/Third_Party/FreeRTOS/Source/portable/MemMang/heap_4.o

.debug_str      0x0000000000000000    0xe3da8
 .debug_str     0x0000000000000000    0xd4f37 Core/Src/LCD1602.o
                                      0xd561b (size before relaxing)
 .debug_str     0x00000000000d4f37      0x36b Core/Src/appmain.o
                                      0xd51fb (size before relaxing)
 .debug_str     0x00000000000d52a2      0x4c9 Core/Src/interface.o
                                      0xd59e8 (size before relaxing)