bluetooth_uart.c:72:5:readEvent	16	static
bluetooth_uart.c:114:9:makeCheckSum	8	static
bluetooth_uart.c:105:10:makeCommand	24	static
bluetooth_uart.c:62:6:sendCommand	24	dynamic
bluetooth_uart.c:13:6:bmEnterPairingModeFromOff	16	static
bluetooth_uart.c:18:6:bmChangeDeviceName	8	static
bluetooth_uart.c:23:6:bmPowerOn	16	static
bluetooth_uart.c:30:6:bmPlayPauseMusic	16	static
bluetooth_uart.c:35:6:bmDisconnect	16	static
bluetooth_uart.c:39:6:bmSwitchToNextSong	16	static
bluetooth_uart.c:44:6:bmSwitchToPreviousSong	16	static
bluetooth_uart.c:49:6:bmReadBtmVersion	16	static
bluetooth_uart.c:57:6:bmPowerOff	16	static
