core_cm4.h:1679:22:__NVIC_EnableIRQ	16	static,ignoring_inline_asm
core_cm4.h:1809:22:__NVIC_SetPriority	16	static
main.c:78:5:main	24	static
main.c:148:6:SystemClock_Config	152	static
main.c:203:13:MX_USART1_UART_Init	8	static
main.c:255:13:MX_USART2_UART_Init	8	static
main.c:302:13:MX_DMA_Init	16	static
main.c:321:13:MX_GPIO_Init	40	static
main.c:358:21:getUartPointerBluetooth	4	static
main.c:364:6:HAL_UART_RxCpltCallback	24	static
main.c:396:6:HAL_UART_ErrorCallback	24	static
main.c:402:7:testRxReceive	8	static
main.c:417:6:Error_Handler	4	static,ignoring_inline_asm
