Archive member included to satisfy reference by file (symbol)

/opt/st/stm32cubeide_1.5.1/plugins/com.st.stm32cube.ide.mcu.externaltools.gnu-tools-for-stm32.7-2018-q2-update.linux64_1.5.0.202011040924/tools/bin/../lib/gcc/arm-none-eabi/7.3.1/../../../../arm-none-eabi/lib/thumb/v7e-m/fpv4-sp/hard/libc_nano.a(lib_a-errno.o)
                              Core/Src/syscalls.o (__errno)
/opt/st/stm32cubeide_1.5.1/plugins/com.st.stm32cube.ide.mcu.externaltools.gnu-tools-for-stm32.7-2018-q2-update.linux64_1.5.0.202011040924/tools/bin/../lib/gcc/arm-none-eabi/7.3.1/../../../../arm-none-eabi/lib/thumb/v7e-m/fpv4-sp/hard/libc_nano.a(lib_a-exit.o)
                              /opt/st/stm32cubeide_1.5.1/plugins/com.st.stm32cube.ide.mcu.externaltools.gnu-tools-for-stm32.7-2018-q2-update.linux64_1.5.0.202011040924/tools/bin/../lib/gcc/arm-none-eabi/7.3.1/../../../../arm-none-eabi/lib/thumb/v7e-m/fpv4-sp/hard/crt0.o (exit)
/opt/st/stm32cubeide_1.5.1/plugins/com.st.stm32cube.ide.mcu.externaltools.gnu-tools-for-stm32.7-2018-q2-update.linux64_1.5.0.202011040924/tools/bin/../lib/gcc/arm-none-eabi/7.3.1/../../../../arm-none-eabi/lib/thumb/v7e-m/fpv4-sp/hard/libc_nano.a(lib_a-impure.o)
                              /opt/st/stm32cubeide_1.5.1/plugins/com.st.stm32cube.ide.mcu.externaltools.gnu-tools-for-stm32.7-2018-q2-update.linux64_1.5.0.202011040924/tools/bin/../lib/gcc/arm-none-eabi/7.3.1/../../../../arm-none-eabi/lib/thumb/v7e-m/fpv4-sp/hard/libc_nano.a(lib_a-exit.o) (_global_impure_ptr)
/opt/st/stm32cubeide_1.5.1/plugins/com.st.stm32cube.ide.mcu.externaltools.gnu-tools-for-stm32.7-2018-q2-update.linux64_1.5.0.202011040924/tools/bin/../lib/gcc/arm-none-eabi/7.3.1/../../../../arm-none-eabi/lib/thumb/v7e-m/fpv4-sp/hard/libc_nano.a(lib_a-init.o)
                              /opt/st/stm32cubeide_1.5.1/plugins/com.st.stm32cube.ide.mcu.externaltools.gnu-tools-for-stm32.7-2018-q2-update.linux64_1.5.0.202011040924/tools/bin/../lib/gcc/arm-none-eabi/7.3.1/../../../../arm-none-eabi/lib/thumb/v7e-m/fpv4-sp/hard/crt0.o (__libc_init_array)
/opt/st/stm32cubeide_1.5.1/plugins/com.st.stm32cube.ide.mcu.externaltools.gnu-tools-for-stm32.7-2018-q2-update.linux64_1.5.0.202011040924/tools/bin/../lib/gcc/arm-none-eabi/7.3.1/../../../../arm-none-eabi/lib/thumb/v7e-m/fpv4-sp/hard/libc_nano.a(lib_a-memcpy-stub.o)
                              Core/Src/bluetooth_uart.o (memcpy)
/opt/st/stm32cubeide_1.5.1/plugins/com.st.stm32cube.ide.mcu.externaltools.gnu-tools-for-stm32.7-2018-q2-update.linux64_1.5.0.202011040924/tools/bin/../lib/gcc/arm-none-eabi/7.3.1/../../../../arm-none-eabi/lib/thumb/v7e-m/fpv4-sp/hard/libc_nano.a(lib_a-memset.o)
                              /opt/st/stm32cubeide_1.5.1/plugins/com.st.stm32cube.ide.mcu.externaltools.gnu-tools-for-stm32.7-2018-q2-update.linux64_1.5.0.202011040924/tools/bin/../lib/gcc/arm-none-eabi/7.3.1/../../../../arm-none-eabi/lib/thumb/v7e-m/fpv4-sp/hard/crt0.o (memset)
/opt/st/stm32cubeide_1.5.1/plugins/com.st.stm32cube.ide.mcu.externaltools.gnu-tools-for-stm32.7-2018-q2-update.linux64_1.5.0.202011040924/tools/bin/../lib/gcc/arm-none-eabi/7.3.1/../../../../arm-none-eabi/lib/thumb/v7e-m/fpv4-sp/hard/libc_nano.a(lib_a-strlen.o)
                              Core/Src/bluetooth_uart.o (strlen)
/opt/st/stm32cubeide_1.5.1/plugins/com.st.stm32cube.ide.mcu.externaltools.gnu-tools-for-stm32.7-2018-q2-update.linux64_1.5.0.202011040924/tools/bin/../lib/gcc/arm-none-eabi/7.3.1/../../../../arm-none-eabi/lib/thumb/v7e-m/fpv4-sp/hard/libc_nano.a(lib_a-strncpy.o)
                              Core/Src/interface_screens.o (strncpy)
/opt/st/stm32cubeide_1.5.1/plugins/com.st.stm32cube.ide.mcu.externaltools.gnu-tools-for-stm32.7-2018-q2-update.linux64_1.5.0.202011040924/tools/bin/../lib/gcc/arm-none-eabi/7.3.1/thumb/v7e-m/fpv4-sp/hard/libgcc.a(_arm_addsubdf3.o)
                              Core/Src/ledeffects.o (__aeabi_dadd)
/opt/st/stm32cubeide_1.5.1/plugins/com.st.stm32cube.ide.mcu.externaltools.gnu-tools-for-stm32.7-2018-q2-update.linux64_1.5.0.202011040924/tools/bin/../lib/gcc/arm-none-eabi/7.3.1/thumb/v7e-m/fpv4-sp/hard/libgcc.a(_arm_muldivdf3.o)
                              Core/Src/interface.o (__aeabi_dmul)
/opt/st/stm32cubeide_1.5.1/plugins/com.st.stm32cube.ide.mcu.externaltools.gnu-tools-for-stm32.7-2018-q2-update.linux64_1.5.0.202011040924/tools/bin/../lib/gcc/arm-none-eabi/7.3.1/thumb/v7e-m/fpv4-sp/hard/libgcc.a(_arm_fixunsdfsi.o)
                              Core/Src/interface.o (__aeabi_d2uiz)
/opt/st/stm32cubeide_1.5.1/plugins/com.st.stm32cube.ide.mcu.externaltools.gnu-tools-for-stm32.7-2018-q2-update.linux64_1.5.0.202011040924/tools/bin/../lib/gcc/arm-none-eabi/7.3.1/thumb/v7e-m/fpv4-sp/hard/libgcc.a(_aeabi_ldivmod.o)
                              Drivers/STM32G4xx_HAL_Driver/Src/stm32g4xx_hal_uart.o (__aeabi_ldivmod)
[...]
Memory Configuration

Name             Origin             Length             Attributes
RAM              0x0000000020000000 0x0000000000008000 xrw
FLASH            0x0000000008000000 0x0000000000020000 xr
*default*        0x0000000000000000 0xffffffffffffffff

Linker script and memory map

LOAD /opt/st/stm32cubeide_1.5.1/plugins/com.st.stm32cube.ide.mcu.externaltools.gnu-tools-for-stm32.7-2018-q2-update.linux64_1.5.0.202011040924/tools/bin/../lib/gcc/arm-none-eabi/7.3.1/thumb/v7e-m/fpv4-sp/hard/crti.o
LOAD /opt/st/stm32cubeide_1.5.1/plugins/com.st.stm32cube.ide.mcu.externaltools.gnu-tools-for-stm32.7-2018-q2-update.linux64_1.5.0.202011040924/tools/bin/../lib/gcc/arm-none-eabi/7.3.1/thumb/v7e-m/fpv4-sp/hard/crtbegin.o
LOAD /opt/st/stm32cubeide_1.5.1/plugins/com.st.stm32cube.ide.mcu.externaltools.gnu-tools-for-stm32.7-2018-q2-update.linux64_1.5.0.202011040924/tools/bin/../lib/gcc/arm-none-eabi/7.3.1/../../../../arm-none-eabi/lib/thumb/v7e-m/fpv4-sp/hard/crt0.o
LOAD Core/Src/LCD1602.o
LOAD Core/Src/app_freertos.o
LOAD Core/Src/appmain.o
LOAD Core/Src/bluetooth_uart.o
LOAD Core/Src/interface.o
LOAD Core/Src/interface_screens.o
LOAD Core/Src/ledeffects.o
LOAD Core/Src/main.o
LOAD Core/Src/stm32g4xx_hal_msp.o
LOAD Core/Src/stm32g4xx_it.o
LOAD Core/Src/syscalls.o
LOAD Core/Src/sysmem.o
LOAD Core/Src/system_stm32g4xx.o
LOAD Core/Startup/startup_stm32g431kbtx.o
LOAD Drivers/STM32G4xx_HAL_Driver/Src/stm32g4xx_hal.o
LOAD Drivers/STM32G4xx_HAL_Driver/Src/stm32g4xx_hal_adc.o
LOAD Drivers/STM32G4xx_HAL_Driver/Src/stm32g4xx_hal_adc_ex.o
LOAD Drivers/STM32G4xx_HAL_Driver/Src/stm32g4xx_hal_cortex.o
LOAD Drivers/STM32G4xx_HAL_Driver/Src/stm32g4xx_hal_dma.o
LOAD Drivers/STM32G4xx_HAL_Driver/Src/stm32g4xx_hal_dma_ex.o
LOAD Drivers/STM32G4xx_HAL_Driver/Src/stm32g4xx_hal_exti.o
LOAD Drivers/STM32G4xx_HAL_Driver/Src/stm32g4xx_hal_flash.o
LOAD Drivers/STM32G4xx_HAL_Driver/Src/stm32g4xx_hal_flash_ex.o
LOAD Drivers/STM32G4xx_HAL_Driver/Src/stm32g4xx_hal_flash_ramfunc.o
LOAD Drivers/STM32G4xx_HAL_Driver/Src/stm32g4xx_hal_gpio.o
LOAD Drivers/STM32G4xx_HAL_Driver/Src/stm32g4xx_hal_i2c.o
LOAD Drivers/STM32G4xx_HAL_Driver/Src/stm32g4xx_hal_i2c_ex.o
LOAD Drivers/STM32G4xx_HAL_Driver/Src/stm32g4xx_hal_pwr.o
LOAD Drivers/STM32G4xx_HAL_Driver/Src/stm32g4xx_hal_pwr_ex.o
LOAD Drivers/STM32G4xx_HAL_Driver/Src/stm32g4xx_hal_rcc.o
LOAD Drivers/STM32G4xx_HAL_Driver/Src/stm32g4xx_hal_rcc_ex.o
LOAD Drivers/STM32G4xx_HAL_Driver/Src/stm32g4xx_hal_tim.o
LOAD Drivers/STM32G4xx_HAL_Driver/Src/stm32g4xx_hal_tim_ex.o
LOAD Drivers/STM32G4xx_HAL_Driver/Src/stm32g4xx_hal_uart.o
LOAD Drivers/STM32G4xx_HAL_Driver/Src/stm32g4xx_hal_uart_ex.o
LOAD Drivers/STM32G4xx_HAL_Driver/Src/stm32g4xx_ll_adc.o
LOAD Middlewares/Third_Party/FreeRTOS/Source/CMSIS_RTOS_V2/cmsis_os2.o
LOAD Middlewares/Third_Party/FreeRTOS/Source/croutine.o
LOAD Middlewares/Third_Party/FreeRTOS/Source/event_groups.o
LOAD Middlewares/Third_Party/FreeRTOS/Source/list.o
LOAD Middlewares/Third_Party/FreeRTOS/Source/queue.o
LOAD Middlewares/Third_Party/FreeRTOS/Source/stream_buffer.o
LOAD Middlewares/Third_Party/FreeRTOS/Source/tasks.o
LOAD Middlewares/Third_Party/FreeRTOS/Source/timers.o
LOAD Middlewares/Third_Party/FreeRTOS/Source/portable/GCC/ARM_CM4F/port.o
LOAD Middlewares/Third_Party/FreeRTOS/Source/portable/MemMang/heap_4.o
START GROUP
LOAD /opt/st/stm32cubeide_1.5.1/plugins/com.st.stm32cube.ide.mcu.externaltools.gnu-tools-for-stm32.7-2018-q2-update.linux64_1.5.0.202011040924/tools/bin/../lib/gcc/arm-none-eabi/7.3.1/../../../../arm-none-eabi/lib/thumb/v7e-m/fpv4-sp/hard/libc_nano.a
LOAD /opt/st/stm32cubeide_1.5.1/plugins/com.st.stm32cube.ide.mcu.externaltools.gnu-tools-for-stm32.7-2018-q2-update.linux64_1.5.0.202011040924/tools/bin/../lib/gcc/arm-none-eabi/7.3.1/../../../../arm-none-eabi/lib/thumb/v7e-m/fpv4-sp/hard/libm.a
END GROUP
START GROUP
LOAD /opt/st/stm32cubeide_1.5.1/plugins/com.st.stm32cube.ide.mcu.externaltools.gnu-tools-for-stm32.7-2018-q2-update.linux64_1.5.0.202011040924/tools/bin/../lib/gcc/arm-none-eabi/7.3.1/thumb/v7e-m/fpv4-sp/hard/libgcc.a
LOAD /opt/st/stm32cubeide_1.5.1/plugins/com.st.stm32cube.ide.mcu.externaltools.gnu-tools-for-stm32.7-2018-q2-update.linux64_1.5.0.202011040924/tools/bin/../lib/gcc/arm-none-eabi/7.3.1/../../../../arm-none-eabi/lib/thumb/v7e-m/fpv4-sp/hard/libc_nano.a
END GROUP
START GROUP
LOAD /opt/st/stm32cubeide_1.5.1/plugins/com.st.stm32cube.ide.mcu.externaltools.gnu-tools-for-stm32.7-2018-q2-update.linux64_1.5.0.202011040924/tools/bin/../lib/gcc/arm-none-eabi/7.3.1/thumb/v7e-m/fpv4-sp/hard/libgcc.a
LOAD /opt/st/stm32cubeide_1.5.1/plugins/com.st.stm32cube.ide.mcu.externaltools.gnu-tools-for-stm32.7-2018-q2-update.linux64_1.5.0.202011040924/tools/bin/../lib/gcc/arm-none-eabi/7.3.1/../../../../arm-none-eabi/lib/thumb/v7e-m/fpv4-sp/hard/libc_nano.a
LOAD /opt/st/stm32cubeide_1.5.1/plugins/com.st.stm32cube.ide.mcu.externaltools.gnu-tools-for-stm32.7-2018-q2-update.linux64_1.5.0.202011040924/tools/bin/../lib/gcc/arm-none-eabi/7.3.1/../../../../arm-none-eabi/lib/thumb/v7e-m/fpv4-sp/hard/libnosys.a
END GROUP
START GROUP
LOAD /opt/st/stm32cubeide_1.5.1/plugins/com.st.stm32cube.ide.mcu.externaltools.gnu-tools-for-stm32.7-2018-q2-update.linux64_1.5.0.202011040924/tools/bin/../lib/gcc/arm-none-eabi/7.3.1/thumb/v7e-m/fpv4-sp/hard/libgcc.a
LOAD /opt/st/stm32cubeide_1.5.1/plugins/com.st.stm32cube.ide.mcu.externaltools.gnu-tools-for-stm32.7-2018-q2-update.linux64_1.5.0.202011040924/tools/bin/../lib/gcc/arm-none-eabi/7.3.1/../../../../arm-none-eabi/lib/thumb/v7e-m/fpv4-sp/hard/libc_nano.a
LOAD /opt/st/stm32cubeide_1.5.1/plugins/com.st.stm32cube.ide.mcu.externaltools.gnu-tools-for-stm32.7-2018-q2-update.linux64_1.5.0.202011040924/tools/bin/../lib/gcc/arm-none-eabi/7.3.1/../../../../arm-none-eabi/lib/thumb/v7e-m/fpv4-sp/hard/libnosys.a
END GROUP
LOAD /opt/st/stm32cubeide_1.5.1/plugins/com.st.stm32cube.ide.mcu.externaltools.gnu-tools-for-stm32.7-2018-q2-update.linux64_1.5.0.202011040924/tools/bin/../lib/gcc/arm-none-eabi/7.3.1/thumb/v7e-m/fpv4-sp/hard/crtend.o
LOAD /opt/st/stm32cubeide_1.5.1/plugins/com.st.stm32cube.ide.mcu.externaltools.gnu-tools-for-stm32.7-2018-q2-update.linux64_1.5.0.202011040924/tools/bin/../lib/gcc/arm-none-eabi/7.3.1/thumb/v7e-m/fpv4-sp/hard/crtn.o
                0x0000000020008000                _estack = (ORIGIN (RAM) + LENGTH (RAM))
                0x0000000000000200                _Min_Heap_Size = 0x200
                0x0000000000000400                _Min_Stack_Size = 0x400

.isr_vector     0x0000000008000000      0x1d8
                0x0000000008000000                . = ALIGN (0x4)
 *(.isr_vector)
 .isr_vector    0x0000000008000000      0x1d8 Core/Startup/startup_stm32g431kbtx.o
                0x0000000008000000                g_pfnVectors
                0x00000000080001d8                . = ALIGN (0x4)

.text           0x00000000080001e0     0x644c
                0x00000000080001e0                . = ALIGN (0x4)
 *(.text)
 .text          0x00000000080001e0       0x40 /opt/st/stm32cubeide_1.5.1/plugins/com.st.stm32cube.ide.mcu.externaltools.gnu-tools-for-stm32.7-2018-q2-update.linux64_1.5.0.202011040924/tools/bin/../lib/gcc/arm-none-eabi/7.3.1/thumb/v7e-m/fpv4-sp/hard/crtbegin.o
 .text          0x0000000008000220       0x10 /opt/st/stm32cubeide_1.5.1/plugins/com.st.stm32cube.ide.mcu.externaltools.gnu-tools-for-stm32.7-2018-q2-update.linux64_1.5.0.202011040924/tools/bin/../lib/gcc/arm-none-eabi/7.3.1/../../../../arm-none-eabi/lib/thumb/v7e-m/fpv4-sp/hard/libc_nano.a(lib_a-strlen.o)
                0x0000000008000220                strlen
 .text          0x0000000008000230      0x378 /opt/st/stm32cubeide_1.5.1/plugins/com.st.stm32cube.ide.mcu.externaltools.gnu-tools-for-stm32.7-2018-q2-update.linux64_1.5.0.202011040924/tools/bin/../lib/gcc/arm-none-eabi/7.3.1/thumb/v7e-m/fpv4-sp/hard/libgcc.a(_arm_addsubdf3.o)
                0x0000000008000230                __aeabi_drsub
                0x0000000008000238                __aeabi_dsub
                0x0000000008000238                __subdf3
                0x000000000800023c                __adddf3
                0x000000000800023c                __aeabi_dadd
                0x00000000080004b4                __aeabi_ui2d
                0x00000000080004b4                __floatunsidf
                0x00000000080004d4                __floatsidf
                0x00000000080004d4                __aeabi_i2d
                0x00000000080004f8                __extendsfdf2
                0x00000000080004f8                __aeabi_f2d
                0x000000000800053c                __aeabi_ul2d
                0x000000000800053c                __floatundidf
                0x000000000800054c                __floatdidf
                0x000000000800054c                __aeabi_l2d
 .text          0x00000000080005a8      0x424 /opt/st/stm32cubeide_1.5.1/plugins/com.st.stm32cube.ide.mcu.externaltools.gnu-tools-for-stm32.7-2018-q2-update.linux64_1.5.0.202011040924/tools/bin/../lib/gcc/arm-none-eabi/7.3.1/thumb/v7e-m/fpv4-sp/hard/libgcc.a(_arm_muldivdf3.o)
                0x00000000080005a8                __aeabi_dmul
                0x00000000080005a8                __muldf3
                0x00000000080007fc                __aeabi_ddiv
                0x00000000080007fc                __divdf3
 .text          0x00000000080009cc       0x40 /opt/st/stm32cubeide_1.5.1/plugins/com.st.stm32cube.ide.mcu.externaltools.gnu-tools-for-stm32.7-2018-q2-update.linux64_1.5.0.202011040924/tools/bin/../lib/gcc/arm-none-eabi/7.3.1/thumb/v7e-m/fpv4-sp/hard/libgcc.a(_arm_fixunsdfsi.o)
                0x00000000080009cc                __fixunsdfsi
                0x00000000080009cc                __aeabi_d2uiz
 .text          0x0000000008000a0c       0x30 /opt/st/stm32cubeide_1.5.1/plugins/com.st.stm32cube.ide.mcu.externaltools.gnu-tools-for-stm32.7-2018-q2-update.linux64_1.5.0.202011040924/tools/bin/../lib/gcc/arm-none-eabi/7.3.1/thumb/v7e-m/fpv4-sp/hard/libgcc.a(_aeabi_uldivmod.o)
                0x0000000008000a0c                __aeabi_uldivmod
 .text          0x0000000008000a3c      0x2cc /opt/st/stm32cubeide_1.5.1/plugins/com.st.stm32cube.ide.mcu.externaltools.gnu-tools-for-stm32.7-2018-q2-update.linux64_1.5.0.202011040924/tools/bin/../lib/gcc/arm-none-eabi/7.3.1/thumb/v7e-m/fpv4-sp/hard/libgcc.a(_udivmoddi4.o)
                0x0000000008000a3c                __udivmoddi4
 .text          0x0000000008000d08        0x4 /opt/st/stm32cubeide_1.5.1/plugins/com.st.stm32cube.ide.mcu.externaltools.gnu-tools-for-stm32.7-2018-q2-update.linux64_1.5.0.202011040924/tools/bin/../lib/gcc/arm-none-eabi/7.3.1/thumb/v7e-m/fpv4-sp/hard/libgcc.a(_dvmd_tls.o)
                0x0000000008000d08                __aeabi_ldiv0
                0x0000000008000d08                __aeabi_idiv0
 *(.text*)
 .text.delay    0x0000000008000d0c       0x2c Core/Src/LCD1602.o
                0x0000000008000d0c                delay
 .text.send_to_lcd
                0x0000000008000d38       0x74 Core/Src/LCD1602.o
                0x0000000008000d38                send_to_lcd
 .text.lcd_send_cmd
                0x0000000008000dac       0x1a Core/Src/LCD1602.o
                0x0000000008000dac                lcd_send_cmd
 .text.lcd_send_data
                0x0000000008000dc6       0x1a Core/Src/LCD1602.o
                0x0000000008000dc6                lcd_send_data
 .text.lcd_clear
                0x0000000008000de0       0x12 Core/Src/LCD1602.o
                0x0000000008000de0                lcd_clear
 .text.lcd_put_cur
                0x0000000008000df2       0x18 Core/Src/LCD1602.o
                0x0000000008000df2                lcd_put_cur
 *fill*         0x0000000008000e0a        0x2 
 .text.lcd_init
                0x0000000008000e0c       0x80 Core/Src/LCD1602.o
                0x0000000008000e0c                lcd_init
 .text.lcd_send_string
                0x0000000008000e8c       0x12 Core/Src/LCD1602.o
                0x0000000008000e8c                lcd_send_string
 *fill*         0x0000000008000e9e        0x2 
 .text.setup_dac
                0x0000000008000ea0       0x2c Core/Src/appmain.o
                0x0000000008000ea0                setup_dac
 .text.init_app
                0x0000000008000ecc       0x1c Core/Src/appmain.o
                0x0000000008000ecc                init_app
 .text.makeCheckSum
                0x0000000008000ee8       0x1c Core/Src/bluetooth_uart.o
                0x0000000008000ee8                makeCheckSum
 .text.makeCommand
                0x0000000008000f04       0x38 Core/Src/bluetooth_uart.o
                0x0000000008000f04                makeCommand
 .text.sendCommand
                0x0000000008000f3c       0x60 Core/Src/bluetooth_uart.o
                0x0000000008000f3c                sendCommand
 .text.bmEnterPairingModeFromOff
                0x0000000008000f9c       0x1a Core/Src/bluetooth_uart.o
                0x0000000008000f9c                bmEnterPairingModeFromOff
 .text.bmPowerOn
                0x0000000008000fb6       0x2a Core/Src/bluetooth_uart.o
                0x0000000008000fb6                bmPowerOn
 .text.bmPlayPauseMusic
                0x0000000008000fe0       0x1a Core/Src/bluetooth_uart.o
                0x0000000008000fe0                bmPlayPauseMusic
 .text.bmSwitchToNextSong
                0x0000000008000ffa       0x1a Core/Src/bluetooth_uart.o
                0x0000000008000ffa                bmSwitchToNextSong
 .text.bmSwitchToPreviousSong
                0x0000000008001014       0x1a Core/Src/bluetooth_uart.o
                0x0000000008001014                bmSwitchToPreviousSong
 *fill*         0x000000000800102e        0x2 
 .text.init_interface
                0x0000000008001030       0x18 Core/Src/interface.o
                0x0000000008001030                init_interface
 .text.interrupt_interface
                0x0000000008001048       0x3c Core/Src/interface.o
                0x0000000008001048                interrupt_interface
 .text.interface_update
                0x0000000008001084       0x68 Core/Src/interface.o
                0x0000000008001084                interface_update
 .text.screen_update
                0x00000000080010ec       0x5c Core/Src/interface.o
                0x00000000080010ec                screen_update
 .text.configure_potentiometers
                0x0000000008001148       0x9c Core/Src/interface.o
                0x0000000008001148                configure_potentiometers
 .text.buttons_controller
                0x00000000080011e4       0x6c Core/Src/interface.o
                0x00000000080011e4                buttons_controller
 .text.interrupt_adc_interface
                0x0000000008001250       0x20 Core/Src/interface.o
                0x0000000008001250                interrupt_adc_interface
 .text.set_screen
                0x0000000008001270       0x3c Core/Src/interface.o
                0x0000000008001270                set_screen
 .text.volume_update
                0x00000000080012ac       0x3c Core/Src/interface.o
                0x00000000080012ac                volume_update
 .text.tick_interface
                0x00000000080012e8       0x18 Core/Src/interface.o
                0x00000000080012e8                tick_interface
 .text.onButtonPressedPopUp
                0x0000000008001300        0x8 Core/Src/interface_screens.o
                0x0000000008001300                onButtonPressedPopUp
 .text.onButtonPressedStart
                0x0000000008001308       0x18 Core/Src/interface_screens.o
                0x0000000008001308                onButtonPressedStart
 .text.onButtonPressedMenu
                0x0000000008001320       0x48 Core/Src/interface_screens.o
                0x0000000008001320                onButtonPressedMenu
 .text.onButtonPressedLed
                0x0000000008001368       0x90 Core/Src/interface_screens.o
                0x0000000008001368                onButtonPressedLed
 .text.getScreenOutputVolume
                0x00000000080013f8       0x5c Core/Src/interface_screens.o
                0x00000000080013f8                getScreenOutputVolume
 .text.getScreenOutputStart
                0x0000000008001454       0x98 Core/Src/interface_screens.o
                0x0000000008001454                getScreenOutputStart
 .text.getScreenOutputMenu
                0x00000000080014ec      0x11c Core/Src/interface_screens.o
                0x00000000080014ec                getScreenOutputMenu
 .text.getScreenOutputLed
                0x0000000008001608      0x254 Core/Src/interface_screens.o
                0x0000000008001608                getScreenOutputLed
 .text.getScreenOutputSong
                0x000000000800185c       0xe0 Core/Src/interface_screens.o
                0x000000000800185c                getScreenOutputSong
 .text.onButtonPressedSong
                0x000000000800193c       0x36 Core/Src/interface_screens.o
                0x000000000800193c                onButtonPressedSong
 *fill*         0x0000000008001972        0x2 
 .text.interrupt_timer_led
                0x0000000008001974       0x6c Core/Src/ledeffects.o
                0x0000000008001974                interrupt_timer_led
 .text.colors_to_screen
                0x00000000080019e0       0x90 Core/Src/ledeffects.o
                0x00000000080019e0                colors_to_screen
 .text.init_led
                0x0000000008001a70       0x2c Core/Src/ledeffects.o
                0x0000000008001a70                init_led
 .text.tick_led
                0x0000000008001a9c      0x100 Core/Src/ledeffects.o
                0x0000000008001a9c                tick_led
 .text.StartMainTask
                0x0000000008001b9c        0xc Core/Src/main.o
                0x0000000008001b9c                StartMainTask
 .text.StartInterfaceTask
                0x0000000008001ba8       0x24 Core/Src/main.o
                0x0000000008001ba8                StartInterfaceTask
 .text.StartLEDscreenDriver
                0x0000000008001bcc       0x20 Core/Src/main.o
                0x0000000008001bcc                StartLEDscreenDriver
 .text.SystemClock_Config
                0x0000000008001bec       0x90 Core/Src/main.o
                0x0000000008001bec                SystemClock_Config
 .text.startup.main
                0x0000000008001c7c      0x2dc Core/Src/main.o
                0x0000000008001c7c                main
 .text.getUartPointerBluetooth
                0x0000000008001f58        0x8 Core/Src/main.o
                0x0000000008001f58                getUartPointerBluetooth
 .text.HAL_GPIO_EXTI_Callback
                0x0000000008001f60        0xc Core/Src/main.o
                0x0000000008001f60                HAL_GPIO_EXTI_Callback
 .text.HAL_ADC_ConvCpltCallback
                0x0000000008001f6c        0x4 Core/Src/main.o
                0x0000000008001f6c                HAL_ADC_ConvCpltCallback
 .text.HAL_TIM_PeriodElapsedCallback
                0x0000000008001f70        0x4 Core/Src/main.o
                0x0000000008001f70                HAL_TIM_PeriodElapsedCallback
 .text.HAL_MspInit
                0x0000000008001f74       0x44 Core/Src/stm32g4xx_hal_msp.o
                0x0000000008001f74                HAL_MspInit
 .text.HAL_ADC_MspInit
                0x0000000008001fb8       0x6c Core/Src/stm32g4xx_hal_msp.o
                0x0000000008001fb8                HAL_ADC_MspInit
 .text.HAL_I2C_MspInit
                0x0000000008002024       0x94 Core/Src/stm32g4xx_hal_msp.o
                0x0000000008002024                HAL_I2C_MspInit
 .text.HAL_TIM_Base_MspInit
                0x00000000080020b8       0x60 Core/Src/stm32g4xx_hal_msp.o
                0x00000000080020b8                HAL_TIM_Base_MspInit
 .text.HAL_UART_MspInit
                0x0000000008002118       0x60 Core/Src/stm32g4xx_hal_msp.o
                0x0000000008002118                HAL_UART_MspInit
 .text.NMI_Handler
                0x0000000008002178        0x2 Core/Src/stm32g4xx_it.o
                0x0000000008002178                NMI_Handler
 .text.HardFault_Handler
                0x000000000800217a        0x2 Core/Src/stm32g4xx_it.o
                0x000000000800217a                HardFault_Handler
 .text.MemManage_Handler
                0x000000000800217c        0x2 Core/Src/stm32g4xx_it.o
                0x000000000800217c                MemManage_Handler
 .text.BusFault_Handler
                0x000000000800217e        0x2 Core/Src/stm32g4xx_it.o
                0x000000000800217e                BusFault_Handler
 .text.UsageFault_Handler
                0x0000000008002180        0x2 Core/Src/stm32g4xx_it.o
                0x0000000008002180                UsageFault_Handler
 .text.DebugMon_Handler
                0x0000000008002182        0x2 Core/Src/stm32g4xx_it.o
                0x0000000008002182                DebugMon_Handler
 .text.SysTick_Handler
                0x0000000008002184       0x18 Core/Src/stm32g4xx_it.o
                0x0000000008002184                SysTick_Handler
 .text.ADC1_2_IRQHandler
                0x000000000800219c        0xc Core/Src/stm32g4xx_it.o
                0x000000000800219c                ADC1_2_IRQHandler
 .text.EXTI9_5_IRQHandler
                0x00000000080021a8       0x16 Core/Src/stm32g4xx_it.o
                0x00000000080021a8                EXTI9_5_IRQHandler
 *fill*         0x00000000080021be        0x2 
 .text.TIM1_UP_TIM16_IRQHandler
                0x00000000080021c0        0xc Core/Src/stm32g4xx_it.o
                0x00000000080021c0                TIM1_UP_TIM16_IRQHandler
 .text.SystemInit
                0x00000000080021cc       0x1c Core/Src/system_stm32g4xx.o
                0x00000000080021cc                SystemInit
 .text.Reset_Handler
                0x00000000080021e8       0x50 Core/Startup/startup_stm32g431kbtx.o
                0x00000000080021e8                Reset_Handler
 .text.Default_Handler
                0x0000000008002238        0x2 Core/Startup/startup_stm32g431kbtx.o
                0x0000000008002238                RTC_Alarm_IRQHandler
                0x0000000008002238                EXTI2_IRQHandler
                0x0000000008002238                TIM8_TRG_COM_IRQHandler
                0x0000000008002238                TIM8_CC_IRQHandler
                0x0000000008002238                TIM1_CC_IRQHandler
                0x0000000008002238                USB_HP_IRQHandler
                0x0000000008002238                CORDIC_IRQHandler
                0x0000000008002238                EXTI3_IRQHandler
                0x0000000008002238                I2C3_ER_IRQHandler
                0x0000000008002238                EXTI0_IRQHandler
                0x0000000008002238                I2C2_EV_IRQHandler
                0x0000000008002238                FPU_IRQHandler
                0x0000000008002238                FDCAN1_IT1_IRQHandler
                0x0000000008002238                SPI1_IRQHandler
                0x0000000008002238                TIM6_DAC_IRQHandler
                0x0000000008002238                TIM8_UP_IRQHandler
                0x0000000008002238                DMA2_Channel2_IRQHandler
                0x0000000008002238                DMA1_Channel4_IRQHandler
                0x0000000008002238                USART3_IRQHandler
                0x0000000008002238                TIM4_IRQHandler
                0x0000000008002238                DMA2_Channel1_IRQHandler
                0x0000000008002238                I2C1_EV_IRQHandler
                0x0000000008002238                DMA1_Channel6_IRQHandler
                0x0000000008002238                UART4_IRQHandler
                0x0000000008002238                DMA2_Channel4_IRQHandler
                0x0000000008002238                TIM3_IRQHandler
                0x0000000008002238                RCC_IRQHandler
                0x0000000008002238                DMA1_Channel1_IRQHandler
                0x0000000008002238                Default_Handler
                0x0000000008002238                RTC_TAMP_LSECSS_IRQHandler
                0x0000000008002238                FMAC_IRQHandler
                0x0000000008002238                EXTI15_10_IRQHandler
                0x0000000008002238                TIM7_IRQHandler
                0x0000000008002238                UCPD1_IRQHandler
                0x0000000008002238                I2C3_EV_IRQHandler
                0x0000000008002238                RTC_WKUP_IRQHandler
                0x0000000008002238                PVD_PVM_IRQHandler
                0x0000000008002238                SPI2_IRQHandler
                0x0000000008002238                DMA2_Channel5_IRQHandler
                0x0000000008002238                CRS_IRQHandler
                0x0000000008002238                DMA1_Channel5_IRQHandler
                0x0000000008002238                USB_LP_IRQHandler
                0x0000000008002238                EXTI4_IRQHandler
                0x0000000008002238                RNG_IRQHandler
                0x0000000008002238                TIM1_TRG_COM_TIM17_IRQHandler
                0x0000000008002238                DMA1_Channel3_IRQHandler
                0x0000000008002238                WWDG_IRQHandler
                0x0000000008002238                LPUART1_IRQHandler
                0x0000000008002238                DMA2_Channel6_IRQHandler
                0x0000000008002238                FDCAN1_IT0_IRQHandler
                0x0000000008002238                TIM2_IRQHandler
                0x0000000008002238                COMP1_2_3_IRQHandler
                0x0000000008002238                EXTI1_IRQHandler
                0x0000000008002238                USART2_IRQHandler
                0x0000000008002238                I2C2_ER_IRQHandler
                0x0000000008002238                DMA1_Channel2_IRQHandler
                0x0000000008002238                TIM8_BRK_IRQHandler
                0x0000000008002238                FLASH_IRQHandler
                0x0000000008002238                USART1_IRQHandler
                0x0000000008002238                SPI3_IRQHandler
                0x0000000008002238                I2C1_ER_IRQHandler
                0x0000000008002238                LPTIM1_IRQHandler
                0x0000000008002238                DMAMUX_OVR_IRQHandler
                0x0000000008002238                USBWakeUp_IRQHandler
                0x0000000008002238                SAI1_IRQHandler
                0x0000000008002238                DMA2_Channel3_IRQHandler
                0x0000000008002238                COMP4_IRQHandler
                0x0000000008002238                TIM1_BRK_TIM15_IRQHandler
 *fill*         0x000000000800223a        0x2 
 .text.HAL_InitTick
                0x000000000800223c       0x4c Drivers/STM32G4xx_HAL_Driver/Src/stm32g4xx_hal.o
                0x000000000800223c                HAL_InitTick
 .text.HAL_Init
                0x0000000008002288       0x1e Drivers/STM32G4xx_HAL_Driver/Src/stm32g4xx_hal.o
                0x0000000008002288                HAL_Init
 *fill*         0x00000000080022a6        0x2 
 .text.HAL_IncTick
                0x00000000080022a8       0x18 Drivers/STM32G4xx_HAL_Driver/Src/stm32g4xx_hal.o
                0x00000000080022a8                HAL_IncTick
 .text.HAL_GetTick
                0x00000000080022c0        0xc Drivers/STM32G4xx_HAL_Driver/Src/stm32g4xx_hal.o
                0x00000000080022c0                HAL_GetTick
 .text.LL_ADC_SetChannelSamplingTime
                0x00000000080022cc       0x22 Drivers/STM32G4xx_HAL_Driver/Src/stm32g4xx_hal_adc.o
 .text.LL_ADC_IsEnabled
                0x00000000080022ee        0x8 Drivers/STM32G4xx_HAL_Driver/Src/stm32g4xx_hal_adc.o
 .text.LL_ADC_REG_IsConversionOngoing
                0x00000000080022f6        0x8 Drivers/STM32G4xx_HAL_Driver/Src/stm32g4xx_hal_adc.o
 *fill*         0x00000000080022fe        0x2 
 .text.HAL_ADC_Init
                0x0000000008002300      0x1e4 Drivers/STM32G4xx_HAL_Driver/Src/stm32g4xx_hal_adc.o
                0x0000000008002300                HAL_ADC_Init
 .text.HAL_ADC_GetValue
                0x00000000080024e4        0x6 Drivers/STM32G4xx_HAL_Driver/Src/stm32g4xx_hal_adc.o
                0x00000000080024e4                HAL_ADC_GetValue
 .text.HAL_ADC_LevelOutOfWindowCallback
                0x00000000080024ea        0x2 Drivers/STM32G4xx_HAL_Driver/Src/stm32g4xx_hal_adc.o
                0x00000000080024ea                HAL_ADC_LevelOutOfWindowCallback
 .text.HAL_ADC_ErrorCallback
                0x00000000080024ec        0x2 Drivers/STM32G4xx_HAL_Driver/Src/stm32g4xx_hal_adc.o
                0x00000000080024ec                HAL_ADC_ErrorCallback
 *fill*         0x00000000080024ee        0x2 
 .text.HAL_ADC_IRQHandler
                0x00000000080024f0      0x23c Drivers/STM32G4xx_HAL_Driver/Src/stm32g4xx_hal_adc.o
                0x00000000080024f0                HAL_ADC_IRQHandler
 .text.HAL_ADC_ConfigChannel
                0x000000000800272c      0x3d4 Drivers/STM32G4xx_HAL_Driver/Src/stm32g4xx_hal_adc.o
                0x000000000800272c                HAL_ADC_ConfigChannel
 .text.ADC_ConversionStop
                0x0000000008002b00       0xcc Drivers/STM32G4xx_HAL_Driver/Src/stm32g4xx_hal_adc.o
                0x0000000008002b00                ADC_ConversionStop
 .text.ADC_Enable
                0x0000000008002bcc       0x70 Drivers/STM32G4xx_HAL_Driver/Src/stm32g4xx_hal_adc.o
                0x0000000008002bcc                ADC_Enable
 .text.HAL_ADC_Start_IT
                0x0000000008002c3c      0x14c Drivers/STM32G4xx_HAL_Driver/Src/stm32g4xx_hal_adc.o
                0x0000000008002c3c                HAL_ADC_Start_IT
 .text.ADC_Disable
                0x0000000008002d88       0x66 Drivers/STM32G4xx_HAL_Driver/Src/stm32g4xx_hal_adc.o
                0x0000000008002d88                ADC_Disable
 .text.HAL_ADC_Stop_IT
                0x0000000008002dee       0x48 Drivers/STM32G4xx_HAL_Driver/Src/stm32g4xx_hal_adc.o
                0x0000000008002dee                HAL_ADC_Stop_IT
 .text.LL_ADC_IsEnabled
                0x0000000008002e36        0x8 Drivers/STM32G4xx_HAL_Driver/Src/stm32g4xx_hal_adc_ex.o
 .text.LL_ADC_REG_IsConversionOngoing
                0x0000000008002e3e        0x8 Drivers/STM32G4xx_HAL_Driver/Src/stm32g4xx_hal_adc_ex.o
 .text.HAL_ADCEx_InjectedConvCpltCallback
                0x0000000008002e46        0x2 Drivers/STM32G4xx_HAL_Driver/Src/stm32g4xx_hal_adc_ex.o
                0x0000000008002e46                HAL_ADCEx_InjectedConvCpltCallback
 .text.HAL_ADCEx_InjectedQueueOverflowCallback
                0x0000000008002e48        0x2 Drivers/STM32G4xx_HAL_Driver/Src/stm32g4xx_hal_adc_ex.o
                0x0000000008002e48                HAL_ADCEx_InjectedQueueOverflowCallback
 .text.HAL_ADCEx_LevelOutOfWindow2Callback
                0x0000000008002e4a        0x2 Drivers/STM32G4xx_HAL_Driver/Src/stm32g4xx_hal_adc_ex.o
                0x0000000008002e4a                HAL_ADCEx_LevelOutOfWindow2Callback
 .text.HAL_ADCEx_LevelOutOfWindow3Callback
                0x0000000008002e4c        0x2 Drivers/STM32G4xx_HAL_Driver/Src/stm32g4xx_hal_adc_ex.o
                0x0000000008002e4c                HAL_ADCEx_LevelOutOfWindow3Callback
 .text.HAL_ADCEx_EndOfSamplingCallback
                0x0000000008002e4e        0x2 Drivers/STM32G4xx_HAL_Driver/Src/stm32g4xx_hal_adc_ex.o
                0x0000000008002e4e                HAL_ADCEx_EndOfSamplingCallback
 .text.HAL_ADCEx_MultiModeConfigChannel
                0x0000000008002e50       0xdc Drivers/STM32G4xx_HAL_Driver/Src/stm32g4xx_hal_adc_ex.o
                0x0000000008002e50                HAL_ADCEx_MultiModeConfigChannel
 .text.HAL_NVIC_SetPriorityGrouping
                0x0000000008002f2c       0x24 Drivers/STM32G4xx_HAL_Driver/Src/stm32g4xx_hal_cortex.o
                0x0000000008002f2c                HAL_NVIC_SetPriorityGrouping
 .text.HAL_NVIC_SetPriority
                0x0000000008002f50       0x68 Drivers/STM32G4xx_HAL_Driver/Src/stm32g4xx_hal_cortex.o
                0x0000000008002f50                HAL_NVIC_SetPriority
 .text.HAL_NVIC_EnableIRQ
                0x0000000008002fb8       0x1c Drivers/STM32G4xx_HAL_Driver/Src/stm32g4xx_hal_cortex.o
                0x0000000008002fb8                HAL_NVIC_EnableIRQ
 .text.HAL_SYSTICK_Config
                0x0000000008002fd4       0x2c Drivers/STM32G4xx_HAL_Driver/Src/stm32g4xx_hal_cortex.o
                0x0000000008002fd4                HAL_SYSTICK_Config
 .text.HAL_GPIO_Init
                0x0000000008003000      0x198 Drivers/STM32G4xx_HAL_Driver/Src/stm32g4xx_hal_gpio.o
                0x0000000008003000                HAL_GPIO_Init
 .text.HAL_GPIO_ReadPin
                0x0000000008003198        0xc Drivers/STM32G4xx_HAL_Driver/Src/stm32g4xx_hal_gpio.o
                0x0000000008003198                HAL_GPIO_ReadPin
 .text.HAL_GPIO_WritePin
                0x00000000080031a4        0xa Drivers/STM32G4xx_HAL_Driver/Src/stm32g4xx_hal_gpio.o
                0x00000000080031a4                HAL_GPIO_WritePin
 *fill*         0x00000000080031ae        0x2 
 .text.HAL_GPIO_EXTI_IRQHandler
                0x00000000080031b0       0x18 Drivers/STM32G4xx_HAL_Driver/Src/stm32g4xx_hal_gpio.o
                0x00000000080031b0                HAL_GPIO_EXTI_IRQHandler
 .text.I2C_Flush_TXDR
                0x00000000080031c8       0x1c Drivers/STM32G4xx_HAL_Driver/Src/stm32g4xx_hal_i2c.o
 .text.I2C_TransferConfig
                0x00000000080031e4       0x28 Drivers/STM32G4xx_HAL_Driver/Src/stm32g4xx_hal_i2c.o
 .text.I2C_IsAcknowledgeFailed
                0x000000000800320c       0x7a Drivers/STM32G4xx_HAL_Driver/Src/stm32g4xx_hal_i2c.o
 .text.I2C_WaitOnSTOPFlagUntilTimeout
                0x0000000008003286       0x4a Drivers/STM32G4xx_HAL_Driver/Src/stm32g4xx_hal_i2c.o
 .text.I2C_WaitOnFlagUntilTimeout
                0x00000000080032d0       0x54 Drivers/STM32G4xx_HAL_Driver/Src/stm32g4xx_hal_i2c.o
 .text.I2C_WaitOnTXISFlagUntilTimeout
                0x0000000008003324       0x4e Drivers/STM32G4xx_HAL_Driver/Src/stm32g4xx_hal_i2c.o
 .text.HAL_I2C_Init
                0x0000000008003372       0xa2 Drivers/STM32G4xx_HAL_Driver/Src/stm32g4xx_hal_i2c.o
                0x0000000008003372                HAL_I2C_Init
 .text.HAL_I2C_Master_Transmit
                0x0000000008003414      0x124 Drivers/STM32G4xx_HAL_Driver/Src/stm32g4xx_hal_i2c.o
                0x0000000008003414                HAL_I2C_Master_Transmit
 .text.HAL_I2CEx_ConfigAnalogFilter
                0x0000000008003538       0x4c Drivers/STM32G4xx_HAL_Driver/Src/stm32g4xx_hal_i2c_ex.o
                0x0000000008003538                HAL_I2CEx_ConfigAnalogFilter
 .text.HAL_I2CEx_ConfigDigitalFilter
                0x0000000008003584       0x4a Drivers/STM32G4xx_HAL_Driver/Src/stm32g4xx_hal_i2c_ex.o
                0x0000000008003584                HAL_I2CEx_ConfigDigitalFilter
 *fill*         0x00000000080035ce        0x2 
 .text.HAL_PWREx_ControlVoltageScaling
                0x00000000080035d0       0xb4 Drivers/STM32G4xx_HAL_Driver/Src/stm32g4xx_hal_pwr_ex.o
                0x00000000080035d0                HAL_PWREx_ControlVoltageScaling
 .text.HAL_PWREx_DisableUCPDDeadBattery
                0x0000000008003684       0x10 Drivers/STM32G4xx_HAL_Driver/Src/stm32g4xx_hal_pwr_ex.o
                0x0000000008003684                HAL_PWREx_DisableUCPDDeadBattery
 .text.HAL_RCC_OscConfig
                0x0000000008003694      0x424 Drivers/STM32G4xx_HAL_Driver/Src/stm32g4xx_hal_rcc.o
                0x0000000008003694                HAL_RCC_OscConfig
 .text.HAL_RCC_GetSysClockFreq
                0x0000000008003ab8       0x70 Drivers/STM32G4xx_HAL_Driver/Src/stm32g4xx_hal_rcc.o
                0x0000000008003ab8                HAL_RCC_GetSysClockFreq
 .text.HAL_RCC_ClockConfig
                0x0000000008003b28      0x1e8 Drivers/STM32G4xx_HAL_Driver/Src/stm32g4xx_hal_rcc.o
                0x0000000008003b28                HAL_RCC_ClockConfig
 .text.HAL_RCC_GetPCLK1Freq
                0x0000000008003d10       0x24 Drivers/STM32G4xx_HAL_Driver/Src/stm32g4xx_hal_rcc.o
                0x0000000008003d10                HAL_RCC_GetPCLK1Freq
 .text.HAL_RCC_GetPCLK2Freq
                0x0000000008003d34       0x24 Drivers/STM32G4xx_HAL_Driver/Src/stm32g4xx_hal_rcc.o
                0x0000000008003d34                HAL_RCC_GetPCLK2Freq
 .text.HAL_RCCEx_PeriphCLKConfig
                0x0000000008003d58      0x278 Drivers/STM32G4xx_HAL_Driver/Src/stm32g4xx_hal_rcc_ex.o
                0x0000000008003d58                HAL_RCCEx_PeriphCLKConfig
 .text.HAL_TIM_Base_Start
                0x0000000008003fd0       0x64 Drivers/STM32G4xx_HAL_Driver/Src/stm32g4xx_hal_tim.o
                0x0000000008003fd0                HAL_TIM_Base_Start
 .text.HAL_TIM_Base_Stop
                0x0000000008004034       0x28 Drivers/STM32G4xx_HAL_Driver/Src/stm32g4xx_hal_tim.o
                0x0000000008004034                HAL_TIM_Base_Stop
 .text.HAL_TIM_Base_Start_IT
                0x000000000800405c       0x6c Drivers/STM32G4xx_HAL_Driver/Src/stm32g4xx_hal_tim.o
                0x000000000800405c                HAL_TIM_Base_Start_IT
 .text.HAL_TIM_OC_DelayElapsedCallback
                0x00000000080040c8        0x2 Drivers/STM32G4xx_HAL_Driver/Src/stm32g4xx_hal_tim.o
                0x00000000080040c8                HAL_TIM_OC_DelayElapsedCallback
 .text.HAL_TIM_IC_CaptureCallback
                0x00000000080040ca        0x2 Drivers/STM32G4xx_HAL_Driver/Src/stm32g4xx_hal_tim.o
                0x00000000080040ca                HAL_TIM_IC_CaptureCallback
 .text.HAL_TIM_PWM_PulseFinishedCallback
                0x00000000080040cc        0x2 Drivers/STM32G4xx_HAL_Driver/Src/stm32g4xx_hal_tim.o
                0x00000000080040cc                HAL_TIM_PWM_PulseFinishedCallback
 .text.HAL_TIM_TriggerCallback
                0x00000000080040ce        0x2 Drivers/STM32G4xx_HAL_Driver/Src/stm32g4xx_hal_tim.o
                0x00000000080040ce                HAL_TIM_TriggerCallback
 .text.HAL_TIM_IRQHandler
                0x00000000080040d0      0x1ce Drivers/STM32G4xx_HAL_Driver/Src/stm32g4xx_hal_tim.o
                0x00000000080040d0                HAL_TIM_IRQHandler
 *fill*         0x000000000800429e        0x2 
 .text.TIM_Base_SetConfig
                0x00000000080042a0       0xbc Drivers/STM32G4xx_HAL_Driver/Src/stm32g4xx_hal_tim.o
                0x00000000080042a0                TIM_Base_SetConfig
 .text.HAL_TIM_Base_Init
                0x000000000800435c       0x60 Drivers/STM32G4xx_HAL_Driver/Src/stm32g4xx_hal_tim.o
                0x000000000800435c                HAL_TIM_Base_Init
 .text.HAL_TIMEx_MasterConfigSynchronization
                0x00000000080043bc       0x8c Drivers/STM32G4xx_HAL_Driver/Src/stm32g4xx_hal_tim_ex.o
                0x00000000080043bc                HAL_TIMEx_MasterConfigSynchronization
 .text.HAL_TIMEx_CommutCallback
                0x0000000008004448        0x2 Drivers/STM32G4xx_HAL_Driver/Src/stm32g4xx_hal_tim_ex.o
                0x0000000008004448                HAL_TIMEx_CommutCallback
 .text.HAL_TIMEx_BreakCallback
                0x000000000800444a        0x2 Drivers/STM32G4xx_HAL_Driver/Src/stm32g4xx_hal_tim_ex.o
                0x000000000800444a                HAL_TIMEx_BreakCallback
 .text.HAL_TIMEx_Break2Callback
                0x000000000800444c        0x2 Drivers/STM32G4xx_HAL_Driver/Src/stm32g4xx_hal_tim_ex.o
                0x000000000800444c                HAL_TIMEx_Break2Callback
 .text.HAL_TIMEx_EncoderIndexCallback
                0x000000000800444e        0x2 Drivers/STM32G4xx_HAL_Driver/Src/stm32g4xx_hal_tim_ex.o
                0x000000000800444e                HAL_TIMEx_EncoderIndexCallback
 .text.HAL_TIMEx_DirectionChangeCallback
                0x0000000008004450        0x2 Drivers/STM32G4xx_HAL_Driver/Src/stm32g4xx_hal_tim_ex.o
                0x0000000008004450                HAL_TIMEx_DirectionChangeCallback
 .text.HAL_TIMEx_IndexErrorCallback
                0x0000000008004452        0x2 Drivers/STM32G4xx_HAL_Driver/Src/stm32g4xx_hal_tim_ex.o
                0x0000000008004452                HAL_TIMEx_IndexErrorCallback
 .text.HAL_TIMEx_TransitionErrorCallback
                0x0000000008004454        0x2 Drivers/STM32G4xx_HAL_Driver/Src/stm32g4xx_hal_tim_ex.o
                0x0000000008004454                HAL_TIMEx_TransitionErrorCallback
 *fill*         0x0000000008004456        0x2 
 .text.UART_SetConfig
                0x0000000008004458      0x2bc Drivers/STM32G4xx_HAL_Driver/Src/stm32g4xx_hal_uart.o
                0x0000000008004458                UART_SetConfig
 .text.UART_AdvFeatureConfig
                0x0000000008004714       0xa8 Drivers/STM32G4xx_HAL_Driver/Src/stm32g4xx_hal_uart.o
                0x0000000008004714                UART_AdvFeatureConfig
 .text.UART_WaitOnFlagUntilTimeout
                0x00000000080047bc       0x8e Drivers/STM32G4xx_HAL_Driver/Src/stm32g4xx_hal_uart.o
                0x00000000080047bc                UART_WaitOnFlagUntilTimeout
 .text.HAL_UART_Transmit
                0x000000000800484a       0xb8 Drivers/STM32G4xx_HAL_Driver/Src/stm32g4xx_hal_uart.o
                0x000000000800484a                HAL_UART_Transmit
 .text.UART_CheckIdleState
                0x0000000008004902       0x66 Drivers/STM32G4xx_HAL_Driver/Src/stm32g4xx_hal_uart.o
                0x0000000008004902                UART_CheckIdleState
 .text.HAL_UART_Init
                0x0000000008004968       0x60 Drivers/STM32G4xx_HAL_Driver/Src/stm32g4xx_hal_uart.o
                0x0000000008004968                HAL_UART_Init
 .text.UARTEx_SetNbDataToProcess
                0x00000000080049c8       0x6c Drivers/STM32G4xx_HAL_Driver/Src/stm32g4xx_hal_uart_ex.o
 .text.HAL_UARTEx_DisableFifoMode
                0x0000000008004a34       0x36 Drivers/STM32G4xx_HAL_Driver/Src/stm32g4xx_hal_uart_ex.o
                0x0000000008004a34                HAL_UARTEx_DisableFifoMode
 .text.HAL_UARTEx_SetTxFifoThreshold
                0x0000000008004a6a       0x48 Drivers/STM32G4xx_HAL_Driver/Src/stm32g4xx_hal_uart_ex.o
                0x0000000008004a6a                HAL_UARTEx_SetTxFifoThreshold
 .text.HAL_UARTEx_SetRxFifoThreshold
                0x0000000008004ab2       0x48 Drivers/STM32G4xx_HAL_Driver/Src/stm32g4xx_hal_uart_ex.o
                0x0000000008004ab2                HAL_UARTEx_SetRxFifoThreshold
 *fill*         0x0000000008004afa        0x2 
 .text.osKernelInitialize
                0x0000000008004afc       0x34 Middlewares/Third_Party/FreeRTOS/Source/CMSIS_RTOS_V2/cmsis_os2.o
                0x0000000008004afc                osKernelInitialize
 .text.osKernelStart
                0x0000000008004b30       0x40 Middlewares/Third_Party/FreeRTOS/Source/CMSIS_RTOS_V2/cmsis_os2.o
                0x0000000008004b30                osKernelStart
 .text.osThreadNew
                0x0000000008004b70       0xac Middlewares/Third_Party/FreeRTOS/Source/CMSIS_RTOS_V2/cmsis_os2.o
                0x0000000008004b70                osThreadNew
 .text.osDelay  0x0000000008004c1c       0x34 Middlewares/Third_Party/FreeRTOS/Source/CMSIS_RTOS_V2/cmsis_os2.o
                0x0000000008004c1c                osDelay
 .text.vApplicationGetIdleTaskMemory
                0x0000000008004c50       0x18 Middlewares/Third_Party/FreeRTOS/Source/CMSIS_RTOS_V2/cmsis_os2.o
                0x0000000008004c50                vApplicationGetIdleTaskMemory
 .text.vApplicationGetTimerTaskMemory
                0x0000000008004c68       0x18 Middlewares/Third_Party/FreeRTOS/Source/CMSIS_RTOS_V2/cmsis_os2.o
                0x0000000008004c68                vApplicationGetTimerTaskMemory
 .text.vListInitialise
                0x0000000008004c80       0x16 Middlewares/Third_Party/FreeRTOS/Source/list.o
                0x0000000008004c80                vListInitialise
 .text.vListInitialiseItem
                0x0000000008004c96        0x6 Middlewares/Third_Party/FreeRTOS/Source/list.o
                0x0000000008004c96                vListInitialiseItem
 .text.vListInsertEnd
                0x0000000008004c9c       0x18 Middlewares/Third_Party/FreeRTOS/Source/list.o
                0x0000000008004c9c                vListInsertEnd
 .text.vListInsert
                0x0000000008004cb4       0x2e Middlewares/Third_Party/FreeRTOS/Source/list.o
                0x0000000008004cb4                vListInsert
 .text.uxListRemove
                0x0000000008004ce2       0x22 Middlewares/Third_Party/FreeRTOS/Source/list.o
                0x0000000008004ce2                uxListRemove
 .text.prvIsQueueEmpty
                0x0000000008004d04       0x16 Middlewares/Third_Party/FreeRTOS/Source/queue.o
 .text.prvCopyDataToQueue
                0x0000000008004d1a       0x66 Middlewares/Third_Party/FreeRTOS/Source/queue.o
 .text.prvCopyDataFromQueue
                0x0000000008004d80       0x2a Middlewares/Third_Party/FreeRTOS/Source/queue.o
 .text.prvUnlockQueue
                0x0000000008004daa       0x70 Middlewares/Third_Party/FreeRTOS/Source/queue.o
 *fill*         0x0000000008004e1a        0x2 
 .text.xQueueGenericReset
                0x0000000008004e1c       0x80 Middlewares/Third_Party/FreeRTOS/Source/queue.o
                0x0000000008004e1c                xQueueGenericReset
 .text.xQueueGenericCreateStatic
                0x0000000008004e9c       0x9c Middlewares/Third_Party/FreeRTOS/Source/queue.o
                0x0000000008004e9c                xQueueGenericCreateStatic
 .text.xQueueGenericSend
                0x0000000008004f38      0x164 Middlewares/Third_Party/FreeRTOS/Source/queue.o
                0x0000000008004f38                xQueueGenericSend
 .text.xQueueGenericSendFromISR
                0x000000000800509c       0xc2 Middlewares/Third_Party/FreeRTOS/Source/queue.o
                0x000000000800509c                xQueueGenericSendFromISR
 *fill*         0x000000000800515e        0x2 
 .text.xQueueReceive
                0x0000000008005160      0x140 Middlewares/Third_Party/FreeRTOS/Source/queue.o
                0x0000000008005160                xQueueReceive
 .text.vQueueAddToRegistry
                0x00000000080052a0       0x24 Middlewares/Third_Party/FreeRTOS/Source/queue.o
                0x00000000080052a0                vQueueAddToRegistry
 .text.vQueueWaitForMessageRestricted
                0x00000000080052c4       0x46 Middlewares/Third_Party/FreeRTOS/Source/queue.o
                0x00000000080052c4                vQueueWaitForMessageRestricted
 *fill*         0x000000000800530a        0x2 
 .text.prvAddNewTaskToReadyList
                0x000000000800530c      0x100 Middlewares/Third_Party/FreeRTOS/Source/tasks.o
 .text.prvDeleteTCB
                0x000000000800540c       0x36 Middlewares/Third_Party/FreeRTOS/Source/tasks.o
 *fill*         0x0000000008005442        0x2 
 .text.prvIdleTask
                0x0000000008005444       0x64 Middlewares/Third_Party/FreeRTOS/Source/tasks.o
 .text.prvResetNextTaskUnblockTime
                0x00000000080054a8       0x24 Middlewares/Third_Party/FreeRTOS/Source/tasks.o
 .text.prvInitialiseNewTask.isra.2
                0x00000000080054cc       0x96 Middlewares/Third_Party/FreeRTOS/Source/tasks.o
 *fill*         0x0000000008005562        0x2 
 .text.prvAddCurrentTaskToDelayedList
                0x0000000008005564       0x74 Middlewares/Third_Party/FreeRTOS/Source/tasks.o
 .text.xTaskCreateStatic
                0x00000000080055d8       0x70 Middlewares/Third_Party/FreeRTOS/Source/tasks.o
                0x00000000080055d8                xTaskCreateStatic
 .text.xTaskCreate
                0x0000000008005648       0x5a Middlewares/Third_Party/FreeRTOS/Source/tasks.o
                0x0000000008005648                xTaskCreate
 *fill*         0x00000000080056a2        0x2 
 .text.vTaskStartScheduler
                0x00000000080056a4       0x88 Middlewares/Third_Party/FreeRTOS/Source/tasks.o
                0x00000000080056a4                vTaskStartScheduler
 .text.vTaskSuspendAll
                0x000000000800572c       0x10 Middlewares/Third_Party/FreeRTOS/Source/tasks.o
                0x000000000800572c                vTaskSuspendAll
 .text.xTaskGetTickCount
                0x000000000800573c        0xc Middlewares/Third_Party/FreeRTOS/Source/tasks.o
                0x000000000800573c                xTaskGetTickCount
 .text.xTaskIncrementTick
                0x0000000008005748      0x120 Middlewares/Third_Party/FreeRTOS/Source/tasks.o
                0x0000000008005748                xTaskIncrementTick
 .text.xTaskResumeAll
                0x0000000008005868       0xe8 Middlewares/Third_Party/FreeRTOS/Source/tasks.o
                0x0000000008005868                xTaskResumeAll
 .text.vTaskDelay
                0x0000000008005950       0x48 Middlewares/Third_Party/FreeRTOS/Source/tasks.o
                0x0000000008005950                vTaskDelay
 .text.vTaskSwitchContext
                0x0000000008005998       0x78 Middlewares/Third_Party/FreeRTOS/Source/tasks.o
                0x0000000008005998                vTaskSwitchContext
 .text.vTaskPlaceOnEventList
                0x0000000008005a10       0x34 Middlewares/Third_Party/FreeRTOS/Source/tasks.o
                0x0000000008005a10                vTaskPlaceOnEventList
 .text.vTaskPlaceOnEventListRestricted
                0x0000000008005a44       0x3c Middlewares/Third_Party/FreeRTOS/Source/tasks.o
                0x0000000008005a44                vTaskPlaceOnEventListRestricted
 .text.xTaskRemoveFromEventList
                0x0000000008005a80       0x80 Middlewares/Third_Party/FreeRTOS/Source/tasks.o
                0x0000000008005a80                xTaskRemoveFromEventList
 .text.vTaskInternalSetTimeOutState
                0x0000000008005b00       0x18 Middlewares/Third_Party/FreeRTOS/Source/tasks.o
                0x0000000008005b00                vTaskInternalSetTimeOutState
 .text.xTaskCheckForTimeOut
                0x0000000008005b18       0x78 Middlewares/Third_Party/FreeRTOS/Source/tasks.o
                0x0000000008005b18                xTaskCheckForTimeOut
 .text.vTaskMissedYield
                0x0000000008005b90        0xc Middlewares/Third_Party/FreeRTOS/Source/tasks.o
                0x0000000008005b90                vTaskMissedYield
 .text.xTaskGetSchedulerState
                0x0000000008005b9c       0x20 Middlewares/Third_Party/FreeRTOS/Source/tasks.o
                0x0000000008005b9c                xTaskGetSchedulerState
 .text.xTaskPriorityDisinherit
                0x0000000008005bbc       0x84 Middlewares/Third_Party/FreeRTOS/Source/tasks.o
                0x0000000008005bbc                xTaskPriorityDisinherit
 .text.prvCheckForValidListAndQueue
                0x0000000008005c40       0x68 Middlewares/Third_Party/FreeRTOS/Source/timers.o
 .text.prvInsertTimerInActiveList
                0x0000000008005ca8       0x3c Middlewares/Third_Party/FreeRTOS/Source/timers.o
 .text.xTimerCreateTimerTask
                0x0000000008005ce4       0x64 Middlewares/Third_Party/FreeRTOS/Source/timers.o
                0x0000000008005ce4                xTimerCreateTimerTask
 .text.xTimerGenericCommand
                0x0000000008005d48       0x58 Middlewares/Third_Party/FreeRTOS/Source/timers.o
                0x0000000008005d48                xTimerGenericCommand
 .text.prvSwitchTimerLists
                0x0000000008005da0       0x80 Middlewares/Third_Party/FreeRTOS/Source/timers.o
 .text.prvTimerTask
                0x0000000008005e20      0x220 Middlewares/Third_Party/FreeRTOS/Source/timers.o
 .text.prvTaskExitError
                0x0000000008006040       0x40 Middlewares/Third_Party/FreeRTOS/Source/portable/GCC/ARM_CM4F/port.o
 .text.unlikely.prvPortStartFirstTask
                0x0000000008006080       0x28 Middlewares/Third_Party/FreeRTOS/Source/portable/GCC/ARM_CM4F/port.o
 .text.unlikely.vPortEnableVFP
                0x00000000080060a8       0x14 Middlewares/Third_Party/FreeRTOS/Source/portable/GCC/ARM_CM4F/port.o
 .text.pxPortInitialiseStack
                0x00000000080060bc       0x2c Middlewares/Third_Party/FreeRTOS/Source/portable/GCC/ARM_CM4F/port.o
                0x00000000080060bc                pxPortInitialiseStack
 *fill*         0x00000000080060e8        0x8 
 .text.SVC_Handler
                0x00000000080060f0       0x24 Middlewares/Third_Party/FreeRTOS/Source/portable/GCC/ARM_CM4F/port.o
                0x00000000080060f0                SVC_Handler
 .text.vPortEnterCritical
                0x0000000008006114       0x44 Middlewares/Third_Party/FreeRTOS/Source/portable/GCC/ARM_CM4F/port.o
                0x0000000008006114                vPortEnterCritical
 .text.vPortExitCritical
                0x0000000008006158       0x28 Middlewares/Third_Party/FreeRTOS/Source/portable/GCC/ARM_CM4F/port.o
                0x0000000008006158                vPortExitCritical
 .text.PendSV_Handler
                0x0000000008006180       0x64 Middlewares/Third_Party/FreeRTOS/Source/portable/GCC/ARM_CM4F/port.o
                0x0000000008006180                PendSV_Handler
 .text.xPortSysTickHandler
                0x00000000080061e4       0x2c Middlewares/Third_Party/FreeRTOS/Source/portable/GCC/ARM_CM4F/port.o
                0x00000000080061e4                xPortSysTickHandler
 .text.vPortSetupTimerInterrupt
                0x0000000008006210       0x34 Middlewares/Third_Party/FreeRTOS/Source/portable/GCC/ARM_CM4F/port.o
                0x0000000008006210                vPortSetupTimerInterrupt
 .text.xPortStartScheduler
                0x0000000008006244      0x10c Middlewares/Third_Party/FreeRTOS/Source/portable/GCC/ARM_CM4F/port.o
                0x0000000008006244                xPortStartScheduler
 .text.vPortValidateInterruptPriority
                0x0000000008006350       0x5c Middlewares/Third_Party/FreeRTOS/Source/portable/GCC/ARM_CM4F/port.o
                0x0000000008006350                vPortValidateInterruptPriority
 .text.unlikely.prvInsertBlockIntoFreeList
                0x00000000080063ac       0x48 Middlewares/Third_Party/FreeRTOS/Source/portable/MemMang/heap_4.o
 .text.pvPortMalloc
                0x00000000080063f4      0x118 Middlewares/Third_Party/FreeRTOS/Source/portable/MemMang/heap_4.o
                0x00000000080063f4                pvPortMalloc
 .text.vPortFree
                0x000000000800650c       0x70 Middlewares/Third_Party/FreeRTOS/Source/portable/MemMang/heap_4.o
                0x000000000800650c                vPortFree
 .text.__libc_init_array
                0x000000000800657c       0x48 /opt/st/stm32cubeide_1.5.1/plugins/com.st.stm32cube.ide.mcu.externaltools.gnu-tools-for-stm32.7-2018-q2-update.linux64_1.5.0.202011040924/tools/bin/../lib/gcc/arm-none-eabi/7.3.1/../../../../arm-none-eabi/lib/thumb/v7e-m/fpv4-sp/hard/libc_nano.a(lib_a-init.o)
                0x000000000800657c                __libc_init_array
 .text.memcpy   0x00000000080065c4       0x16 /opt/st/stm32cubeide_1.5.1/plugins/com.st.stm32cube.ide.mcu.externaltools.gnu-tools-for-stm32.7-2018-q2-update.linux64_1.5.0.202011040924/tools/bin/../lib/gcc/arm-none-eabi/7.3.1/../../../../arm-none-eabi/lib/thumb/v7e-m/fpv4-sp/hard/libc_nano.a(lib_a-memcpy-stub.o)
                0x00000000080065c4                memcpy
 .text.memset   0x00000000080065da       0x10 /opt/st/stm32cubeide_1.5.1/plugins/com.st.stm32cube.ide.mcu.externaltools.gnu-tools-for-stm32.7-2018-q2-update.linux64_1.5.0.202011040924/tools/bin/../lib/gcc/arm-none-eabi/7.3.1/../../../../arm-none-eabi/lib/thumb/v7e-m/fpv4-sp/hard/libc_nano.a(lib_a-memset.o)
                0x00000000080065da                memset
 .text.strncpy  0x00000000080065ea       0x2a /opt/st/stm32cubeide_1.5.1/plugins/com.st.stm32cube.ide.mcu.externaltools.gnu-tools-for-stm32.7-2018-q2-update.linux64_1.5.0.202011040924/tools/bin/../lib/gcc/arm-none-eabi/7.3.1/../../../../arm-none-eabi/lib/thumb/v7e-m/fpv4-sp/hard/libc_nano.a(lib_a-strncpy.o)
                0x00000000080065ea                strncpy
 *(.glue_7)
 .glue_7        0x0000000008006614        0x0 linker stubs
 *(.glue_7t)
 .glue_7t       0x0000000008006614        0x0 linker stubs
 *(.eh_frame)
 .eh_frame      0x0000000008006614        0x0 /opt/st/stm32cubeide_1.5.1/plugins/com.st.stm32cube.ide.mcu.externaltools.gnu-tools-for-stm32.7-2018-q2-update.linux64_1.5.0.202011040924/tools/bin/../lib/gcc/arm-none-eabi/7.3.1/thumb/v7e-m/fpv4-sp/hard/crtbegin.o
 *(.init)
 .init          0x0000000008006614        0x4 /opt/st/stm32cubeide_1.5.1/plugins/com.st.stm32cube.ide.mcu.externaltools.gnu-tools-for-stm32.7-2018-q2-update.linux64_1.5.0.202011040924/tools/bin/../lib/gcc/arm-none-eabi/7.3.1/thumb/v7e-m/fpv4-sp/hard/crti.o
                0x0000000008006614                _init
 .init          0x0000000008006618        0x8 /opt/st/stm32cubeide_1.5.1/plugins/com.st.stm32cube.ide.mcu.externaltools.gnu-tools-for-stm32.7-2018-q2-update.linux64_1.5.0.202011040924/tools/bin/../lib/gcc/arm-none-eabi/7.3.1/thumb/v7e-m/fpv4-sp/hard/crtn.o
 *(.fini)
 .fini          0x0000000008006620        0x4 /opt/st/stm32cubeide_1.5.1/plugins/com.st.stm32cube.ide.mcu.externaltools.gnu-tools-for-stm32.7-2018-q2-update.linux64_1.5.0.202011040924/tools/bin/../lib/gcc/arm-none-eabi/7.3.1/thumb/v7e-m/fpv4-sp/hard/crti.o
                0x0000000008006620                _fini
 .fini          0x0000000008006624        0x8 /opt/st/stm32cubeide_1.5.1/plugins/com.st.stm32cube.ide.mcu.externaltools.gnu-tools-for-stm32.7-2018-q2-update.linux64_1.5.0.202011040924/tools/bin/../lib/gcc/arm-none-eabi/7.3.1/thumb/v7e-m/fpv4-sp/hard/crtn.o
                0x000000000800662c                . = ALIGN (0x4)
                0x000000000800662c                _etext = .

.vfp11_veneer   0x000000000800662c        0x0
 .vfp11_veneer  0x000000000800662c        0x0 linker stubs

.v4_bx          0x000000000800662c        0x0
 .v4_bx         0x000000000800662c        0x0 linker stubs

.iplt           0x000000000800662c        0x0
 .iplt          0x000000000800662c        0x0 /opt/st/stm32cubeide_1.5.1/plugins/com.st.stm32cube.ide.mcu.externaltools.gnu-tools-for-stm32.7-2018-q2-update.linux64_1.5.0.202011040924/tools/bin/../lib/gcc/arm-none-eabi/7.3.1/thumb/v7e-m/fpv4-sp/hard/crtbegin.o

.rodata         0x000000000800662c      0x2f8
                0x000000000800662c                . = ALIGN (0x4)
 *(.rodata)
 .rodata        0x000000000800662c       0x11 Core/Src/interface_screens.o
 *(.rodata*)
 .rodata.getScreenOutputLed.str1.1
                0x000000000800663d       0xff Core/Src/interface_screens.o
 .rodata.getScreenOutputMenu.str1.1
                0x000000000800673c       0x76 Core/Src/interface_screens.o
 .rodata.getScreenOutputSong.str1.1
                0x00000000080067b2       0x55 Core/Src/interface_screens.o
 .rodata.getScreenOutputStart.str1.1
                0x0000000008006807       0x22 Core/Src/interface_screens.o
 .rodata.getScreenOutputVolume.str1.1
                0x0000000008006829        0xc Core/Src/interface_screens.o
 .rodata.CSWTCH.15
                0x0000000008006835        0x3 Core/Src/ledeffects.o
 .rodata.CSWTCH.16
                0x0000000008006838        0x3 Core/Src/ledeffects.o
 *fill*         0x000000000800683b        0x1 
 .rodata.InterfaceTask_attributes
                0x000000000800683c       0x24 Core/Src/main.o
                0x000000000800683c                InterfaceTask_attributes
 .rodata.LEDscreenDriver_attributes
                0x0000000008006860       0x24 Core/Src/main.o
                0x0000000008006860                LEDscreenDriver_attributes
 .rodata.mainTask_attributes
                0x0000000008006884       0x24 Core/Src/main.o
                0x0000000008006884                mainTask_attributes
 .rodata.str1.1
                0x00000000080068a8       0x27 Core/Src/main.o
 .rodata.AHBPrescTable
                0x00000000080068cf       0x10 Core/Src/system_stm32g4xx.o
                0x00000000080068cf                AHBPrescTable
 .rodata.APBPrescTable
                0x00000000080068df        0x8 Core/Src/system_stm32g4xx.o
                0x00000000080068df                APBPrescTable
 .rodata.CSWTCH.61
                0x00000000080068e7        0x4 Drivers/STM32G4xx_HAL_Driver/Src/stm32g4xx_hal_uart.o
 .rodata.CSWTCH.62
                0x00000000080068eb        0xd Drivers/STM32G4xx_HAL_Driver/Src/stm32g4xx_hal_uart.o
 .rodata.UARTPrescTable
                0x00000000080068f8       0x18 Drivers/STM32G4xx_HAL_Driver/Src/stm32g4xx_hal_uart.o
                0x00000000080068f8                UARTPrescTable
 .rodata.vTaskStartScheduler.str1.1
                0x0000000008006910        0x5 Middlewares/Third_Party/FreeRTOS/Source/tasks.o
 .rodata.prvCheckForValidListAndQueue.str1.1
                0x0000000008006915        0x5 Middlewares/Third_Party/FreeRTOS/Source/timers.o
 .rodata.xTimerCreateTimerTask.str1.1
                0x000000000800691a        0x8 Middlewares/Third_Party/FreeRTOS/Source/timers.o
                0x0000000008006924                . = ALIGN (0x4)
 *fill*         0x0000000008006922        0x2 

.ARM.extab      0x0000000008006924        0x0
                0x0000000008006924                . = ALIGN (0x4)
 *(.ARM.extab* .gnu.linkonce.armextab.*)
                0x0000000008006924                . = ALIGN (0x4)

.ARM            0x0000000008006924        0x8
                0x0000000008006924                . = ALIGN (0x4)
                0x0000000008006924                __exidx_start = .
 *(.ARM.exidx*)
 .ARM.exidx     0x0000000008006924        0x8 /opt/st/stm32cubeide_1.5.1/plugins/com.st.stm32cube.ide.mcu.externaltools.gnu-tools-for-stm32.7-2018-q2-update.linux64_1.5.0.202011040924/tools/bin/../lib/gcc/arm-none-eabi/7.3.1/thumb/v7e-m/fpv4-sp/hard/libgcc.a(_udivmoddi4.o)
                0x000000000800692c                __exidx_end = .
                0x000000000800692c                . = ALIGN (0x4)

.rel.dyn        0x000000000800692c        0x0
 .rel.iplt      0x000000000800692c        0x0 /opt/st/stm32cubeide_1.5.1/plugins/com.st.stm32cube.ide.mcu.externaltools.gnu-tools-for-stm32.7-2018-q2-update.linux64_1.5.0.202011040924/tools/bin/../lib/gcc/arm-none-eabi/7.3.1/thumb/v7e-m/fpv4-sp/hard/crtbegin.o

.preinit_array  0x000000000800692c        0x0
                0x000000000800692c                . = ALIGN (0x4)
                0x000000000800692c                PROVIDE (__preinit_array_start = .)
 *(.preinit_array*)
                0x000000000800692c                PROVIDE (__preinit_array_end = .)
                0x000000000800692c                . = ALIGN (0x4)

.init_array     0x000000000800692c        0x4
                0x000000000800692c                . = ALIGN (0x4)
                0x000000000800692c                PROVIDE (__init_array_start = .)
 *(SORT_BY_NAME(.init_array.*))
 *(.init_array*)
 .init_array    0x000000000800692c        0x4 /opt/st/stm32cubeide_1.5.1/plugins/com.st.stm32cube.ide.mcu.externaltools.gnu-tools-for-stm32.7-2018-q2-update.linux64_1.5.0.202011040924/tools/bin/../lib/gcc/arm-none-eabi/7.3.1/thumb/v7e-m/fpv4-sp/hard/crtbegin.o
                0x0000000008006930                PROVIDE (__init_array_end = .)
                0x0000000008006930                . = ALIGN (0x4)

.fini_array     0x0000000008006930        0x4
                0x0000000008006930                . = ALIGN (0x4)
                [!provide]                        PROVIDE (__fini_array_start = .)
 *(SORT_BY_NAME(.fini_array.*))
 *(.fini_array*)
 .fini_array    0x0000000008006930        0x4 /opt/st/stm32cubeide_1.5.1/plugins/com.st.stm32cube.ide.mcu.externaltools.gnu-tools-for-stm32.7-2018-q2-update.linux64_1.5.0.202011040924/tools/bin/../lib/gcc/arm-none-eabi/7.3.1/thumb/v7e-m/fpv4-sp/hard/crtbegin.o
                [!provide]                        PROVIDE (__fini_array_end = .)
                0x0000000008006934                . = ALIGN (0x4)
                0x0000000008006934                _sidata = LOADADDR (.data)

.data           0x0000000020000000       0xb4 load address 0x0000000008006934
                0x0000000020000000                . = ALIGN (0x4)
                0x0000000020000000                _sdata = .
 *(.data)
 *(.data*)
 .data.current_screen
                0x0000000020000000        0x1 Core/Src/interface.o
                0x0000000020000000                current_screen
 .data.last_registered_button
                0x0000000020000001        0x1 Core/Src/interface.o
                0x0000000020000001                last_registered_button
 .data.previous_screen
                0x0000000020000002        0x1 Core/Src/interface.o
                0x0000000020000002                previous_screen
 .data.screen_updated
                0x0000000020000003        0x1 Core/Src/interface.o
                0x0000000020000003                screen_updated
 .data.screens  0x0000000020000004       0xa0 Core/Src/interface_screens.o
                0x0000000020000004                screens
 .data.SystemCoreClock
                0x00000000200000a4        0x4 Core/Src/system_stm32g4xx.o
                0x00000000200000a4                SystemCoreClock
 .data.uwTickFreq
                0x00000000200000a8        0x4 Drivers/STM32G4xx_HAL_Driver/Src/stm32g4xx_hal.o
                0x00000000200000a8                uwTickFreq
 .data.uwTickPrio
                0x00000000200000ac        0x4 Drivers/STM32G4xx_HAL_Driver/Src/stm32g4xx_hal.o
                0x00000000200000ac                uwTickPrio
 .data.uxCriticalNesting
                0x00000000200000b0        0x4 Middlewares/Third_Party/FreeRTOS/Source/portable/GCC/ARM_CM4F/port.o
 *(.RamFunc)
 *(.RamFunc*)
                0x00000000200000b4                . = ALIGN (0x4)
                0x00000000200000b4                _edata = .

.igot.plt       0x00000000200000b4        0x0 load address 0x00000000080069e8
 .igot.plt      0x00000000200000b4        0x0 /opt/st/stm32cubeide_1.5.1/plugins/com.st.stm32cube.ide.mcu.externaltools.gnu-tools-for-stm32.7-2018-q2-update.linux64_1.5.0.202011040924/tools/bin/../lib/gcc/arm-none-eabi/7.3.1/thumb/v7e-m/fpv4-sp/hard/crtbegin.o
                0x00000000200000b4                . = ALIGN (0x4)

.bss            0x00000000200000b4     0x1c78 load address 0x00000000080069e8
                0x00000000200000b4                _sbss = .
                0x00000000200000b4                __bss_start__ = _sbss
 *(.bss)
 .bss           0x00000000200000b4       0x1c /opt/st/stm32cubeide_1.5.1/plugins/com.st.stm32cube.ide.mcu.externaltools.gnu-tools-for-stm32.7-2018-q2-update.linux64_1.5.0.202011040924/tools/bin/../lib/gcc/arm-none-eabi/7.3.1/thumb/v7e-m/fpv4-sp/hard/crtbegin.o
 *(.bss*)
 .bss.LED_enabled
                0x00000000200000d0        0x1 Core/Src/interface.o
                0x00000000200000d0                LED_enabled
 .bss.current_action
                0x00000000200000d1        0x2 Core/Src/interface.o
                0x00000000200000d1                current_action
 *fill*         0x00000000200000d3        0x1 
 .bss.popup_timer
                0x00000000200000d4        0x2 Core/Src/interface.o
                0x00000000200000d4                popup_timer
 *fill*         0x00000000200000d6        0x2 
 .bss.volume_delta
                0x00000000200000d8        0x4 Core/Src/interface.o
                0x00000000200000d8                volume_delta
 .bss.volume_level
                0x00000000200000dc        0x1 Core/Src/interface.o
                0x00000000200000dc                volume_level
 .bss.current_led_selection
                0x00000000200000dd        0x1 Core/Src/interface_screens.o
                0x00000000200000dd                current_led_selection
 .bss.current_menu_selection
                0x00000000200000de        0x1 Core/Src/interface_screens.o
                0x00000000200000de                current_menu_selection
 .bss.led_mode  0x00000000200000df        0x1 Core/Src/interface_screens.o
                0x00000000200000df                led_mode
 .bss.clock_status
                0x00000000200000e0        0x1 Core/Src/ledeffects.o
                0x00000000200000e0                clock_status
 .bss.screen_iterator
                0x00000000200000e1        0x1 Core/Src/ledeffects.o
                0x00000000200000e1                screen_iterator
 *fill*         0x00000000200000e2        0x2 
 .bss.Idle_Stack
                0x00000000200000e4      0x200 Middlewares/Third_Party/FreeRTOS/Source/CMSIS_RTOS_V2/cmsis_os2.o
 .bss.Idle_TCB  0x00000000200002e4       0x5c Middlewares/Third_Party/FreeRTOS/Source/CMSIS_RTOS_V2/cmsis_os2.o
 .bss.KernelState
                0x0000000020000340        0x4 Middlewares/Third_Party/FreeRTOS/Source/CMSIS_RTOS_V2/cmsis_os2.o
 .bss.Timer_Stack
                0x0000000020000344      0x400 Middlewares/Third_Party/FreeRTOS/Source/CMSIS_RTOS_V2/cmsis_os2.o
 .bss.Timer_TCB
                0x0000000020000744       0x5c Middlewares/Third_Party/FreeRTOS/Source/CMSIS_RTOS_V2/cmsis_os2.o
 .bss.pxCurrentTCB
                0x00000000200007a0        0x4 Middlewares/Third_Party/FreeRTOS/Source/tasks.o
                0x00000000200007a0                pxCurrentTCB
 .bss.pxDelayedTaskList
                0x00000000200007a4        0x4 Middlewares/Third_Party/FreeRTOS/Source/tasks.o
 .bss.pxOverflowDelayedTaskList
                0x00000000200007a8        0x4 Middlewares/Third_Party/FreeRTOS/Source/tasks.o
 .bss.pxReadyTasksLists
                0x00000000200007ac      0x460 Middlewares/Third_Party/FreeRTOS/Source/tasks.o
 .bss.uxCurrentNumberOfTasks
                0x0000000020000c0c        0x4 Middlewares/Third_Party/FreeRTOS/Source/tasks.o
 .bss.uxDeletedTasksWaitingCleanUp
                0x0000000020000c10        0x4 Middlewares/Third_Party/FreeRTOS/Source/tasks.o
 .bss.uxPendedTicks
                0x0000000020000c14        0x4 Middlewares/Third_Party/FreeRTOS/Source/tasks.o
 .bss.uxSchedulerSuspended
                0x0000000020000c18        0x4 Middlewares/Third_Party/FreeRTOS/Source/tasks.o
 .bss.uxTaskNumber
                0x0000000020000c1c        0x4 Middlewares/Third_Party/FreeRTOS/Source/tasks.o
 .bss.uxTopReadyPriority
                0x0000000020000c20        0x4 Middlewares/Third_Party/FreeRTOS/Source/tasks.o
 .bss.xDelayedTaskList1
                0x0000000020000c24       0x14 Middlewares/Third_Party/FreeRTOS/Source/tasks.o
 .bss.xDelayedTaskList2
                0x0000000020000c38       0x14 Middlewares/Third_Party/FreeRTOS/Source/tasks.o
 .bss.xNextTaskUnblockTime
                0x0000000020000c4c        0x4 Middlewares/Third_Party/FreeRTOS/Source/tasks.o
 .bss.xNumOfOverflows
                0x0000000020000c50        0x4 Middlewares/Third_Party/FreeRTOS/Source/tasks.o
 .bss.xPendingReadyList
                0x0000000020000c54       0x14 Middlewares/Third_Party/FreeRTOS/Source/tasks.o
 .bss.xSchedulerRunning
                0x0000000020000c68        0x4 Middlewares/Third_Party/FreeRTOS/Source/tasks.o
 .bss.xSuspendedTaskList
                0x0000000020000c6c       0x14 Middlewares/Third_Party/FreeRTOS/Source/tasks.o
 .bss.xTasksWaitingTermination
                0x0000000020000c80       0x14 Middlewares/Third_Party/FreeRTOS/Source/tasks.o
 .bss.xTickCount
                0x0000000020000c94        0x4 Middlewares/Third_Party/FreeRTOS/Source/tasks.o
 .bss.xYieldPending
                0x0000000020000c98        0x4 Middlewares/Third_Party/FreeRTOS/Source/tasks.o
 .bss.pxCurrentTimerList
                0x0000000020000c9c        0x4 Middlewares/Third_Party/FreeRTOS/Source/timers.o
 .bss.pxOverflowTimerList
                0x0000000020000ca0        0x4 Middlewares/Third_Party/FreeRTOS/Source/timers.o
 .bss.ucStaticTimerQueueStorage.6794
                0x0000000020000ca4       0xa0 Middlewares/Third_Party/FreeRTOS/Source/timers.o
 .bss.xActiveTimerList1
                0x0000000020000d44       0x14 Middlewares/Third_Party/FreeRTOS/Source/timers.o
 .bss.xActiveTimerList2
                0x0000000020000d58       0x14 Middlewares/Third_Party/FreeRTOS/Source/timers.o
 .bss.xLastTime.6743
                0x0000000020000d6c        0x4 Middlewares/Third_Party/FreeRTOS/Source/timers.o
 .bss.xStaticTimerQueue.6793
                0x0000000020000d70       0x50 Middlewares/Third_Party/FreeRTOS/Source/timers.o
 .bss.xTimerQueue
                0x0000000020000dc0        0x4 Middlewares/Third_Party/FreeRTOS/Source/timers.o
 .bss.xTimerTaskHandle
                0x0000000020000dc4        0x4 Middlewares/Third_Party/FreeRTOS/Source/timers.o
 .bss.ucMaxSysCallPriority
                0x0000000020000dc8        0x1 Middlewares/Third_Party/FreeRTOS/Source/portable/GCC/ARM_CM4F/port.o
 *fill*         0x0000000020000dc9        0x3 
 .bss.ulMaxPRIGROUPValue
                0x0000000020000dcc        0x4 Middlewares/Third_Party/FreeRTOS/Source/portable/GCC/ARM_CM4F/port.o
 .bss.pxEnd     0x0000000020000dd0        0x4 Middlewares/Third_Party/FreeRTOS/Source/portable/MemMang/heap_4.o
 .bss.ucHeap    0x0000000020000dd4      0xc00 Middlewares/Third_Party/FreeRTOS/Source/portable/MemMang/heap_4.o
 .bss.xBlockAllocatedBit
                0x00000000200019d4        0x4 Middlewares/Third_Party/FreeRTOS/Source/portable/MemMang/heap_4.o
 .bss.xFreeBytesRemaining
                0x00000000200019d8        0x4 Middlewares/Third_Party/FreeRTOS/Source/portable/MemMang/heap_4.o
 .bss.xMinimumEverFreeBytesRemaining
                0x00000000200019dc        0x4 Middlewares/Third_Party/FreeRTOS/Source/portable/MemMang/heap_4.o
 .bss.xStart    0x00000000200019e0        0x8 Middlewares/Third_Party/FreeRTOS/Source/portable/MemMang/heap_4.o
 *(COMMON)
 COMMON         0x00000000200019e8        0x4 Core/Src/LCD1602.o
                0x00000000200019e8                htim6
 COMMON         0x00000000200019ec        0x4 Core/Src/appmain.o
                0x00000000200019ec                hi2c_handler
 COMMON         0x00000000200019f0        0xc Core/Src/interface.o
                0x00000000200019f0                i2c_handle
                0x00000000200019f4                tim_handle
                0x00000000200019f8                value_adc
 COMMON         0x00000000200019fc      0x104 Core/Src/ledeffects.o
                0x00000000200019fc                timer_handle
                0x0000000020001a00                screen_io
 COMMON         0x0000000020001b00      0x1e8 Core/Src/main.o
                0x0000000020001b00                mainTaskHandle
                0x0000000020001b04                LEDscreenDriverHandle
                0x0000000020001b08                hi2c1
                0x0000000020001b54                InterfaceTaskHandle
                0x0000000020001b58                hadc1
                0x0000000020001bc4                huart2
                0x0000000020001c50                htim16
                0x0000000020001c9c                htim7
 COMMON         0x0000000020001ce8        0x4 Drivers/STM32G4xx_HAL_Driver/Src/stm32g4xx_hal.o
                0x0000000020001ce8                uwTick
 COMMON         0x0000000020001cec       0x40 Middlewares/Third_Party/FreeRTOS/Source/queue.o
                0x0000000020001cec                xQueueRegistry
                0x0000000020001d2c                . = ALIGN (0x4)
                0x0000000020001d2c                _ebss = .
                0x0000000020001d2c                __bss_end__ = _ebss

._user_heap_stack
                0x0000000020001d2c      0x604 load address 0x00000000080069e8
                0x0000000020001d30                . = ALIGN (0x8)
 *fill*         0x0000000020001d2c        0x4 
                [!provide]                        PROVIDE (end = .)
                0x0000000020001d30                PROVIDE (_end = .)
                0x0000000020001f30                . = (. + _Min_Heap_Size)
 *fill*         0x0000000020001d30      0x200 
                0x0000000020002330                . = (. + _Min_Stack_Size)
 *fill*         0x0000000020001f30      0x400 
                0x0000000020002330                . = ALIGN (0x8)

/DISCARD/
 libc.a(*)
 libm.a(*)
 libgcc.a(*)

.ARM.attributes
                0x0000000000000000       0x30
 *(.ARM.attributes)
 .ARM.attributes
                0x0000000000000000       0x22 /opt/st/stm32cubeide_1.5.1/plugins/com.st.stm32cube.ide.mcu.externaltools.gnu-tools-for-stm32.7-2018-q2-update.linux64_1.5.0.202011040924/tools/bin/../lib/gcc/arm-none-eabi/7.3.1/thumb/v7e-m/fpv4-sp/hard/crti.o
 .ARM.attributes
                0x0000000000000022       0x34 /opt/st/stm32cubeide_1.5.1/plugins/com.st.stm32cube.ide.mcu.externaltools.gnu-tools-for-stm32.7-2018-q2-update.linux64_1.5.0.202011040924/tools/bin/../lib/gcc/arm-none-eabi/7.3.1/thumb/v7e-m/fpv4-sp/hard/crtbegin.o
 .ARM.attributes
                0x0000000000000056       0x39 Core/Src/LCD1602.o
 .ARM.attributes
                0x000000000000008f       0x39 Core/Src/appmain.o
 .ARM.attributes
                0x00000000000000c8       0x39 Core/Src/bluetooth_uart.o
 .ARM.attributes
                0x0000000000000101       0x39 Core/Src/interface.o
 .ARM.attributes
                0x000000000000013a       0x39 Core/Src/interface_screens.o
 .ARM.attributes
                0x0000000000000173       0x39 Core/Src/ledeffects.o
 .ARM.attributes
                0x00000000000001ac       0x39 Core/Src/main.o
 .ARM.attributes
                0x00000000000001e5       0x39 Core/Src/stm32g4xx_hal_msp.o
 .ARM.attributes
                0x000000000000021e       0x39 Core/Src/stm32g4xx_it.o
 .ARM.attributes
                0x0000000000000257       0x39 Core/Src/system_stm32g4xx.o
 .ARM.attributes
                0x0000000000000290       0x21 Core/Startup/startup_stm32g431kbtx.o
 .ARM.attributes
                0x00000000000002b1       0x39 Drivers/STM32G4xx_HAL_Driver/Src/stm32g4xx_hal.o
 .ARM.attributes
                0x00000000000002ea       0x39 Drivers/STM32G4xx_HAL_Driver/Src/stm32g4xx_hal_adc.o
 .ARM.attributes
                0x0000000000000323       0x39 Drivers/STM32G4xx_HAL_Driver/Src/stm32g4xx_hal_adc_ex.o
 .ARM.attributes
                0x000000000000035c       0x39 Drivers/STM32G4xx_HAL_Driver/Src/stm32g4xx_hal_cortex.o
 .ARM.attributes
                0x0000000000000395       0x39 Drivers/STM32G4xx_HAL_Driver/Src/stm32g4xx_hal_gpio.o
 .ARM.attributes
                0x00000000000003ce       0x39 Drivers/STM32G4xx_HAL_Driver/Src/stm32g4xx_hal_i2c.o
 .ARM.attributes
                0x0000000000000407       0x39 Drivers/STM32G4xx_HAL_Driver/Src/stm32g4xx_hal_i2c_ex.o
 .ARM.attributes
                0x0000000000000440       0x39 Drivers/STM32G4xx_HAL_Driver/Src/stm32g4xx_hal_pwr_ex.o
 .ARM.attributes
                0x0000000000000479       0x39 Drivers/STM32G4xx_HAL_Driver/Src/stm32g4xx_hal_rcc.o
 .ARM.attributes
                0x00000000000004b2       0x39 Drivers/STM32G4xx_HAL_Driver/Src/stm32g4xx_hal_rcc_ex.o
 .ARM.attributes
                0x00000000000004eb       0x39 Drivers/STM32G4xx_HAL_Driver/Src/stm32g4xx_hal_tim.o
 .ARM.attributes
                0x0000000000000524       0x39 Drivers/STM32G4xx_HAL_Driver/Src/stm32g4xx_hal_tim_ex.o
 .ARM.attributes
                0x000000000000055d       0x39 Drivers/STM32G4xx_HAL_Driver/Src/stm32g4xx_hal_uart.o
 .ARM.attributes
                0x0000000000000596       0x39 Drivers/STM32G4xx_HAL_Driver/Src/stm32g4xx_hal_uart_ex.o
 .ARM.attributes
                0x00000000000005cf       0x39 Middlewares/Third_Party/FreeRTOS/Source/CMSIS_RTOS_V2/cmsis_os2.o
 .ARM.attributes
                0x0000000000000608       0x39 Middlewares/Third_Party/FreeRTOS/Source/list.o
 .ARM.attributes
                0x0000000000000641       0x39 Middlewares/Third_Party/FreeRTOS/Source/queue.o
 .ARM.attributes
                0x000000000000067a       0x39 Middlewares/Third_Party/FreeRTOS/Source/tasks.o
 .ARM.attributes
                0x00000000000006b3       0x39 Middlewares/Third_Party/FreeRTOS/Source/timers.o
 .ARM.attributes
                0x00000000000006ec       0x39 Middlewares/Third_Party/FreeRTOS/Source/portable/GCC/ARM_CM4F/port.o
 .ARM.attributes
                0x0000000000000725       0x39 Middlewares/Third_Party/FreeRTOS/Source/portable/MemMang/heap_4.o
 .ARM.attributes
                0x000000000000075e       0x34 /opt/st/stm32cubeide_1.5.1/plugins/com.st.stm32cube.ide.mcu.externaltools.gnu-tools-for-stm32.7-2018-q2-update.linux64_1.5.0.202011040924/tools/bin/../lib/gcc/arm-none-eabi/7.3.1/../../../../arm-none-eabi/lib/thumb/v7e-m/fpv4-sp/hard/libc_nano.a(lib_a-init.o)
 .ARM.attributes
                0x0000000000000792       0x34 /opt/st/stm32cubeide_1.5.1/plugins/com.st.stm32cube.ide.mcu.externaltools.gnu-tools-for-stm32.7-2018-q2-update.linux64_1.5.0.202011040924/tools/bin/../lib/gcc/arm-none-eabi/7.3.1/../../../../arm-none-eabi/lib/thumb/v7e-m/fpv4-sp/hard/libc_nano.a(lib_a-memcpy-stub.o)
 .ARM.attributes
                0x00000000000007c6       0x34 /opt/st/stm32cubeide_1.5.1/plugins/com.st.stm32cube.ide.mcu.externaltools.gnu-tools-for-stm32.7-2018-q2-update.linux64_1.5.0.202011040924/tools/bin/../lib/gcc/arm-none-eabi/7.3.1/../../../../arm-none-eabi/lib/thumb/v7e-m/fpv4-sp/hard/libc_nano.a(lib_a-memset.o)
 .ARM.attributes
                0x00000000000007fa       0x1b /opt/st/stm32cubeide_1.5.1/plugins/com.st.stm32cube.ide.mcu.externaltools.gnu-tools-for-stm32.7-2018-q2-update.linux64_1.5.0.202011040924/tools/bin/../lib/gcc/arm-none-eabi/7.3.1/../../../../arm-none-eabi/lib/thumb/v7e-m/fpv4-sp/hard/libc_nano.a(lib_a-strlen.o)
 .ARM.attributes
                0x0000000000000815       0x34 /opt/st/stm32cubeide_1.5.1/plugins/com.st.stm32cube.ide.mcu.externaltools.gnu-tools-for-stm32.7-2018-q2-update.linux64_1.5.0.202011040924/tools/bin/../lib/gcc/arm-none-eabi/7.3.1/../../../../arm-none-eabi/lib/thumb/v7e-m/fpv4-sp/hard/libc_nano.a(lib_a-strncpy.o)
 .ARM.attributes
                0x0000000000000849       0x22 /opt/st/stm32cubeide_1.5.1/plugins/com.st.stm32cube.ide.mcu.externaltools.gnu-tools-for-stm32.7-2018-q2-update.linux64_1.5.0.202011040924/tools/bin/../lib/gcc/arm-none-eabi/7.3.1/thumb/v7e-m/fpv4-sp/hard/libgcc.a(_arm_addsubdf3.o)
 .ARM.attributes
                0x000000000000086b       0x22 /opt/st/stm32cubeide_1.5.1/plugins/com.st.stm32cube.ide.mcu.externaltools.gnu-tools-for-stm32.7-2018-q2-update.linux64_1.5.0.202011040924/tools/bin/../lib/gcc/arm-none-eabi/7.3.1/thumb/v7e-m/fpv4-sp/hard/libgcc.a(_arm_muldivdf3.o)
 .ARM.attributes
                0x000000000000088d       0x22 /opt/st/stm32cubeide_1.5.1/plugins/com.st.stm32cube.ide.mcu.externaltools.gnu-tools-for-stm32.7-2018-q2-update.linux64_1.5.0.202011040924/tools/bin/../lib/gcc/arm-none-eabi/7.3.1/thumb/v7e-m/fpv4-sp/hard/libgcc.a(_arm_fixunsdfsi.o)
 .ARM.attributes
                0x00000000000008af       0x22 /opt/st/stm32cubeide_1.5.1/plugins/com.st.stm32cube.ide.mcu.externaltools.gnu-tools-for-stm32.7-2018-q2-update.linux64_1.5.0.202011040924/tools/bin/../lib/gcc/arm-none-eabi/7.3.1/thumb/v7e-m/fpv4-sp/hard/libgcc.a(_aeabi_uldivmod.o)
 .ARM.attributes
                0x00000000000008d1       0x34 /opt/st/stm32cubeide_1.5.1/plugins/com.st.stm32cube.ide.mcu.externaltools.gnu-tools-for-stm32.7-2018-q2-update.linux64_1.5.0.202011040924/tools/bin/../lib/gcc/arm-none-eabi/7.3.1/thumb/v7e-m/fpv4-sp/hard/libgcc.a(_udivmoddi4.o)
 .ARM.attributes
                0x0000000000000905       0x22 /opt/st/stm32cubeide_1.5.1/plugins/com.st.stm32cube.ide.mcu.externaltools.gnu-tools-for-stm32.7-2018-q2-update.linux64_1.5.0.202011040924/tools/bin/../lib/gcc/arm-none-eabi/7.3.1/thumb/v7e-m/fpv4-sp/hard/libgcc.a(_dvmd_tls.o)
 .ARM.attributes
                0x0000000000000927       0x22 /opt/st/stm32cubeide_1.5.1/plugins/com.st.stm32cube.ide.mcu.externaltools.gnu-tools-for-stm32.7-2018-q2-update.linux64_1.5.0.202011040924/tools/bin/../lib/gcc/arm-none-eabi/7.3.1/thumb/v7e-m/fpv4-sp/hard/crtn.o
OUTPUT(EE5BoomBox3.elf elf32-littlearm)

.comment        0x0000000000000000       0x7b
 .comment       0x0000000000000000       0x7b Core/Src/LCD1602.o
                                         0x7c (size before relaxing)
 .comment       0x000000000000007b       0x7c Core/Src/appmain.o
 .comment       0x000000000000007b       0x7c Core/Src/bluetooth_uart.o
 .comment       0x000000000000007b       0x7c Core/Src/interface.o
 .comment       0x000000000000007b       0x7c Core/Src/interface_screens.o
 .comment       0x000000000000007b       0x7c Core/Src/ledeffects.o
 .comment       0x000000000000007b       0x7c Core/Src/main.o
 .comment       0x000000000000007b       0x7c Core/Src/stm32g4xx_hal_msp.o
 .comment       0x000000000000007b       0x7c Core/Src/stm32g4xx_it.o
 .comment       0x000000000000007b       0x7c Core/Src/system_stm32g4xx.o
 .comment       0x000000000000007b       0x7c Drivers/STM32G4xx_HAL_Driver/Src/stm32g4xx_hal.o
 .comment       0x000000000000007b       0x7c Drivers/STM32G4xx_HAL_Driver/Src/stm32g4xx_hal_adc.o
 .comment       0x000000000000007b       0x7c Drivers/STM32G4xx_HAL_Driver/Src/stm32g4xx_hal_adc_ex.o
 .comment       0x000000000000007b       0x7c Drivers/STM32G4xx_HAL_Driver/Src/stm32g4xx_hal_cortex.o
 .comment       0x000000000000007b       0x7c Drivers/STM32G4xx_HAL_Driver/Src/stm32g4xx_hal_gpio.o
 .comment       0x000000000000007b       0x7c Drivers/STM32G4xx_HAL_Driver/Src/stm32g4xx_hal_i2c.o
 .comment       0x000000000000007b       0x7c Drivers/STM32G4xx_HAL_Driver/Src/stm32g4xx_hal_i2c_ex.o
 .comment       0x000000000000007b       0x7c Drivers/STM32G4xx_HAL_Driver/Src/stm32g4xx_hal_pwr_ex.o
 .comment       0x000000000000007b       0x7c Drivers/STM32G4xx_HAL_Driver/Src/stm32g4xx_hal_rcc.o
 .comment       0x000000000000007b       0x7c Drivers/STM32G4xx_HAL_Driver/Src/stm32g4xx_hal_rcc_ex.o
 .comment       0x000000000000007b       0x7c Drivers/STM32G4xx_HAL_Driver/Src/stm32g4xx_hal_tim.o
 .comment       0x000000000000007b       0x7c Drivers/STM32G4xx_HAL_Driver/Src/stm32g4xx_hal_tim_ex.o
 .comment       0x000000000000007b       0x7c Drivers/STM32G4xx_HAL_Driver/Src/stm32g4xx_hal_uart.o
 .comment       0x000000000000007b       0x7c Drivers/STM32G4xx_HAL_Driver/Src/stm32g4xx_hal_uart_ex.o
 .comment       0x000000000000007b       0x7c Middlewares/Third_Party/FreeRTOS/Source/CMSIS_RTOS_V2/cmsis_os2.o
 .comment       0x000000000000007b       0x7c Middlewares/Third_Party/FreeRTOS/Source/list.o
 .comment       0x000000000000007b       0x7c Middlewares/Third_Party/FreeRTOS/Source/queue.o
 .comment       0x000000000000007b       0x7c Middlewares/Third_Party/FreeRTOS/Source/tasks.o
 .comment       0x000000000000007b       0x7c Middlewares/Third_Party/FreeRTOS/Source/timers.o
 .comment       0x000000000000007b       0x7c Middlewares/Third_Party/FreeRTOS/Source/portable/GCC/ARM_CM4F/port.o
 .comment       0x000000000000007b       0x7c Middlewares/Third_Party/FreeRTOS/Source/portable/MemMang/heap_4.o

.debug_frame    0x0000000000000000      0x220
 .debug_frame   0x0000000000000000       0x2c /opt/st/stm32cubeide_1.5.1/plugins/com.st.stm32cube.ide.mcu.externaltools.gnu-tools-for-stm32.7-2018-q2-update.linux64_1.5.0.202011040924/tools/bin/../lib/gcc/arm-none-eabi/7.3.1/../../../../arm-none-eabi/lib/thumb/v7e-m/fpv4-sp/hard/libc_nano.a(lib_a-init.o)
 .debug_frame   0x000000000000002c       0x28 /opt/st/stm32cubeide_1.5.1/plugins/com.st.stm32cube.ide.mcu.externaltools.gnu-tools-for-stm32.7-2018-q2-update.linux64_1.5.0.202011040924/tools/bin/../lib/gcc/arm-none-eabi/7.3.1/../../../../arm-none-eabi/lib/thumb/v7e-m/fpv4-sp/hard/libc_nano.a(lib_a-memcpy-stub.o)
 .debug_frame   0x0000000000000054       0x20 /opt/st/stm32cubeide_1.5.1/plugins/com.st.stm32cube.ide.mcu.externaltools.gnu-tools-for-stm32.7-2018-q2-update.linux64_1.5.0.202011040924/tools/bin/../lib/gcc/arm-none-eabi/7.3.1/../../../../arm-none-eabi/lib/thumb/v7e-m/fpv4-sp/hard/libc_nano.a(lib_a-memset.o)
 .debug_frame   0x0000000000000074       0x2c /opt/st/stm32cubeide_1.5.1/plugins/com.st.stm32cube.ide.mcu.externaltools.gnu-tools-for-stm32.7-2018-q2-update.linux64_1.5.0.202011040924/tools/bin/../lib/gcc/arm-none-eabi/7.3.1/../../../../arm-none-eabi/lib/thumb/v7e-m/fpv4-sp/hard/libc_nano.a(lib_a-strncpy.o)
 .debug_frame   0x00000000000000a0       0xac /opt/st/stm32cubeide_1.5.1/plugins/com.st.stm32cube.ide.mcu.externaltools.gnu-tools-for-stm32.7-2018-q2-update.linux64_1.5.0.202011040924/tools/bin/../lib/gcc/arm-none-eabi/7.3.1/thumb/v7e-m/fpv4-sp/hard/libgcc.a(_arm_addsubdf3.o)
 .debug_frame   0x000000000000014c       0x50 /opt/st/stm32cubeide_1.5.1/plugins/com.st.stm32cube.ide.mcu.externaltools.gnu-tools-for-stm32.7-2018-q2-update.linux64_1.5.0.202011040924/tools/bin/../lib/gcc/arm-none-eabi/7.3.1/thumb/v7e-m/fpv4-sp/hard/libgcc.a(_arm_muldivdf3.o)
 .debug_frame   0x000000000000019c       0x24 /opt/st/stm32cubeide_1.5.1/plugins/com.st.stm32cube.ide.mcu.externaltools.gnu-tools-for-stm32.7-2018-q2-update.linux64_1.5.0.202011040924/tools/bin/../lib/gcc/arm-none-eabi/7.3.1/thumb/v7e-m/fpv4-sp/hard/libgcc.a(_arm_fixunsdfsi.o)
 .debug_frame   0x00000000000001c0       0x2c /opt/st/stm32cubeide_1.5.1/plugins/com.st.stm32cube.ide.mcu.externaltools.gnu-tools-for-stm32.7-2018-q2-update.linux64_1.5.0.202011040924/tools/bin/../lib/gcc/arm-none-eabi/7.3.1/thumb/v7e-m/fpv4-sp/hard/libgcc.a(_aeabi_uldivmod.o)
 .debug_frame   0x00000000000001ec       0x34 /opt/st/stm32cubeide_1.5.1/plugins/com.st.stm32cube.ide.mcu.externaltools.gnu-tools-for-stm32.7-2018-q2-update.linux64_1.5.0.202011040924/tools/bin/../lib/gcc/arm-none-eabi/7.3.1/thumb/v7e-m/fpv4-sp/hard/libgcc.a(_udivmoddi4.o)
